Archive member included to satisfy reference by file (symbol)

c:/st/stm32cubeide_1.1.0/stm32cubeide/plugins/com.st.stm32cube.ide.mcu.externaltools.gnu-tools-for-stm32.7-2018-q2-update.win32_1.0.0.201904181610/tools/bin/../lib/gcc/arm-none-eabi/7.3.1/../../../../arm-none-eabi/lib/thumb/v7e-m/fpv4-sp/hard\libc_nano.a(lib_a-errno.o)
                              Core/Src/syscalls.o (__errno)
c:/st/stm32cubeide_1.1.0/stm32cubeide/plugins/com.st.stm32cube.ide.mcu.externaltools.gnu-tools-for-stm32.7-2018-q2-update.win32_1.0.0.201904181610/tools/bin/../lib/gcc/arm-none-eabi/7.3.1/../../../../arm-none-eabi/lib/thumb/v7e-m/fpv4-sp/hard\libc_nano.a(lib_a-exit.o)
                              c:/st/stm32cubeide_1.1.0/stm32cubeide/plugins/com.st.stm32cube.ide.mcu.externaltools.gnu-tools-for-stm32.7-2018-q2-update.win32_1.0.0.201904181610/tools/bin/../lib/gcc/arm-none-eabi/7.3.1/../../../../arm-none-eabi/lib/thumb/v7e-m/fpv4-sp/hard/crt0.o (exit)
c:/st/stm32cubeide_1.1.0/stm32cubeide/plugins/com.st.stm32cube.ide.mcu.externaltools.gnu-tools-for-stm32.7-2018-q2-update.win32_1.0.0.201904181610/tools/bin/../lib/gcc/arm-none-eabi/7.3.1/../../../../arm-none-eabi/lib/thumb/v7e-m/fpv4-sp/hard\libc_nano.a(lib_a-impure.o)
                              c:/st/stm32cubeide_1.1.0/stm32cubeide/plugins/com.st.stm32cube.ide.mcu.externaltools.gnu-tools-for-stm32.7-2018-q2-update.win32_1.0.0.201904181610/tools/bin/../lib/gcc/arm-none-eabi/7.3.1/../../../../arm-none-eabi/lib/thumb/v7e-m/fpv4-sp/hard\libc_nano.a(lib_a-exit.o) (_global_impure_ptr)
c:/st/stm32cubeide_1.1.0/stm32cubeide/plugins/com.st.stm32cube.ide.mcu.externaltools.gnu-tools-for-stm32.7-2018-q2-update.win32_1.0.0.201904181610/tools/bin/../lib/gcc/arm-none-eabi/7.3.1/../../../../arm-none-eabi/lib/thumb/v7e-m/fpv4-sp/hard\libc_nano.a(lib_a-init.o)
                              c:/st/stm32cubeide_1.1.0/stm32cubeide/plugins/com.st.stm32cube.ide.mcu.externaltools.gnu-tools-for-stm32.7-2018-q2-update.win32_1.0.0.201904181610/tools/bin/../lib/gcc/arm-none-eabi/7.3.1/../../../../arm-none-eabi/lib/thumb/v7e-m/fpv4-sp/hard/crt0.o (__libc_init_array)
c:/st/stm32cubeide_1.1.0/stm32cubeide/plugins/com.st.stm32cube.ide.mcu.externaltools.gnu-tools-for-stm32.7-2018-q2-update.win32_1.0.0.201904181610/tools/bin/../lib/gcc/arm-none-eabi/7.3.1/../../../../arm-none-eabi/lib/thumb/v7e-m/fpv4-sp/hard\libc_nano.a(lib_a-memset.o)
                              c:/st/stm32cubeide_1.1.0/stm32cubeide/plugins/com.st.stm32cube.ide.mcu.externaltools.gnu-tools-for-stm32.7-2018-q2-update.win32_1.0.0.201904181610/tools/bin/../lib/gcc/arm-none-eabi/7.3.1/../../../../arm-none-eabi/lib/thumb/v7e-m/fpv4-sp/hard/crt0.o (memset)
c:/st/stm32cubeide_1.1.0/stm32cubeide/plugins/com.st.stm32cube.ide.mcu.externaltools.gnu-tools-for-stm32.7-2018-q2-update.win32_1.0.0.201904181610/tools/bin/../lib/gcc/arm-none-eabi/7.3.1/thumb/v7e-m/fpv4-sp/hard\libgcc.a(_arm_addsubdf3.o)
                              Core/Src/main.o (__aeabi_i2d)
c:/st/stm32cubeide_1.1.0/stm32cubeide/plugins/com.st.stm32cube.ide.mcu.externaltools.gnu-tools-for-stm32.7-2018-q2-update.win32_1.0.0.201904181610/tools/bin/../lib/gcc/arm-none-eabi/7.3.1/thumb/v7e-m/fpv4-sp/hard\libgcc.a(_arm_muldivdf3.o)
                              Core/Src/main.o (__aeabi_dmul)
c:/st/stm32cubeide_1.1.0/stm32cubeide/plugins/com.st.stm32cube.ide.mcu.externaltools.gnu-tools-for-stm32.7-2018-q2-update.win32_1.0.0.201904181610/tools/bin/../lib/gcc/arm-none-eabi/7.3.1/thumb/v7e-m/fpv4-sp/hard\libgcc.a(_arm_fixdfsi.o)
                              Core/Src/main.o (__aeabi_d2iz)
c:/st/stm32cubeide_1.1.0/stm32cubeide/plugins/com.st.stm32cube.ide.mcu.externaltools.gnu-tools-for-stm32.7-2018-q2-update.win32_1.0.0.201904181610/tools/bin/../lib/gcc/arm-none-eabi/7.3.1/thumb/v7e-m/fpv4-sp/hard\libgcc.a(_aeabi_uldivmod.o)
                              Drivers/STM32F4xx_HAL_Driver/Src/stm32f4xx_hal_rcc.o (__aeabi_uldivmod)
c:/st/stm32cubeide_1.1.0/stm32cubeide/plugins/com.st.stm32cube.ide.mcu.externaltools.gnu-tools-for-stm32.7-2018-q2-update.win32_1.0.0.201904181610/tools/bin/../lib/gcc/arm-none-eabi/7.3.1/thumb/v7e-m/fpv4-sp/hard\libgcc.a(_udivmoddi4.o)
                              c:/st/stm32cubeide_1.1.0/stm32cubeide/plugins/com.st.stm32cube.ide.mcu.externaltools.gnu-tools-for-stm32.7-2018-q2-update.win32_1.0.0.201904181610/tools/bin/../lib/gcc/arm-none-eabi/7.3.1/thumb/v7e-m/fpv4-sp/hard\libgcc.a(_aeabi_uldivmod.o) (__udivmoddi4)
c:/st/stm32cubeide_1.1.0/stm32cubeide/plugins/com.st.stm32cube.ide.mcu.externaltools.gnu-tools-for-stm32.7-2018-q2-update.win32_1.0.0.201904181610/tools/bin/../lib/gcc/arm-none-eabi/7.3.1/thumb/v7e-m/fpv4-sp/hard\libgcc.a(_dvmd_tls.o)
                              c:/st/stm32cubeide_1.1.0/stm32cubeide/plugins/com.st.stm32cube.ide.mcu.externaltools.gnu-tools-for-stm32.7-2018-q2-update.win32_1.0.0.201904181610/tools/bin/../lib/gcc/arm-none-eabi/7.3.1/thumb/v7e-m/fpv4-sp/hard\libgcc.a(_aeabi_uldivmod.o) (__aeabi_ldiv0)

Allocating common symbols
[...]
Memory Configuration

Name             Origin             Length             Attributes
CCMRAM           0x0000000010000000 0x0000000000010000 xrw
RAM              0x0000000020000000 0x0000000000020000 xrw
FLASH            0x0000000008000000 0x0000000000100000 xr
*default*        0x0000000000000000 0xffffffffffffffff

Linker script and memory map

LOAD c:/st/stm32cubeide_1.1.0/stm32cubeide/plugins/com.st.stm32cube.ide.mcu.externaltools.gnu-tools-for-stm32.7-2018-q2-update.win32_1.0.0.201904181610/tools/bin/../lib/gcc/arm-none-eabi/7.3.1/thumb/v7e-m/fpv4-sp/hard/crti.o
LOAD c:/st/stm32cubeide_1.1.0/stm32cubeide/plugins/com.st.stm32cube.ide.mcu.externaltools.gnu-tools-for-stm32.7-2018-q2-update.win32_1.0.0.201904181610/tools/bin/../lib/gcc/arm-none-eabi/7.3.1/thumb/v7e-m/fpv4-sp/hard/crtbegin.o
LOAD c:/st/stm32cubeide_1.1.0/stm32cubeide/plugins/com.st.stm32cube.ide.mcu.externaltools.gnu-tools-for-stm32.7-2018-q2-update.win32_1.0.0.201904181610/tools/bin/../lib/gcc/arm-none-eabi/7.3.1/../../../../arm-none-eabi/lib/thumb/v7e-m/fpv4-sp/hard/crt0.o
LOAD Core/Src/diskio.o
LOAD Core/Src/ff.o
LOAD Core/Src/ffsystem.o
LOAD Core/Src/ffunicode.o
LOAD Core/Src/main.o
LOAD Core/Src/stm32f4xx_hal_msp.o
LOAD Core/Src/stm32f4xx_it.o
LOAD Core/Src/syscalls.o
LOAD Core/Src/sysmem.o
LOAD Core/Src/system_stm32f4xx.o
LOAD Core/Startup/startup_stm32f407vgtx.o
LOAD Drivers/STM32F4xx_HAL_Driver/Src/stm32f4xx_hal.o
LOAD Drivers/STM32F4xx_HAL_Driver/Src/stm32f4xx_hal_adc.o
LOAD Drivers/STM32F4xx_HAL_Driver/Src/stm32f4xx_hal_adc_ex.o
LOAD Drivers/STM32F4xx_HAL_Driver/Src/stm32f4xx_hal_cortex.o
LOAD Drivers/STM32F4xx_HAL_Driver/Src/stm32f4xx_hal_dac.o
LOAD Drivers/STM32F4xx_HAL_Driver/Src/stm32f4xx_hal_dac_ex.o
LOAD Drivers/STM32F4xx_HAL_Driver/Src/stm32f4xx_hal_dma.o
LOAD Drivers/STM32F4xx_HAL_Driver/Src/stm32f4xx_hal_dma_ex.o
LOAD Drivers/STM32F4xx_HAL_Driver/Src/stm32f4xx_hal_exti.o
LOAD Drivers/STM32F4xx_HAL_Driver/Src/stm32f4xx_hal_flash.o
LOAD Drivers/STM32F4xx_HAL_Driver/Src/stm32f4xx_hal_flash_ex.o
LOAD Drivers/STM32F4xx_HAL_Driver/Src/stm32f4xx_hal_flash_ramfunc.o
LOAD Drivers/STM32F4xx_HAL_Driver/Src/stm32f4xx_hal_gpio.o
LOAD Drivers/STM32F4xx_HAL_Driver/Src/stm32f4xx_hal_pwr.o
LOAD Drivers/STM32F4xx_HAL_Driver/Src/stm32f4xx_hal_pwr_ex.o
LOAD Drivers/STM32F4xx_HAL_Driver/Src/stm32f4xx_hal_rcc.o
LOAD Drivers/STM32F4xx_HAL_Driver/Src/stm32f4xx_hal_rcc_ex.o
LOAD Drivers/STM32F4xx_HAL_Driver/Src/stm32f4xx_hal_spi.o
LOAD Drivers/STM32F4xx_HAL_Driver/Src/stm32f4xx_hal_tim.o
LOAD Drivers/STM32F4xx_HAL_Driver/Src/stm32f4xx_hal_tim_ex.o
START GROUP
LOAD c:/st/stm32cubeide_1.1.0/stm32cubeide/plugins/com.st.stm32cube.ide.mcu.externaltools.gnu-tools-for-stm32.7-2018-q2-update.win32_1.0.0.201904181610/tools/bin/../lib/gcc/arm-none-eabi/7.3.1/../../../../arm-none-eabi/lib/thumb/v7e-m/fpv4-sp/hard\libc_nano.a
LOAD c:/st/stm32cubeide_1.1.0/stm32cubeide/plugins/com.st.stm32cube.ide.mcu.externaltools.gnu-tools-for-stm32.7-2018-q2-update.win32_1.0.0.201904181610/tools/bin/../lib/gcc/arm-none-eabi/7.3.1/../../../../arm-none-eabi/lib/thumb/v7e-m/fpv4-sp/hard\libm.a
END GROUP
START GROUP
LOAD c:/st/stm32cubeide_1.1.0/stm32cubeide/plugins/com.st.stm32cube.ide.mcu.externaltools.gnu-tools-for-stm32.7-2018-q2-update.win32_1.0.0.201904181610/tools/bin/../lib/gcc/arm-none-eabi/7.3.1/thumb/v7e-m/fpv4-sp/hard\libgcc.a
LOAD c:/st/stm32cubeide_1.1.0/stm32cubeide/plugins/com.st.stm32cube.ide.mcu.externaltools.gnu-tools-for-stm32.7-2018-q2-update.win32_1.0.0.201904181610/tools/bin/../lib/gcc/arm-none-eabi/7.3.1/../../../../arm-none-eabi/lib/thumb/v7e-m/fpv4-sp/hard\libc_nano.a
END GROUP
START GROUP
LOAD c:/st/stm32cubeide_1.1.0/stm32cubeide/plugins/com.st.stm32cube.ide.mcu.externaltools.gnu-tools-for-stm32.7-2018-q2-update.win32_1.0.0.201904181610/tools/bin/../lib/gcc/arm-none-eabi/7.3.1/thumb/v7e-m/fpv4-sp/hard\libgcc.a
LOAD c:/st/stm32cubeide_1.1.0/stm32cubeide/plugins/com.st.stm32cube.ide.mcu.externaltools.gnu-tools-for-stm32.7-2018-q2-update.win32_1.0.0.201904181610/tools/bin/../lib/gcc/arm-none-eabi/7.3.1/../../../../arm-none-eabi/lib/thumb/v7e-m/fpv4-sp/hard\libc_nano.a
LOAD c:/st/stm32cubeide_1.1.0/stm32cubeide/plugins/com.st.stm32cube.ide.mcu.externaltools.gnu-tools-for-stm32.7-2018-q2-update.win32_1.0.0.201904181610/tools/bin/../lib/gcc/arm-none-eabi/7.3.1/../../../../arm-none-eabi/lib/thumb/v7e-m/fpv4-sp/hard\libnosys.a
END GROUP
START GROUP
LOAD c:/st/stm32cubeide_1.1.0/stm32cubeide/plugins/com.st.stm32cube.ide.mcu.externaltools.gnu-tools-for-stm32.7-2018-q2-update.win32_1.0.0.201904181610/tools/bin/../lib/gcc/arm-none-eabi/7.3.1/thumb/v7e-m/fpv4-sp/hard\libgcc.a
LOAD c:/st/stm32cubeide_1.1.0/stm32cubeide/plugins/com.st.stm32cube.ide.mcu.externaltools.gnu-tools-for-stm32.7-2018-q2-update.win32_1.0.0.201904181610/tools/bin/../lib/gcc/arm-none-eabi/7.3.1/../../../../arm-none-eabi/lib/thumb/v7e-m/fpv4-sp/hard\libc_nano.a
LOAD c:/st/stm32cubeide_1.1.0/stm32cubeide/plugins/com.st.stm32cube.ide.mcu.externaltools.gnu-tools-for-stm32.7-2018-q2-update.win32_1.0.0.201904181610/tools/bin/../lib/gcc/arm-none-eabi/7.3.1/../../../../arm-none-eabi/lib/thumb/v7e-m/fpv4-sp/hard\libnosys.a
END GROUP
LOAD c:/st/stm32cubeide_1.1.0/stm32cubeide/plugins/com.st.stm32cube.ide.mcu.externaltools.gnu-tools-for-stm32.7-2018-q2-update.win32_1.0.0.201904181610/tools/bin/../lib/gcc/arm-none-eabi/7.3.1/thumb/v7e-m/fpv4-sp/hard/crtend.o
LOAD c:/st/stm32cubeide_1.1.0/stm32cubeide/plugins/com.st.stm32cube.ide.mcu.externaltools.gnu-tools-for-stm32.7-2018-q2-update.win32_1.0.0.201904181610/tools/bin/../lib/gcc/arm-none-eabi/7.3.1/thumb/v7e-m/fpv4-sp/hard/crtn.o
                0x0000000020020000                _estack = (ORIGIN (RAM) + LENGTH (RAM))
                0x0000000000000200                _Min_Heap_Size = 0x200
                0x0000000000000400                _Min_Stack_Size = 0x400

.isr_vector     0x0000000008000000      0x188
                0x0000000008000000                . = ALIGN (0x4)
 *(.isr_vector)
 .isr_vector    0x0000000008000000      0x188 Core/Startup/startup_stm32f407vgtx.o
                0x0000000008000000                g_pfnVectors
                0x0000000008000188                . = ALIGN (0x4)

.text           0x0000000008000188     0x74a8
                0x0000000008000188                . = ALIGN (0x4)
 *(.text)
 .text          0x0000000008000188       0x40 c:/st/stm32cubeide_1.1.0/stm32cubeide/plugins/com.st.stm32cube.ide.mcu.externaltools.gnu-tools-for-stm32.7-2018-q2-update.win32_1.0.0.201904181610/tools/bin/../lib/gcc/arm-none-eabi/7.3.1/thumb/v7e-m/fpv4-sp/hard/crtbegin.o
 .text          0x00000000080001c8      0x378 c:/st/stm32cubeide_1.1.0/stm32cubeide/plugins/com.st.stm32cube.ide.mcu.externaltools.gnu-tools-for-stm32.7-2018-q2-update.win32_1.0.0.201904181610/tools/bin/../lib/gcc/arm-none-eabi/7.3.1/thumb/v7e-m/fpv4-sp/hard\libgcc.a(_arm_addsubdf3.o)
                0x00000000080001c8                __aeabi_drsub
                0x00000000080001d0                __aeabi_dsub
                0x00000000080001d0                __subdf3
                0x00000000080001d4                __aeabi_dadd
                0x00000000080001d4                __adddf3
                0x000000000800044c                __floatunsidf
                0x000000000800044c                __aeabi_ui2d
                0x000000000800046c                __floatsidf
                0x000000000800046c                __aeabi_i2d
                0x0000000008000490                __aeabi_f2d
                0x0000000008000490                __extendsfdf2
                0x00000000080004d4                __floatundidf
                0x00000000080004d4                __aeabi_ul2d
                0x00000000080004e4                __floatdidf
                0x00000000080004e4                __aeabi_l2d
 .text          0x0000000008000540      0x424 c:/st/stm32cubeide_1.1.0/stm32cubeide/plugins/com.st.stm32cube.ide.mcu.externaltools.gnu-tools-for-stm32.7-2018-q2-update.win32_1.0.0.201904181610/tools/bin/../lib/gcc/arm-none-eabi/7.3.1/thumb/v7e-m/fpv4-sp/hard\libgcc.a(_arm_muldivdf3.o)
                0x0000000008000540                __aeabi_dmul
                0x0000000008000540                __muldf3
                0x0000000008000794                __divdf3
                0x0000000008000794                __aeabi_ddiv
 .text          0x0000000008000964       0x50 c:/st/stm32cubeide_1.1.0/stm32cubeide/plugins/com.st.stm32cube.ide.mcu.externaltools.gnu-tools-for-stm32.7-2018-q2-update.win32_1.0.0.201904181610/tools/bin/../lib/gcc/arm-none-eabi/7.3.1/thumb/v7e-m/fpv4-sp/hard\libgcc.a(_arm_fixdfsi.o)
                0x0000000008000964                __aeabi_d2iz
                0x0000000008000964                __fixdfsi
 .text          0x00000000080009b4       0x30 c:/st/stm32cubeide_1.1.0/stm32cubeide/plugins/com.st.stm32cube.ide.mcu.externaltools.gnu-tools-for-stm32.7-2018-q2-update.win32_1.0.0.201904181610/tools/bin/../lib/gcc/arm-none-eabi/7.3.1/thumb/v7e-m/fpv4-sp/hard\libgcc.a(_aeabi_uldivmod.o)
                0x00000000080009b4                __aeabi_uldivmod
 .text          0x00000000080009e4      0x2cc c:/st/stm32cubeide_1.1.0/stm32cubeide/plugins/com.st.stm32cube.ide.mcu.externaltools.gnu-tools-for-stm32.7-2018-q2-update.win32_1.0.0.201904181610/tools/bin/../lib/gcc/arm-none-eabi/7.3.1/thumb/v7e-m/fpv4-sp/hard\libgcc.a(_udivmoddi4.o)
                0x00000000080009e4                __udivmoddi4
 .text          0x0000000008000cb0        0x4 c:/st/stm32cubeide_1.1.0/stm32cubeide/plugins/com.st.stm32cube.ide.mcu.externaltools.gnu-tools-for-stm32.7-2018-q2-update.win32_1.0.0.201904181610/tools/bin/../lib/gcc/arm-none-eabi/7.3.1/thumb/v7e-m/fpv4-sp/hard\libgcc.a(_dvmd_tls.o)
                0x0000000008000cb0                __aeabi_idiv0
                0x0000000008000cb0                __aeabi_ldiv0
 *(.text*)
 .text.SELECT   0x0000000008000cb4        0xe Core/Src/diskio.o
 .text.DESELECT
                0x0000000008000cc2        0xe Core/Src/diskio.o
 .text.xmit_spi
                0x0000000008000cd0       0x34 Core/Src/diskio.o
 .text.rcvr_spi
                0x0000000008000d04       0x3c Core/Src/diskio.o
 .text.rcvr_spi_m
                0x0000000008000d40       0x1c Core/Src/diskio.o
 .text.wait_ready
                0x0000000008000d5c       0x38 Core/Src/diskio.o
 .text.power_on
                0x0000000008000d94       0x9c Core/Src/diskio.o
 .text.power_off
                0x0000000008000e30       0x18 Core/Src/diskio.o
 .text.chk_power
                0x0000000008000e48       0x18 Core/Src/diskio.o
 .text.rcvr_datablock
                0x0000000008000e60       0x6c Core/Src/diskio.o
 .text.xmit_datablock
                0x0000000008000ecc       0xa8 Core/Src/diskio.o
 .text.send_cmd
                0x0000000008000f74       0xa4 Core/Src/diskio.o
 .text.disk_initialize
                0x0000000008001018      0x1d4 Core/Src/diskio.o
                0x0000000008001018                disk_initialize
 .text.disk_status
                0x00000000080011ec       0x2c Core/Src/diskio.o
                0x00000000080011ec                disk_status
 .text.disk_read
                0x0000000008001218       0xd4 Core/Src/diskio.o
                0x0000000008001218                disk_read
 .text.disk_write
                0x00000000080012ec      0x108 Core/Src/diskio.o
                0x00000000080012ec                disk_write
 .text.disk_ioctl
                0x00000000080013f4      0x300 Core/Src/diskio.o
                0x00000000080013f4                disk_ioctl
 .text.disk_timerproc
                0x00000000080016f4       0x4c Core/Src/diskio.o
                0x00000000080016f4                disk_timerproc
 .text.sdcard_systick_timerproc
                0x0000000008001740       0x30 Core/Src/diskio.o
                0x0000000008001740                sdcard_systick_timerproc
 .text.get_fattime
                0x0000000008001770       0x14 Core/Src/diskio.o
                0x0000000008001770                get_fattime
 .text.ld_word  0x0000000008001784       0x30 Core/Src/ff.o
 .text.ld_dword
                0x00000000080017b4       0x46 Core/Src/ff.o
 .text.st_word  0x00000000080017fa       0x36 Core/Src/ff.o
 .text.st_dword
                0x0000000008001830       0x58 Core/Src/ff.o
 .text.mem_cpy  0x0000000008001888       0x42 Core/Src/ff.o
 .text.mem_set  0x00000000080018ca       0x34 Core/Src/ff.o
 .text.mem_cmp  0x00000000080018fe       0x4e Core/Src/ff.o
 .text.chk_chr  0x000000000800194c       0x36 Core/Src/ff.o
 .text.dbc_1st  0x0000000008001982       0x40 Core/Src/ff.o
 .text.dbc_2nd  0x00000000080019c2       0x54 Core/Src/ff.o
 .text.sync_window
                0x0000000008001a16       0x78 Core/Src/ff.o
 .text.move_window
                0x0000000008001a8e       0x5a Core/Src/ff.o
 .text.sync_fs  0x0000000008001ae8       0xdc Core/Src/ff.o
 .text.clst2sect
                0x0000000008001bc4       0x3e Core/Src/ff.o
 .text.get_fat  0x0000000008001c02      0x14a Core/Src/ff.o
 .text.put_fat  0x0000000008001d4c      0x1ce Core/Src/ff.o
 .text.remove_chain
                0x0000000008001f1a       0xca Core/Src/ff.o
 .text.create_chain
                0x0000000008001fe4      0x1a2 Core/Src/ff.o
 .text.dir_clear
                0x0000000008002186       0x90 Core/Src/ff.o
 .text.dir_sdi  0x0000000008002216       0xf6 Core/Src/ff.o
 .text.dir_next
                0x000000000800230c      0x12c Core/Src/ff.o
 .text.dir_alloc
                0x0000000008002438       0x8e Core/Src/ff.o
 .text.ld_clust
                0x00000000080024c6       0x3e Core/Src/ff.o
 .text.st_clust
                0x0000000008002504       0x40 Core/Src/ff.o
 .text.dir_find
                0x0000000008002544       0xaa Core/Src/ff.o
 .text.dir_register
                0x00000000080025ee       0x64 Core/Src/ff.o
 *fill*         0x0000000008002652        0x2 
 .text.create_name
                0x0000000008002654      0x184 Core/Src/ff.o
 .text.follow_path
                0x00000000080027d8       0xde Core/Src/ff.o
 .text.get_ldnumber
                0x00000000080028b6       0x8a Core/Src/ff.o
 .text.check_fs
                0x0000000008002940       0xac Core/Src/ff.o
 .text.find_volume
                0x00000000080029ec      0x4b0 Core/Src/ff.o
 .text.validate
                0x0000000008002e9c       0x6a Core/Src/ff.o
 *fill*         0x0000000008002f06        0x2 
 .text.f_mount  0x0000000008002f08       0x80 Core/Src/ff.o
                0x0000000008002f08                f_mount
 .text.f_open   0x0000000008002f88      0x306 Core/Src/ff.o
                0x0000000008002f88                f_open
 .text.f_read   0x000000000800328e      0x266 Core/Src/ff.o
                0x000000000800328e                f_read
 .text.f_write  0x00000000080034f4      0x2d2 Core/Src/ff.o
                0x00000000080034f4                f_write
 .text.f_sync   0x00000000080037c6       0xfc Core/Src/ff.o
                0x00000000080037c6                f_sync
 .text.f_close  0x00000000080038c2       0x40 Core/Src/ff.o
                0x00000000080038c2                f_close
 *fill*         0x0000000008003902        0x2 
 .text.writeSD  0x0000000008003904       0x8c Core/Src/main.o
                0x0000000008003904                writeSD
 .text.readSD   0x0000000008003990       0x6c Core/Src/main.o
                0x0000000008003990                readSD
 *fill*         0x00000000080039fc        0x4 
 .text.HAL_TIM_PeriodElapsedCallback
                0x0000000008003a00       0x80 Core/Src/main.o
                0x0000000008003a00                HAL_TIM_PeriodElapsedCallback
 .text.rgb1_set
                0x0000000008003a80       0x54 Core/Src/main.o
                0x0000000008003a80                rgb1_set
 .text.rgb1_set_color
                0x0000000008003ad4       0x62 Core/Src/main.o
                0x0000000008003ad4                rgb1_set_color
 *fill*         0x0000000008003b36        0x2 
 .text.main     0x0000000008003b38      0x1e0 Core/Src/main.o
                0x0000000008003b38                main
 .text.SystemClock_Config
                0x0000000008003d18       0xd4 Core/Src/main.o
                0x0000000008003d18                SystemClock_Config
 .text.MX_ADC1_Init
                0x0000000008003dec       0xa4 Core/Src/main.o
 .text.MX_DAC_Init
                0x0000000008003e90       0x54 Core/Src/main.o
 .text.MX_SPI1_Init
                0x0000000008003ee4       0x6c Core/Src/main.o
 .text.MX_TIM2_Init
                0x0000000008003f50       0xec Core/Src/main.o
 .text.MX_TIM3_Init
                0x000000000800403c      0x11c Core/Src/main.o
 .text.MX_TIM4_Init
                0x0000000008004158       0x9c Core/Src/main.o
 .text.MX_GPIO_Init
                0x00000000080041f4      0x170 Core/Src/main.o
 .text.Error_Handler
                0x0000000008004364        0xe Core/Src/main.o
                0x0000000008004364                Error_Handler
 *fill*         0x0000000008004372        0x2 
 .text.HAL_MspInit
                0x0000000008004374       0x5c Core/Src/stm32f4xx_hal_msp.o
                0x0000000008004374                HAL_MspInit
 .text.HAL_ADC_MspInit
                0x00000000080043d0       0x88 Core/Src/stm32f4xx_hal_msp.o
                0x00000000080043d0                HAL_ADC_MspInit
 .text.HAL_DAC_MspInit
                0x0000000008004458       0x88 Core/Src/stm32f4xx_hal_msp.o
                0x0000000008004458                HAL_DAC_MspInit
 .text.HAL_SPI_MspInit
                0x00000000080044e0       0x90 Core/Src/stm32f4xx_hal_msp.o
                0x00000000080044e0                HAL_SPI_MspInit
 .text.HAL_TIM_Base_MspInit
                0x0000000008004570       0xb4 Core/Src/stm32f4xx_hal_msp.o
                0x0000000008004570                HAL_TIM_Base_MspInit
 .text.HAL_TIM_MspPostInit
                0x0000000008004624      0x100 Core/Src/stm32f4xx_hal_msp.o
                0x0000000008004624                HAL_TIM_MspPostInit
 .text.NMI_Handler
                0x0000000008004724        0xe Core/Src/stm32f4xx_it.o
                0x0000000008004724                NMI_Handler
 .text.HardFault_Handler
                0x0000000008004732        0x6 Core/Src/stm32f4xx_it.o
                0x0000000008004732                HardFault_Handler
 .text.MemManage_Handler
                0x0000000008004738        0x6 Core/Src/stm32f4xx_it.o
                0x0000000008004738                MemManage_Handler
 .text.BusFault_Handler
                0x000000000800473e        0x6 Core/Src/stm32f4xx_it.o
                0x000000000800473e                BusFault_Handler
 .text.UsageFault_Handler
                0x0000000008004744        0x6 Core/Src/stm32f4xx_it.o
                0x0000000008004744                UsageFault_Handler
 .text.SVC_Handler
                0x000000000800474a        0xe Core/Src/stm32f4xx_it.o
                0x000000000800474a                SVC_Handler
 .text.DebugMon_Handler
                0x0000000008004758        0xe Core/Src/stm32f4xx_it.o
                0x0000000008004758                DebugMon_Handler
 .text.PendSV_Handler
                0x0000000008004766        0xe Core/Src/stm32f4xx_it.o
                0x0000000008004766                PendSV_Handler
 .text.SysTick_Handler
                0x0000000008004774       0x10 Core/Src/stm32f4xx_it.o
                0x0000000008004774                SysTick_Handler
 .text.RCC_IRQHandler
                0x0000000008004784        0xe Core/Src/stm32f4xx_it.o
                0x0000000008004784                RCC_IRQHandler
 *fill*         0x0000000008004792        0x2 
 .text.TIM3_IRQHandler
                0x0000000008004794       0x14 Core/Src/stm32f4xx_it.o
                0x0000000008004794                TIM3_IRQHandler
 .text.TIM4_IRQHandler
                0x00000000080047a8       0x14 Core/Src/stm32f4xx_it.o
                0x00000000080047a8                TIM4_IRQHandler
 .text.SystemInit
                0x00000000080047bc       0x2c Core/Src/system_stm32f4xx.o
                0x00000000080047bc                SystemInit
 .text.Reset_Handler
                0x00000000080047e8       0x50 Core/Startup/startup_stm32f407vgtx.o
                0x00000000080047e8                Reset_Handler
 .text.Default_Handler
                0x0000000008004838        0x2 Core/Startup/startup_stm32f407vgtx.o
                0x0000000008004838                RTC_Alarm_IRQHandler
                0x0000000008004838                HASH_RNG_IRQHandler
                0x0000000008004838                EXTI2_IRQHandler
                0x0000000008004838                TIM8_CC_IRQHandler
                0x0000000008004838                TIM1_CC_IRQHandler
                0x0000000008004838                DMA2_Stream5_IRQHandler
                0x0000000008004838                DMA1_Stream5_IRQHandler
                0x0000000008004838                PVD_IRQHandler
                0x0000000008004838                SDIO_IRQHandler
                0x0000000008004838                TAMP_STAMP_IRQHandler
                0x0000000008004838                CAN2_RX1_IRQHandler
                0x0000000008004838                EXTI3_IRQHandler
                0x0000000008004838                TIM8_TRG_COM_TIM14_IRQHandler
                0x0000000008004838                TIM1_UP_TIM10_IRQHandler
                0x0000000008004838                TIM8_UP_TIM13_IRQHandler
                0x0000000008004838                I2C3_ER_IRQHandler
                0x0000000008004838                EXTI0_IRQHandler
                0x0000000008004838                I2C2_EV_IRQHandler
                0x0000000008004838                DMA1_Stream2_IRQHandler
                0x0000000008004838                CAN1_RX0_IRQHandler
                0x0000000008004838                FPU_IRQHandler
                0x0000000008004838                OTG_HS_WKUP_IRQHandler
                0x0000000008004838                CAN2_SCE_IRQHandler
                0x0000000008004838                DMA2_Stream2_IRQHandler
                0x0000000008004838                SPI1_IRQHandler
                0x0000000008004838                TIM6_DAC_IRQHandler
                0x0000000008004838                TIM1_BRK_TIM9_IRQHandler
                0x0000000008004838                DCMI_IRQHandler
                0x0000000008004838                CAN2_RX0_IRQHandler
                0x0000000008004838                DMA2_Stream3_IRQHandler
                0x0000000008004838                USART6_IRQHandler
                0x0000000008004838                USART3_IRQHandler
                0x0000000008004838                CAN1_RX1_IRQHandler
                0x0000000008004838                UART5_IRQHandler
                0x0000000008004838                DMA2_Stream0_IRQHandler
                0x0000000008004838                I2C1_EV_IRQHandler
                0x0000000008004838                DMA1_Stream6_IRQHandler
                0x0000000008004838                DMA1_Stream1_IRQHandler
                0x0000000008004838                UART4_IRQHandler
                0x0000000008004838                TIM8_BRK_TIM12_IRQHandler
                0x0000000008004838                Default_Handler
                0x0000000008004838                EXTI15_10_IRQHandler
                0x0000000008004838                ADC_IRQHandler
                0x0000000008004838                DMA1_Stream7_IRQHandler
                0x0000000008004838                TIM7_IRQHandler
                0x0000000008004838                CAN2_TX_IRQHandler
                0x0000000008004838                TIM5_IRQHandler
                0x0000000008004838                DMA2_Stream7_IRQHandler
                0x0000000008004838                I2C3_EV_IRQHandler
                0x0000000008004838                EXTI9_5_IRQHandler
                0x0000000008004838                RTC_WKUP_IRQHandler
                0x0000000008004838                ETH_WKUP_IRQHandler
                0x0000000008004838                SPI2_IRQHandler
                0x0000000008004838                OTG_HS_EP1_IN_IRQHandler
                0x0000000008004838                DMA1_Stream0_IRQHandler
                0x0000000008004838                CAN1_TX_IRQHandler
                0x0000000008004838                EXTI4_IRQHandler
                0x0000000008004838                FSMC_IRQHandler
                0x0000000008004838                ETH_IRQHandler
                0x0000000008004838                OTG_HS_EP1_OUT_IRQHandler
                0x0000000008004838                WWDG_IRQHandler
                0x0000000008004838                TIM2_IRQHandler
                0x0000000008004838                OTG_FS_WKUP_IRQHandler
                0x0000000008004838                TIM1_TRG_COM_TIM11_IRQHandler
                0x0000000008004838                OTG_HS_IRQHandler
                0x0000000008004838                EXTI1_IRQHandler
                0x0000000008004838                USART2_IRQHandler
                0x0000000008004838                I2C2_ER_IRQHandler
                0x0000000008004838                DMA2_Stream1_IRQHandler
                0x0000000008004838                CAN1_SCE_IRQHandler
                0x0000000008004838                FLASH_IRQHandler
                0x0000000008004838                DMA2_Stream4_IRQHandler
                0x0000000008004838                USART1_IRQHandler
                0x0000000008004838                OTG_FS_IRQHandler
                0x0000000008004838                SPI3_IRQHandler
                0x0000000008004838                DMA1_Stream4_IRQHandler
                0x0000000008004838                I2C1_ER_IRQHandler
                0x0000000008004838                DMA2_Stream6_IRQHandler
                0x0000000008004838                DMA1_Stream3_IRQHandler
 *fill*         0x000000000800483a        0x2 
 .text.HAL_Init
                0x000000000800483c       0x44 Drivers/STM32F4xx_HAL_Driver/Src/stm32f4xx_hal.o
                0x000000000800483c                HAL_Init
 .text.HAL_InitTick
                0x0000000008004880       0x60 Drivers/STM32F4xx_HAL_Driver/Src/stm32f4xx_hal.o
                0x0000000008004880                HAL_InitTick
 .text.HAL_IncTick
                0x00000000080048e0       0x28 Drivers/STM32F4xx_HAL_Driver/Src/stm32f4xx_hal.o
                0x00000000080048e0                HAL_IncTick
 .text.HAL_GetTick
                0x0000000008004908       0x18 Drivers/STM32F4xx_HAL_Driver/Src/stm32f4xx_hal.o
                0x0000000008004908                HAL_GetTick
 .text.HAL_Delay
                0x0000000008004920       0x44 Drivers/STM32F4xx_HAL_Driver/Src/stm32f4xx_hal.o
                0x0000000008004920                HAL_Delay
 .text.HAL_ADC_Init
                0x0000000008004964       0x86 Drivers/STM32F4xx_HAL_Driver/Src/stm32f4xx_hal_adc.o
                0x0000000008004964                HAL_ADC_Init
 *fill*         0x00000000080049ea        0x2 
 .text.HAL_ADC_Start
                0x00000000080049ec      0x18c Drivers/STM32F4xx_HAL_Driver/Src/stm32f4xx_hal_adc.o
                0x00000000080049ec                HAL_ADC_Start
 .text.HAL_ADC_PollForConversion
                0x0000000008004b78      0x108 Drivers/STM32F4xx_HAL_Driver/Src/stm32f4xx_hal_adc.o
                0x0000000008004b78                HAL_ADC_PollForConversion
 .text.HAL_ADC_GetValue
                0x0000000008004c80       0x1a Drivers/STM32F4xx_HAL_Driver/Src/stm32f4xx_hal_adc.o
                0x0000000008004c80                HAL_ADC_GetValue
 *fill*         0x0000000008004c9a        0x2 
 .text.HAL_ADC_ConfigChannel
                0x0000000008004c9c      0x244 Drivers/STM32F4xx_HAL_Driver/Src/stm32f4xx_hal_adc.o
                0x0000000008004c9c                HAL_ADC_ConfigChannel
 .text.ADC_Init
                0x0000000008004ee0      0x1f8 Drivers/STM32F4xx_HAL_Driver/Src/stm32f4xx_hal_adc.o
 .text.__NVIC_SetPriorityGrouping
                0x00000000080050d8       0x48 Drivers/STM32F4xx_HAL_Driver/Src/stm32f4xx_hal_cortex.o
 .text.__NVIC_GetPriorityGrouping
                0x0000000008005120       0x1c Drivers/STM32F4xx_HAL_Driver/Src/stm32f4xx_hal_cortex.o
 .text.__NVIC_EnableIRQ
                0x000000000800513c       0x3c Drivers/STM32F4xx_HAL_Driver/Src/stm32f4xx_hal_cortex.o
 .text.__NVIC_SetPriority
                0x0000000008005178       0x54 Drivers/STM32F4xx_HAL_Driver/Src/stm32f4xx_hal_cortex.o
 .text.NVIC_EncodePriority
                0x00000000080051cc       0x66 Drivers/STM32F4xx_HAL_Driver/Src/stm32f4xx_hal_cortex.o
 *fill*         0x0000000008005232        0x2 
 .text.SysTick_Config
                0x0000000008005234       0x44 Drivers/STM32F4xx_HAL_Driver/Src/stm32f4xx_hal_cortex.o
 .text.HAL_NVIC_SetPriorityGrouping
                0x0000000008005278       0x16 Drivers/STM32F4xx_HAL_Driver/Src/stm32f4xx_hal_cortex.o
                0x0000000008005278                HAL_NVIC_SetPriorityGrouping
 .text.HAL_NVIC_SetPriority
                0x000000000800528e       0x38 Drivers/STM32F4xx_HAL_Driver/Src/stm32f4xx_hal_cortex.o
                0x000000000800528e                HAL_NVIC_SetPriority
 .text.HAL_NVIC_EnableIRQ
                0x00000000080052c6       0x1c Drivers/STM32F4xx_HAL_Driver/Src/stm32f4xx_hal_cortex.o
                0x00000000080052c6                HAL_NVIC_EnableIRQ
 .text.HAL_SYSTICK_Config
                0x00000000080052e2       0x18 Drivers/STM32F4xx_HAL_Driver/Src/stm32f4xx_hal_cortex.o
                0x00000000080052e2                HAL_SYSTICK_Config
 .text.HAL_DAC_Init
                0x00000000080052fa       0x44 Drivers/STM32F4xx_HAL_Driver/Src/stm32f4xx_hal_dac.o
                0x00000000080052fa                HAL_DAC_Init
 .text.HAL_DAC_ConfigChannel
                0x000000000800533e       0x9a Drivers/STM32F4xx_HAL_Driver/Src/stm32f4xx_hal_dac.o
                0x000000000800533e                HAL_DAC_ConfigChannel
 .text.HAL_GPIO_Init
                0x00000000080053d8      0x334 Drivers/STM32F4xx_HAL_Driver/Src/stm32f4xx_hal_gpio.o
                0x00000000080053d8                HAL_GPIO_Init
 .text.HAL_GPIO_ReadPin
                0x000000000800570c       0x30 Drivers/STM32F4xx_HAL_Driver/Src/stm32f4xx_hal_gpio.o
                0x000000000800570c                HAL_GPIO_ReadPin
 .text.HAL_GPIO_WritePin
                0x000000000800573c       0x32 Drivers/STM32F4xx_HAL_Driver/Src/stm32f4xx_hal_gpio.o
                0x000000000800573c                HAL_GPIO_WritePin
 .text.HAL_GPIO_TogglePin
                0x000000000800576e       0x36 Drivers/STM32F4xx_HAL_Driver/Src/stm32f4xx_hal_gpio.o
                0x000000000800576e                HAL_GPIO_TogglePin
 .text.HAL_RCC_OscConfig
                0x00000000080057a4      0x4e0 Drivers/STM32F4xx_HAL_Driver/Src/stm32f4xx_hal_rcc.o
                0x00000000080057a4                HAL_RCC_OscConfig
 .text.HAL_RCC_ClockConfig
                0x0000000008005c84      0x1cc Drivers/STM32F4xx_HAL_Driver/Src/stm32f4xx_hal_rcc.o
                0x0000000008005c84                HAL_RCC_ClockConfig
 .text.HAL_RCC_GetSysClockFreq
                0x0000000008005e50      0x1b0 Drivers/STM32F4xx_HAL_Driver/Src/stm32f4xx_hal_rcc.o
                0x0000000008005e50                HAL_RCC_GetSysClockFreq
 .text.HAL_SPI_Init
                0x0000000008006000       0xc8 Drivers/STM32F4xx_HAL_Driver/Src/stm32f4xx_hal_spi.o
                0x0000000008006000                HAL_SPI_Init
 .text.HAL_SPI_Transmit
                0x00000000080060c8      0x268 Drivers/STM32F4xx_HAL_Driver/Src/stm32f4xx_hal_spi.o
                0x00000000080060c8                HAL_SPI_Transmit
 .text.HAL_SPI_TransmitReceive
                0x0000000008006330      0x344 Drivers/STM32F4xx_HAL_Driver/Src/stm32f4xx_hal_spi.o
                0x0000000008006330                HAL_SPI_TransmitReceive
 .text.HAL_SPI_GetState
                0x0000000008006674       0x1c Drivers/STM32F4xx_HAL_Driver/Src/stm32f4xx_hal_spi.o
                0x0000000008006674                HAL_SPI_GetState
 .text.SPI_WaitFlagStateUntilTimeout
                0x0000000008006690       0xd4 Drivers/STM32F4xx_HAL_Driver/Src/stm32f4xx_hal_spi.o
 .text.SPI_EndRxTxTransaction
                0x0000000008006764       0x84 Drivers/STM32F4xx_HAL_Driver/Src/stm32f4xx_hal_spi.o
 .text.HAL_TIM_Base_Init
                0x00000000080067e8       0x56 Drivers/STM32F4xx_HAL_Driver/Src/stm32f4xx_hal_tim.o
                0x00000000080067e8                HAL_TIM_Base_Init
 .text.HAL_TIM_PWM_Init
                0x000000000800683e       0x56 Drivers/STM32F4xx_HAL_Driver/Src/stm32f4xx_hal_tim.o
                0x000000000800683e                HAL_TIM_PWM_Init
 .text.HAL_TIM_PWM_MspInit
                0x0000000008006894       0x14 Drivers/STM32F4xx_HAL_Driver/Src/stm32f4xx_hal_tim.o
                0x0000000008006894                HAL_TIM_PWM_MspInit
 .text.HAL_TIM_PWM_Start
                0x00000000080068a8       0x7c Drivers/STM32F4xx_HAL_Driver/Src/stm32f4xx_hal_tim.o
                0x00000000080068a8                HAL_TIM_PWM_Start
 .text.HAL_TIM_IRQHandler
                0x0000000008006924      0x210 Drivers/STM32F4xx_HAL_Driver/Src/stm32f4xx_hal_tim.o
                0x0000000008006924                HAL_TIM_IRQHandler
 .text.HAL_TIM_PWM_ConfigChannel
                0x0000000008006b34      0x18c Drivers/STM32F4xx_HAL_Driver/Src/stm32f4xx_hal_tim.o
                0x0000000008006b34                HAL_TIM_PWM_ConfigChannel
 .text.HAL_TIM_ConfigClockSource
                0x0000000008006cc0      0x16e Drivers/STM32F4xx_HAL_Driver/Src/stm32f4xx_hal_tim.o
                0x0000000008006cc0                HAL_TIM_ConfigClockSource
 .text.HAL_TIM_OC_DelayElapsedCallback
                0x0000000008006e2e       0x14 Drivers/STM32F4xx_HAL_Driver/Src/stm32f4xx_hal_tim.o
                0x0000000008006e2e                HAL_TIM_OC_DelayElapsedCallback
 .text.HAL_TIM_IC_CaptureCallback
                0x0000000008006e42       0x14 Drivers/STM32F4xx_HAL_Driver/Src/stm32f4xx_hal_tim.o
                0x0000000008006e42                HAL_TIM_IC_CaptureCallback
 .text.HAL_TIM_PWM_PulseFinishedCallback
                0x0000000008006e56       0x14 Drivers/STM32F4xx_HAL_Driver/Src/stm32f4xx_hal_tim.o
                0x0000000008006e56                HAL_TIM_PWM_PulseFinishedCallback
 .text.HAL_TIM_TriggerCallback
                0x0000000008006e6a       0x14 Drivers/STM32F4xx_HAL_Driver/Src/stm32f4xx_hal_tim.o
                0x0000000008006e6a                HAL_TIM_TriggerCallback
 *fill*         0x0000000008006e7e        0x2 
 .text.TIM_Base_SetConfig
                0x0000000008006e80      0x140 Drivers/STM32F4xx_HAL_Driver/Src/stm32f4xx_hal_tim.o
                0x0000000008006e80                TIM_Base_SetConfig
 .text.TIM_OC1_SetConfig
                0x0000000008006fc0       0xe0 Drivers/STM32F4xx_HAL_Driver/Src/stm32f4xx_hal_tim.o
 .text.TIM_OC2_SetConfig
                0x00000000080070a0       0xec Drivers/STM32F4xx_HAL_Driver/Src/stm32f4xx_hal_tim.o
                0x00000000080070a0                TIM_OC2_SetConfig
 .text.TIM_OC3_SetConfig
                0x000000000800718c       0xe8 Drivers/STM32F4xx_HAL_Driver/Src/stm32f4xx_hal_tim.o
 .text.TIM_OC4_SetConfig
                0x0000000008007274       0xac Drivers/STM32F4xx_HAL_Driver/Src/stm32f4xx_hal_tim.o
 .text.TIM_TI1_ConfigInputStage
                0x0000000008007320       0x5e Drivers/STM32F4xx_HAL_Driver/Src/stm32f4xx_hal_tim.o
 .text.TIM_TI2_ConfigInputStage
                0x000000000800737e       0x60 Drivers/STM32F4xx_HAL_Driver/Src/stm32f4xx_hal_tim.o
 .text.TIM_ITRx_SetConfig
                0x00000000080073de       0x36 Drivers/STM32F4xx_HAL_Driver/Src/stm32f4xx_hal_tim.o
 .text.TIM_ETR_SetConfig
                0x0000000008007414       0x40 Drivers/STM32F4xx_HAL_Driver/Src/stm32f4xx_hal_tim.o
                0x0000000008007414                TIM_ETR_SetConfig
 .text.TIM_CCxChannelCmd
                0x0000000008007454       0x4a Drivers/STM32F4xx_HAL_Driver/Src/stm32f4xx_hal_tim.o
                0x0000000008007454                TIM_CCxChannelCmd
 *fill*         0x000000000800749e        0x2 
 .text.HAL_TIMEx_MasterConfigSynchronization
                0x00000000080074a0       0xf8 Drivers/STM32F4xx_HAL_Driver/Src/stm32f4xx_hal_tim_ex.o
                0x00000000080074a0                HAL_TIMEx_MasterConfigSynchronization
 .text.HAL_TIMEx_CommutCallback
                0x0000000008007598       0x14 Drivers/STM32F4xx_HAL_Driver/Src/stm32f4xx_hal_tim_ex.o
                0x0000000008007598                HAL_TIMEx_CommutCallback
 .text.HAL_TIMEx_BreakCallback
                0x00000000080075ac       0x14 Drivers/STM32F4xx_HAL_Driver/Src/stm32f4xx_hal_tim_ex.o
                0x00000000080075ac                HAL_TIMEx_BreakCallback
 .text.__libc_init_array
                0x00000000080075c0       0x48 c:/st/stm32cubeide_1.1.0/stm32cubeide/plugins/com.st.stm32cube.ide.mcu.externaltools.gnu-tools-for-stm32.7-2018-q2-update.win32_1.0.0.201904181610/tools/bin/../lib/gcc/arm-none-eabi/7.3.1/../../../../arm-none-eabi/lib/thumb/v7e-m/fpv4-sp/hard\libc_nano.a(lib_a-init.o)
                0x00000000080075c0                __libc_init_array
 .text.memset   0x0000000008007608       0x10 c:/st/stm32cubeide_1.1.0/stm32cubeide/plugins/com.st.stm32cube.ide.mcu.externaltools.gnu-tools-for-stm32.7-2018-q2-update.win32_1.0.0.201904181610/tools/bin/../lib/gcc/arm-none-eabi/7.3.1/../../../../arm-none-eabi/lib/thumb/v7e-m/fpv4-sp/hard\libc_nano.a(lib_a-memset.o)
                0x0000000008007608                memset
 *(.glue_7)
 .glue_7        0x0000000008007618        0x0 linker stubs
 *(.glue_7t)
 .glue_7t       0x0000000008007618        0x0 linker stubs
 *(.eh_frame)
 .eh_frame      0x0000000008007618        0x0 c:/st/stm32cubeide_1.1.0/stm32cubeide/plugins/com.st.stm32cube.ide.mcu.externaltools.gnu-tools-for-stm32.7-2018-q2-update.win32_1.0.0.201904181610/tools/bin/../lib/gcc/arm-none-eabi/7.3.1/thumb/v7e-m/fpv4-sp/hard/crtbegin.o
 *(.init)
 .init          0x0000000008007618        0x4 c:/st/stm32cubeide_1.1.0/stm32cubeide/plugins/com.st.stm32cube.ide.mcu.externaltools.gnu-tools-for-stm32.7-2018-q2-update.win32_1.0.0.201904181610/tools/bin/../lib/gcc/arm-none-eabi/7.3.1/thumb/v7e-m/fpv4-sp/hard/crti.o
                0x0000000008007618                _init
 .init          0x000000000800761c        0x8 c:/st/stm32cubeide_1.1.0/stm32cubeide/plugins/com.st.stm32cube.ide.mcu.externaltools.gnu-tools-for-stm32.7-2018-q2-update.win32_1.0.0.201904181610/tools/bin/../lib/gcc/arm-none-eabi/7.3.1/thumb/v7e-m/fpv4-sp/hard/crtn.o
 *(.fini)
 .fini          0x0000000008007624        0x4 c:/st/stm32cubeide_1.1.0/stm32cubeide/plugins/com.st.stm32cube.ide.mcu.externaltools.gnu-tools-for-stm32.7-2018-q2-update.win32_1.0.0.201904181610/tools/bin/../lib/gcc/arm-none-eabi/7.3.1/thumb/v7e-m/fpv4-sp/hard/crti.o
                0x0000000008007624                _fini
 .fini          0x0000000008007628        0x8 c:/st/stm32cubeide_1.1.0/stm32cubeide/plugins/com.st.stm32cube.ide.mcu.externaltools.gnu-tools-for-stm32.7-2018-q2-update.win32_1.0.0.201904181610/tools/bin/../lib/gcc/arm-none-eabi/7.3.1/thumb/v7e-m/fpv4-sp/hard/crtn.o
                0x0000000008007630                . = ALIGN (0x4)
                0x0000000008007630                _etext = .

.vfp11_veneer   0x0000000008007630        0x0
 .vfp11_veneer  0x0000000008007630        0x0 linker stubs

.v4_bx          0x0000000008007630        0x0
 .v4_bx         0x0000000008007630        0x0 linker stubs

.iplt           0x0000000008007630        0x0
 .iplt          0x0000000008007630        0x0 c:/st/stm32cubeide_1.1.0/stm32cubeide/plugins/com.st.stm32cube.ide.mcu.externaltools.gnu-tools-for-stm32.7-2018-q2-update.win32_1.0.0.201904181610/tools/bin/../lib/gcc/arm-none-eabi/7.3.1/thumb/v7e-m/fpv4-sp/hard/crtbegin.o

.rodata         0x0000000008007630       0x58
                0x0000000008007630                . = ALIGN (0x4)
 *(.rodata)
 .rodata        0x0000000008007630       0x1a Core/Src/ff.o
 *fill*         0x000000000800764a        0x2 
 .rodata        0x000000000800764c       0x29 Core/Src/main.o
 *(.rodata*)
 *fill*         0x0000000008007675        0x3 
 .rodata.AHBPrescTable
                0x0000000008007678       0x10 Core/Src/system_stm32f4xx.o
                0x0000000008007678                AHBPrescTable
                0x0000000008007688                . = ALIGN (0x4)

.ARM.extab      0x0000000008007688        0x0
                0x0000000008007688                . = ALIGN (0x4)
 *(.ARM.extab* .gnu.linkonce.armextab.*)
                0x0000000008007688                . = ALIGN (0x4)

.ARM            0x0000000008007688        0x8
                0x0000000008007688                . = ALIGN (0x4)
                0x0000000008007688                __exidx_start = .
 *(.ARM.exidx*)
 .ARM.exidx     0x0000000008007688        0x8 c:/st/stm32cubeide_1.1.0/stm32cubeide/plugins/com.st.stm32cube.ide.mcu.externaltools.gnu-tools-for-stm32.7-2018-q2-update.win32_1.0.0.201904181610/tools/bin/../lib/gcc/arm-none-eabi/7.3.1/thumb/v7e-m/fpv4-sp/hard\libgcc.a(_udivmoddi4.o)
                0x0000000008007690                __exidx_end = .
                0x0000000008007690                . = ALIGN (0x4)

.rel.dyn        0x0000000008007690        0x0
 .rel.iplt      0x0000000008007690        0x0 c:/st/stm32cubeide_1.1.0/stm32cubeide/plugins/com.st.stm32cube.ide.mcu.externaltools.gnu-tools-for-stm32.7-2018-q2-update.win32_1.0.0.201904181610/tools/bin/../lib/gcc/arm-none-eabi/7.3.1/thumb/v7e-m/fpv4-sp/hard/crtbegin.o

.preinit_array  0x0000000008007690        0x0
                0x0000000008007690                . = ALIGN (0x4)
                0x0000000008007690                PROVIDE (__preinit_array_start = .)
 *(.preinit_array*)
                0x0000000008007690                PROVIDE (__preinit_array_end = .)
                0x0000000008007690                . = ALIGN (0x4)

.init_array     0x0000000008007690        0x4
                0x0000000008007690                . = ALIGN (0x4)
                0x0000000008007690                PROVIDE (__init_array_start = .)
 *(SORT_BY_NAME(.init_array.*))
 *(.init_array*)
 .init_array    0x0000000008007690        0x4 c:/st/stm32cubeide_1.1.0/stm32cubeide/plugins/com.st.stm32cube.ide.mcu.externaltools.gnu-tools-for-stm32.7-2018-q2-update.win32_1.0.0.201904181610/tools/bin/../lib/gcc/arm-none-eabi/7.3.1/thumb/v7e-m/fpv4-sp/hard/crtbegin.o
                0x0000000008007694                PROVIDE (__init_array_end = .)
                0x0000000008007694                . = ALIGN (0x4)

.fini_array     0x0000000008007694        0x4
                0x0000000008007694                . = ALIGN (0x4)
                [!provide]                        PROVIDE (__fini_array_start = .)
 *(SORT_BY_NAME(.fini_array.*))
 *(.fini_array*)
 .fini_array    0x0000000008007694        0x4 c:/st/stm32cubeide_1.1.0/stm32cubeide/plugins/com.st.stm32cube.ide.mcu.externaltools.gnu-tools-for-stm32.7-2018-q2-update.win32_1.0.0.201904181610/tools/bin/../lib/gcc/arm-none-eabi/7.3.1/thumb/v7e-m/fpv4-sp/hard/crtbegin.o
                [!provide]                        PROVIDE (__fini_array_end = .)
                0x0000000008007698                . = ALIGN (0x4)
                0x0000000008007698                _sidata = LOADADDR (.data)

.data           0x0000000020000000       0x14 load address 0x0000000008007698
                0x0000000020000000                . = ALIGN (0x4)
                0x0000000020000000                _sdata = .
 *(.data)
 *(.data*)
 .data.Stat     0x0000000020000000        0x1 Core/Src/diskio.o
 *fill*         0x0000000020000001        0x3 
 .data.wybor    0x0000000020000004        0x4 Core/Src/main.o
                0x0000000020000004                wybor
 .data.SystemCoreClock
                0x0000000020000008        0x4 Core/Src/system_stm32f4xx.o
                0x0000000020000008                SystemCoreClock
 .data.uwTickPrio
                0x000000002000000c        0x4 Drivers/STM32F4xx_HAL_Driver/Src/stm32f4xx_hal.o
                0x000000002000000c                uwTickPrio
 .data.uwTickFreq
                0x0000000020000010        0x1 Drivers/STM32F4xx_HAL_Driver/Src/stm32f4xx_hal.o
                0x0000000020000010                uwTickFreq
                0x0000000020000014                . = ALIGN (0x4)
 *fill*         0x0000000020000011        0x3 
                0x0000000020000014                _edata = .

.igot.plt       0x0000000020000014        0x0 load address 0x00000000080076ac
 .igot.plt      0x0000000020000014        0x0 c:/st/stm32cubeide_1.1.0/stm32cubeide/plugins/com.st.stm32cube.ide.mcu.externaltools.gnu-tools-for-stm32.7-2018-q2-update.win32_1.0.0.201904181610/tools/bin/../lib/gcc/arm-none-eabi/7.3.1/thumb/v7e-m/fpv4-sp/hard/crtbegin.o
                0x0000000020000014                . = ALIGN (0x4)

.bss            0x0000000020000014      0x710 load address 0x00000000080076ac
                0x0000000020000014                _sbss = .
                0x0000000020000014                __bss_start__ = _sbss
 *(.bss)
 .bss           0x0000000020000014       0x1c c:/st/stm32cubeide_1.1.0/stm32cubeide/plugins/com.st.stm32cube.ide.mcu.externaltools.gnu-tools-for-stm32.7-2018-q2-update.win32_1.0.0.201904181610/tools/bin/../lib/gcc/arm-none-eabi/7.3.1/thumb/v7e-m/fpv4-sp/hard/crtbegin.o
 *(.bss*)
 .bss.Timer1    0x0000000020000030        0x1 Core/Src/diskio.o
 .bss.Timer2    0x0000000020000031        0x1 Core/Src/diskio.o
 .bss.CardType  0x0000000020000032        0x1 Core/Src/diskio.o
 .bss.PowerFlag
                0x0000000020000033        0x1 Core/Src/diskio.o
 .bss.FatFs     0x0000000020000034        0x4 Core/Src/ff.o
 .bss.Fsid      0x0000000020000038        0x2 Core/Src/ff.o
 *fill*         0x000000002000003a        0x2 
 .bss.x         0x000000002000003c        0x4 Core/Src/main.o
                0x000000002000003c                x
 .bss.FatFs     0x0000000020000040      0x230 Core/Src/main.o
 *(COMMON)
 COMMON         0x0000000020000270        0x2 Core/Src/diskio.o
                0x0000000020000270                sdcard_timer
 *fill*         0x0000000020000272        0x2 
 COMMON         0x0000000020000274      0x4aa Core/Src/main.o
                0x0000000020000274                htim4
                0x00000000200002b4                htim3
                0x00000000200002f4                adc_value
                0x00000000200002f8                file
                0x0000000020000520                hadc1
                0x0000000020000568                bytes_read
                0x000000002000056c                hdac
                0x0000000020000580                buffer
                0x0000000020000680                fresult
                0x0000000020000684                hspi1
                0x00000000200006dc                htim2
                0x000000002000071c                bytes_written
 *fill*         0x000000002000071e        0x2 
 COMMON         0x0000000020000720        0x4 Drivers/STM32F4xx_HAL_Driver/Src/stm32f4xx_hal.o
                0x0000000020000720                uwTick
                0x0000000020000724                . = ALIGN (0x4)
                0x0000000020000724                _ebss = .
                0x0000000020000724                __bss_end__ = _ebss

._user_heap_stack
                0x0000000020000724      0x604 load address 0x00000000080076ac
                0x0000000020000728                . = ALIGN (0x8)
 *fill*         0x0000000020000724        0x4 
                0x0000000020000728                PROVIDE (end = .)
                [!provide]                        PROVIDE (_end = .)
                0x0000000020000928                . = (. + _Min_Heap_Size)
 *fill*         0x0000000020000728      0x200 
                0x0000000020000d28                . = (. + _Min_Stack_Size)
 *fill*         0x0000000020000928      0x400 
                0x0000000020000d28                . = ALIGN (0x8)

/DISCARD/
 libc.a(*)
 libm.a(*)
 libgcc.a(*)

.ARM.attributes
                0x0000000000000000       0x30
 *(.ARM.attributes)
 .ARM.attributes
                0x0000000000000000       0x22 c:/st/stm32cubeide_1.1.0/stm32cubeide/plugins/com.st.stm32cube.ide.mcu.externaltools.gnu-tools-for-stm32.7-2018-q2-update.win32_1.0.0.201904181610/tools/bin/../lib/gcc/arm-none-eabi/7.3.1/thumb/v7e-m/fpv4-sp/hard/crti.o
 .ARM.attributes
                0x0000000000000022       0x34 c:/st/stm32cubeide_1.1.0/stm32cubeide/plugins/com.st.stm32cube.ide.mcu.externaltools.gnu-tools-for-stm32.7-2018-q2-update.win32_1.0.0.201904181610/tools/bin/../lib/gcc/arm-none-eabi/7.3.1/thumb/v7e-m/fpv4-sp/hard/crtbegin.o
 .ARM.attributes
                0x0000000000000056       0x39 Core/Src/diskio.o
 .ARM.attributes
                0x000000000000008f       0x39 Core/Src/ff.o
 .ARM.attributes
                0x00000000000000c8       0x39 Core/Src/main.o
 .ARM.attributes
                0x0000000000000101       0x39 Core/Src/stm32f4xx_hal_msp.o
 .ARM.attributes
                0x000000000000013a       0x39 Core/Src/stm32f4xx_it.o
 .ARM.attributes
                0x0000000000000173       0x39 Core/Src/system_stm32f4xx.o
 .ARM.attributes
                0x00000000000001ac       0x21 Core/Startup/startup_stm32f407vgtx.o
 .ARM.attributes
                0x00000000000001cd       0x39 Drivers/STM32F4xx_HAL_Driver/Src/stm32f4xx_hal.o
 .ARM.attributes
                0x0000000000000206       0x39 Drivers/STM32F4xx_HAL_Driver/Src/stm32f4xx_hal_adc.o
 .ARM.attributes
                0x000000000000023f       0x39 Drivers/STM32F4xx_HAL_Driver/Src/stm32f4xx_hal_cortex.o
 .ARM.attributes
                0x0000000000000278       0x39 Drivers/STM32F4xx_HAL_Driver/Src/stm32f4xx_hal_dac.o
 .ARM.attributes
                0x00000000000002b1       0x39 Drivers/STM32F4xx_HAL_Driver/Src/stm32f4xx_hal_gpio.o
 .ARM.attributes
                0x00000000000002ea       0x39 Drivers/STM32F4xx_HAL_Driver/Src/stm32f4xx_hal_rcc.o
 .ARM.attributes
                0x0000000000000323       0x39 Drivers/STM32F4xx_HAL_Driver/Src/stm32f4xx_hal_spi.o
 .ARM.attributes
                0x000000000000035c       0x39 Drivers/STM32F4xx_HAL_Driver/Src/stm32f4xx_hal_tim.o
 .ARM.attributes
                0x0000000000000395       0x39 Drivers/STM32F4xx_HAL_Driver/Src/stm32f4xx_hal_tim_ex.o
 .ARM.attributes
                0x00000000000003ce       0x34 c:/st/stm32cubeide_1.1.0/stm32cubeide/plugins/com.st.stm32cube.ide.mcu.externaltools.gnu-tools-for-stm32.7-2018-q2-update.win32_1.0.0.201904181610/tools/bin/../lib/gcc/arm-none-eabi/7.3.1/../../../../arm-none-eabi/lib/thumb/v7e-m/fpv4-sp/hard\libc_nano.a(lib_a-init.o)
 .ARM.attributes
                0x0000000000000402       0x34 c:/st/stm32cubeide_1.1.0/stm32cubeide/plugins/com.st.stm32cube.ide.mcu.externaltools.gnu-tools-for-stm32.7-2018-q2-update.win32_1.0.0.201904181610/tools/bin/../lib/gcc/arm-none-eabi/7.3.1/../../../../arm-none-eabi/lib/thumb/v7e-m/fpv4-sp/hard\libc_nano.a(lib_a-memset.o)
 .ARM.attributes
                0x0000000000000436       0x22 c:/st/stm32cubeide_1.1.0/stm32cubeide/plugins/com.st.stm32cube.ide.mcu.externaltools.gnu-tools-for-stm32.7-2018-q2-update.win32_1.0.0.201904181610/tools/bin/../lib/gcc/arm-none-eabi/7.3.1/thumb/v7e-m/fpv4-sp/hard\libgcc.a(_arm_addsubdf3.o)
 .ARM.attributes
                0x0000000000000458       0x22 c:/st/stm32cubeide_1.1.0/stm32cubeide/plugins/com.st.stm32cube.ide.mcu.externaltools.gnu-tools-for-stm32.7-2018-q2-update.win32_1.0.0.201904181610/tools/bin/../lib/gcc/arm-none-eabi/7.3.1/thumb/v7e-m/fpv4-sp/hard\libgcc.a(_arm_muldivdf3.o)
 .ARM.attributes
                0x000000000000047a       0x22 c:/st/stm32cubeide_1.1.0/stm32cubeide/plugins/com.st.stm32cube.ide.mcu.externaltools.gnu-tools-for-stm32.7-2018-q2-update.win32_1.0.0.201904181610/tools/bin/../lib/gcc/arm-none-eabi/7.3.1/thumb/v7e-m/fpv4-sp/hard\libgcc.a(_arm_fixdfsi.o)
 .ARM.attributes
                0x000000000000049c       0x22 c:/st/stm32cubeide_1.1.0/stm32cubeide/plugins/com.st.stm32cube.ide.mcu.externaltools.gnu-tools-for-stm32.7-2018-q2-update.win32_1.0.0.201904181610/tools/bin/../lib/gcc/arm-none-eabi/7.3.1/thumb/v7e-m/fpv4-sp/hard\libgcc.a(_aeabi_uldivmod.o)
 .ARM.attributes
                0x00000000000004be       0x34 c:/st/stm32cubeide_1.1.0/stm32cubeide/plugins/com.st.stm32cube.ide.mcu.externaltools.gnu-tools-for-stm32.7-2018-q2-update.win32_1.0.0.201904181610/tools/bin/../lib/gcc/arm-none-eabi/7.3.1/thumb/v7e-m/fpv4-sp/hard\libgcc.a(_udivmoddi4.o)
 .ARM.attributes
                0x00000000000004f2       0x22 c:/st/stm32cubeide_1.1.0/stm32cubeide/plugins/com.st.stm32cube.ide.mcu.externaltools.gnu-tools-for-stm32.7-2018-q2-update.win32_1.0.0.201904181610/tools/bin/../lib/gcc/arm-none-eabi/7.3.1/thumb/v7e-m/fpv4-sp/hard\libgcc.a(_dvmd_tls.o)
 .ARM.attributes
                0x0000000000000514       0x22 c:/st/stm32cubeide_1.1.0/stm32cubeide/plugins/com.st.stm32cube.ide.mcu.externaltools.gnu-tools-for-stm32.7-2018-q2-update.win32_1.0.0.201904181610/tools/bin/../lib/gcc/arm-none-eabi/7.3.1/thumb/v7e-m/fpv4-sp/hard/crtn.o
OUTPUT(projekt.elf elf32-littlearm)

.debug_info     0x0000000000000000     0xeaa3
 .debug_info    0x0000000000000000      0xb9a Core/Src/diskio.o
 .debug_info    0x0000000000000b9a     0x1983 Core/Src/ff.o
 .debug_info    0x000000000000251d     0x1937 Core/Src/main.o
 .debug_info    0x0000000000003e54     0x1432 Core/Src/stm32f4xx_hal_msp.o
 .debug_info    0x0000000000005286      0x71f Core/Src/stm32f4xx_it.o
 .debug_info    0x00000000000059a5      0x554 Core/Src/system_stm32f4xx.o
 .debug_info    0x0000000000005ef9       0x22 Core/Startup/startup_stm32f407vgtx.o
 .debug_info    0x0000000000005f1b      0x945 Drivers/STM32F4xx_HAL_Driver/Src/stm32f4xx_hal.o
 .debug_info    0x0000000000006860      0xcee Drivers/STM32F4xx_HAL_Driver/Src/stm32f4xx_hal_adc.o
 .debug_info    0x000000000000754e      0xe28 Drivers/STM32F4xx_HAL_Driver/Src/stm32f4xx_hal_cortex.o
 .debug_info    0x0000000000008376      0xa3a Drivers/STM32F4xx_HAL_Driver/Src/stm32f4xx_hal_dac.o
 .debug_info    0x0000000000008db0      0x7b5 Drivers/STM32F4xx_HAL_Driver/Src/stm32f4xx_hal_gpio.o
 .debug_info    0x0000000000009565      0x904 Drivers/STM32F4xx_HAL_Driver/Src/stm32f4xx_hal_rcc.o
 .debug_info    0x0000000000009e69     0x163a Drivers/STM32F4xx_HAL_Driver/Src/stm32f4xx_hal_spi.o
 .debug_info    0x000000000000b4a3     0x24a9 Drivers/STM32F4xx_HAL_Driver/Src/stm32f4xx_hal_tim.o
 .debug_info    0x000000000000d94c     0x1157 Drivers/STM32F4xx_HAL_Driver/Src/stm32f4xx_hal_tim_ex.o

.debug_abbrev   0x0000000000000000     0x1edb
 .debug_abbrev  0x0000000000000000      0x295 Core/Src/diskio.o
 .debug_abbrev  0x0000000000000295      0x1b1 Core/Src/ff.o
 .debug_abbrev  0x0000000000000446      0x2da Core/Src/main.o
 .debug_abbrev  0x0000000000000720      0x1de Core/Src/stm32f4xx_hal_msp.o
 .debug_abbrev  0x00000000000008fe      0x15a Core/Src/stm32f4xx_it.o
 .debug_abbrev  0x0000000000000a58      0x12b Core/Src/system_stm32f4xx.o
 .debug_abbrev  0x0000000000000b83       0x12 Core/Startup/startup_stm32f407vgtx.o
 .debug_abbrev  0x0000000000000b95      0x1c7 Drivers/STM32F4xx_HAL_Driver/Src/stm32f4xx_hal.o
 .debug_abbrev  0x0000000000000d5c      0x205 Drivers/STM32F4xx_HAL_Driver/Src/stm32f4xx_hal_adc.o
 .debug_abbrev  0x0000000000000f61      0x2fa Drivers/STM32F4xx_HAL_Driver/Src/stm32f4xx_hal_cortex.o
 .debug_abbrev  0x000000000000125b      0x1e4 Drivers/STM32F4xx_HAL_Driver/Src/stm32f4xx_hal_dac.o
 .debug_abbrev  0x000000000000143f      0x1c9 Drivers/STM32F4xx_HAL_Driver/Src/stm32f4xx_hal_gpio.o
 .debug_abbrev  0x0000000000001608      0x245 Drivers/STM32F4xx_HAL_Driver/Src/stm32f4xx_hal_rcc.o
 .debug_abbrev  0x000000000000184d      0x240 Drivers/STM32F4xx_HAL_Driver/Src/stm32f4xx_hal_spi.o
 .debug_abbrev  0x0000000000001a8d      0x230 Drivers/STM32F4xx_HAL_Driver/Src/stm32f4xx_hal_tim.o
 .debug_abbrev  0x0000000000001cbd      0x21e Drivers/STM32F4xx_HAL_Driver/Src/stm32f4xx_hal_tim_ex.o

.debug_aranges  0x0000000000000000      0xf90
 .debug_aranges
                0x0000000000000000       0xb8 Core/Src/diskio.o
 .debug_aranges
                0x00000000000000b8      0x1b0 Core/Src/ff.o
 .debug_aranges
                0x0000000000000268       0xa0 Core/Src/main.o
 .debug_aranges
                0x0000000000000308       0x68 Core/Src/stm32f4xx_hal_msp.o
 .debug_aranges
                0x0000000000000370       0x78 Core/Src/stm32f4xx_it.o
 .debug_aranges
                0x00000000000003e8       0x28 Core/Src/system_stm32f4xx.o
 .debug_aranges
                0x0000000000000410       0x28 Core/Startup/startup_stm32f407vgtx.o
 .debug_aranges
                0x0000000000000438       0xf0 Drivers/STM32F4xx_HAL_Driver/Src/stm32f4xx_hal.o
 .debug_aranges
                0x0000000000000528       0xe8 Drivers/STM32F4xx_HAL_Driver/Src/stm32f4xx_hal_adc.o
 .debug_aranges
                0x0000000000000610      0x118 Drivers/STM32F4xx_HAL_Driver/Src/stm32f4xx_hal_cortex.o
 .debug_aranges
                0x0000000000000728       0xc0 Drivers/STM32F4xx_HAL_Driver/Src/stm32f4xx_hal_dac.o
 .debug_aranges
                0x00000000000007e8       0x58 Drivers/STM32F4xx_HAL_Driver/Src/stm32f4xx_hal_gpio.o
 .debug_aranges
                0x0000000000000840       0x88 Drivers/STM32F4xx_HAL_Driver/Src/stm32f4xx_hal_rcc.o
 .debug_aranges
                0x00000000000008c8      0x1d0 Drivers/STM32F4xx_HAL_Driver/Src/stm32f4xx_hal_spi.o
 .debug_aranges
                0x0000000000000a98      0x3a8 Drivers/STM32F4xx_HAL_Driver/Src/stm32f4xx_hal_tim.o
 .debug_aranges
                0x0000000000000e40      0x150 Drivers/STM32F4xx_HAL_Driver/Src/stm32f4xx_hal_tim_ex.o

.debug_ranges   0x0000000000000000      0xe98
 .debug_ranges  0x0000000000000000       0xa8 Core/Src/diskio.o
 .debug_ranges  0x00000000000000a8      0x1a0 Core/Src/ff.o
 .debug_ranges  0x0000000000000248       0x90 Core/Src/main.o
 .debug_ranges  0x00000000000002d8       0x58 Core/Src/stm32f4xx_hal_msp.o
 .debug_ranges  0x0000000000000330       0x68 Core/Src/stm32f4xx_it.o
 .debug_ranges  0x0000000000000398       0x18 Core/Src/system_stm32f4xx.o
 .debug_ranges  0x00000000000003b0       0x20 Core/Startup/startup_stm32f407vgtx.o
 .debug_ranges  0x00000000000003d0       0xe0 Drivers/STM32F4xx_HAL_Driver/Src/stm32f4xx_hal.o
 .debug_ranges  0x00000000000004b0       0xd8 Drivers/STM32F4xx_HAL_Driver/Src/stm32f4xx_hal_adc.o
 .debug_ranges  0x0000000000000588      0x108 Drivers/STM32F4xx_HAL_Driver/Src/stm32f4xx_hal_cortex.o
 .debug_ranges  0x0000000000000690       0xb0 Drivers/STM32F4xx_HAL_Driver/Src/stm32f4xx_hal_dac.o
 .debug_ranges  0x0000000000000740       0x48 Drivers/STM32F4xx_HAL_Driver/Src/stm32f4xx_hal_gpio.o
 .debug_ranges  0x0000000000000788       0x78 Drivers/STM32F4xx_HAL_Driver/Src/stm32f4xx_hal_rcc.o
 .debug_ranges  0x0000000000000800      0x1c0 Drivers/STM32F4xx_HAL_Driver/Src/stm32f4xx_hal_spi.o
 .debug_ranges  0x00000000000009c0      0x398 Drivers/STM32F4xx_HAL_Driver/Src/stm32f4xx_hal_tim.o
 .debug_ranges  0x0000000000000d58      0x140 Drivers/STM32F4xx_HAL_Driver/Src/stm32f4xx_hal_tim_ex.o

.debug_macro    0x0000000000000000    0x21627
 .debug_macro   0x0000000000000000      0x28d Core/Src/diskio.o
 .debug_macro   0x000000000000028d      0xa5a Core/Src/diskio.o
 .debug_macro   0x0000000000000ce7      0x196 Core/Src/diskio.o
 .debug_macro   0x0000000000000e7d       0x32 Core/Src/diskio.o
 .debug_macro   0x0000000000000eaf       0x2f Core/Src/diskio.o
 .debug_macro   0x0000000000000ede       0x22 Core/Src/diskio.o
 .debug_macro   0x0000000000000f00       0x8e Core/Src/diskio.o
 .debug_macro   0x0000000000000f8e       0x51 Core/Src/diskio.o
 .debug_macro   0x0000000000000fdf       0xef Core/Src/diskio.o
 .debug_macro   0x00000000000010ce       0x6a Core/Src/diskio.o
 .debug_macro   0x0000000000001138      0x1df Core/Src/diskio.o
 .debug_macro   0x0000000000001317       0x1c Core/Src/diskio.o
 .debug_macro   0x0000000000001333       0x22 Core/Src/diskio.o
 .debug_macro   0x0000000000001355       0xdf Core/Src/diskio.o
 .debug_macro   0x0000000000001434     0x102d Core/Src/diskio.o
 .debug_macro   0x0000000000002461      0x11f Core/Src/diskio.o
 .debug_macro   0x0000000000002580    0x15e3c Core/Src/diskio.o
 .debug_macro   0x00000000000183bc       0x43 Core/Src/diskio.o
 .debug_macro   0x00000000000183ff     0x3652 Core/Src/diskio.o
 .debug_macro   0x000000000001ba51      0x174 Core/Src/diskio.o
 .debug_macro   0x000000000001bbc5       0x5a Core/Src/diskio.o
 .debug_macro   0x000000000001bc1f      0x96b Core/Src/diskio.o
 .debug_macro   0x000000000001c58a      0x9fe Core/Src/diskio.o
 .debug_macro   0x000000000001cf88      0x174 Core/Src/diskio.o
 .debug_macro   0x000000000001d0fc      0x117 Core/Src/diskio.o
 .debug_macro   0x000000000001d213      0x13e Core/Src/diskio.o
 .debug_macro   0x000000000001d351       0x27 Core/Src/diskio.o
 .debug_macro   0x000000000001d378      0x287 Core/Src/diskio.o
 .debug_macro   0x000000000001d5ff       0x5f Core/Src/diskio.o
 .debug_macro   0x000000000001d65e      0x236 Core/Src/diskio.o
 .debug_macro   0x000000000001d894      0x391 Core/Src/diskio.o
 .debug_macro   0x000000000001dc25      0x176 Core/Src/diskio.o
 .debug_macro   0x000000000001dd9b       0xf9 Core/Src/diskio.o
 .debug_macro   0x000000000001de94       0xea Core/Src/diskio.o
 .debug_macro   0x000000000001df7e       0xa0 Core/Src/diskio.o
 .debug_macro   0x000000000001e01e       0x3c Core/Src/diskio.o
 .debug_macro   0x000000000001e05a      0x12c Core/Src/diskio.o
 .debug_macro   0x000000000001e186      0x21e Core/Src/diskio.o
 .debug_macro   0x000000000001e3a4       0x2e Core/Src/diskio.o
 .debug_macro   0x000000000001e3d2      0x11a Core/Src/diskio.o
 .debug_macro   0x000000000001e4ec       0x7e Core/Src/diskio.o
 .debug_macro   0x000000000001e56a       0x89 Core/Src/diskio.o
 .debug_macro   0x000000000001e5f3      0x225 Core/Src/diskio.o
 .debug_macro   0x000000000001e818      0x8a0 Core/Src/diskio.o
 .debug_macro   0x000000000001f0b8       0x47 Core/Src/diskio.o
 .debug_macro   0x000000000001f0ff      0x12d Core/Src/diskio.o
 .debug_macro   0x000000000001f22c       0xf8 Core/Src/diskio.o
 .debug_macro   0x000000000001f324       0xf5 Core/Src/diskio.o
 .debug_macro   0x000000000001f419       0xc4 Core/Src/diskio.o
 .debug_macro   0x000000000001f4dd      0x528 Core/Src/ff.o
 .debug_macro   0x000000000001fa05       0xef Core/Src/ff.o
 .debug_macro   0x000000000001faf4      0x222 Core/Src/main.o
 .debug_macro   0x000000000001fd16      0x20a Core/Src/stm32f4xx_hal_msp.o
 .debug_macro   0x000000000001ff20      0x235 Core/Src/stm32f4xx_it.o
 .debug_macro   0x0000000000020155      0x206 Core/Src/system_stm32f4xx.o
 .debug_macro   0x000000000002035b      0x260 Drivers/STM32F4xx_HAL_Driver/Src/stm32f4xx_hal.o
 .debug_macro   0x00000000000205bb      0x201 Drivers/STM32F4xx_HAL_Driver/Src/stm32f4xx_hal_adc.o
 .debug_macro   0x00000000000207bc      0x200 Drivers/STM32F4xx_HAL_Driver/Src/stm32f4xx_hal_cortex.o
 .debug_macro   0x00000000000209bc      0x201 Drivers/STM32F4xx_HAL_Driver/Src/stm32f4xx_hal_dac.o
 .debug_macro   0x0000000000020bbd      0x236 Drivers/STM32F4xx_HAL_Driver/Src/stm32f4xx_hal_gpio.o
 .debug_macro   0x0000000000020df3      0x224 Drivers/STM32F4xx_HAL_Driver/Src/stm32f4xx_hal_rcc.o
 .debug_macro   0x0000000000021017      0x20f Drivers/STM32F4xx_HAL_Driver/Src/stm32f4xx_hal_spi.o
 .debug_macro   0x0000000000021226      0x201 Drivers/STM32F4xx_HAL_Driver/Src/stm32f4xx_hal_tim.o
 .debug_macro   0x0000000000021427      0x200 Drivers/STM32F4xx_HAL_Driver/Src/stm32f4xx_hal_tim_ex.o

.debug_line     0x0000000000000000     0xb069
 .debug_line    0x0000000000000000      0xa7a Core/Src/diskio.o
 .debug_line    0x0000000000000a7a     0x11f6 Core/Src/ff.o
 .debug_line    0x0000000000001c70      0x942 Core/Src/main.o
 .debug_line    0x00000000000025b2      0x823 Core/Src/stm32f4xx_hal_msp.o
 .debug_line    0x0000000000002dd5      0x81c Core/Src/stm32f4xx_it.o
 .debug_line    0x00000000000035f1      0x73d Core/Src/system_stm32f4xx.o
 .debug_line    0x0000000000003d2e       0x86 Core/Startup/startup_stm32f407vgtx.o
 .debug_line    0x0000000000003db4      0x927 Drivers/STM32F4xx_HAL_Driver/Src/stm32f4xx_hal.o
 .debug_line    0x00000000000046db      0xb8c Drivers/STM32F4xx_HAL_Driver/Src/stm32f4xx_hal_adc.o
 .debug_line    0x0000000000005267      0xa4b Drivers/STM32F4xx_HAL_Driver/Src/stm32f4xx_hal_cortex.o
 .debug_line    0x0000000000005cb2      0x97b Drivers/STM32F4xx_HAL_Driver/Src/stm32f4xx_hal_dac.o
 .debug_line    0x000000000000662d      0x906 Drivers/STM32F4xx_HAL_Driver/Src/stm32f4xx_hal_gpio.o
 .debug_line    0x0000000000006f33      0x97f Drivers/STM32F4xx_HAL_Driver/Src/stm32f4xx_hal_rcc.o
 .debug_line    0x00000000000078b2     0x10da Drivers/STM32F4xx_HAL_Driver/Src/stm32f4xx_hal_spi.o
 .debug_line    0x000000000000898c     0x19a0 Drivers/STM32F4xx_HAL_Driver/Src/stm32f4xx_hal_tim.o
 .debug_line    0x000000000000a32c      0xd3d Drivers/STM32F4xx_HAL_Driver/Src/stm32f4xx_hal_tim_ex.o

.debug_str      0x0000000000000000    0xcf16d
 .debug_str     0x0000000000000000    0xc7c0f Core/Src/diskio.o
                                      0xc7f0d (size before relaxing)
 .debug_str     0x00000000000c7c0f     0x3bf8 Core/Src/ff.o
                                       0x7f95 (size before relaxing)
 .debug_str     0x00000000000cb807      0x96d Core/Src/main.o
                                      0xc8666 (size before relaxing)
 .debug_str     0x00000000000cc174      0x5b7 Core/Src/stm32f4xx_hal_msp.o
                                      0xc80f0 (size before relaxing)
 .debug_str     0x00000000000cc72b       0xec Core/Src/stm32f4xx_it.o
                                      0xc7d1b (size before relaxing)
 .debug_str     0x00000000000cc817       0xc4 Core/Src/system_stm32f4xx.o
                                      0xc72c1 (size before relaxing)
 .debug_str     0x00000000000cc8db       0x36 Core/Startup/startup_stm32f407vgtx.o
                                         0x5f (size before relaxing)
 .debug_str     0x00000000000cc911      0x58d Drivers/STM32F4xx_HAL_Driver/Src/stm32f4xx_hal.o
                                      0xc7d8e (size before relaxing)
 .debug_str     0x00000000000cce9e      0x29d Drivers/STM32F4xx_HAL_Driver/Src/stm32f4xx_hal_adc.o
                                      0xc7858 (size before relaxing)
 .debug_str     0x00000000000cd13b      0x392 Drivers/STM32F4xx_HAL_Driver/Src/stm32f4xx_hal_cortex.o
                                      0xc7b7d (size before relaxing)
 .debug_str     0x00000000000cd4cd      0x1bd Drivers/STM32F4xx_HAL_Driver/Src/stm32f4xx_hal_dac.o
                                      0xc76e5 (size before relaxing)
 .debug_str     0x00000000000cd68a      0x20c Drivers/STM32F4xx_HAL_Driver/Src/stm32f4xx_hal_gpio.o
                                      0xc7500 (size before relaxing)
 .debug_str     0x00000000000cd896      0x259 Drivers/STM32F4xx_HAL_Driver/Src/stm32f4xx_hal_rcc.o
                                      0xc76ae (size before relaxing)
 .debug_str     0x00000000000cdaef      0x555 Drivers/STM32F4xx_HAL_Driver/Src/stm32f4xx_hal_spi.o
                                      0xc7b2f (size before relaxing)
 .debug_str     0x00000000000ce044      0xc87 Drivers/STM32F4xx_HAL_Driver/Src/stm32f4xx_hal_tim.o
                                      0xc83cd (size before relaxing)
 .debug_str     0x00000000000ceccb      0x4a2 Drivers/STM32F4xx_HAL_Driver/Src/stm32f4xx_hal_tim_ex.o
                                      0xc7bcd (size before relaxing)

.comment        0x0000000000000000       0x7b
 .comment       0x0000000000000000       0x7b Core/Src/diskio.o
                                         0x7c (size before relaxing)
 .comment       0x000000000000007b       0x7c Core/Src/ff.o
 .comment       0x000000000000007b       0x7c Core/Src/main.o
 .comment       0x000000000000007b       0x7c Core/Src/stm32f4xx_hal_msp.o
 .comment       0x000000000000007b       0x7c Core/Src/stm32f4xx_it.o
 .comment       0x000000000000007b       0x7c Core/Src/system_stm32f4xx.o
 .comment       0x000000000000007b       0x7c Drivers/STM32F4xx_HAL_Driver/Src/stm32f4xx_hal.o
 .comment       0x000000000000007b       0x7c Drivers/STM32F4xx_HAL_Driver/Src/stm32f4xx_hal_adc.o
 .comment       0x000000000000007b       0x7c Drivers/STM32F4xx_HAL_Driver/Src/stm32f4xx_hal_cortex.o
 .comment       0x000000000000007b       0x7c Drivers/STM32F4xx_HAL_Driver/Src/stm32f4xx_hal_dac.o
 .comment       0x000000000000007b       0x7c Drivers/STM32F4xx_HAL_Driver/Src/stm32f4xx_hal_gpio.o
 .comment       0x000000000000007b       0x7c Drivers/STM32F4xx_HAL_Driver/Src/stm32f4xx_hal_rcc.o
 .comment       0x000000000000007b       0x7c Drivers/STM32F4xx_HAL_Driver/Src/stm32f4xx_hal_spi.o
 .comment       0x000000000000007b       0x7c Drivers/STM32F4xx_HAL_Driver/Src/stm32f4xx_hal_tim.o
 .comment       0x000000000000007b       0x7c Drivers/STM32F4xx_HAL_Driver/Src/stm32f4xx_hal_tim_ex.o

.debug_frame    0x0000000000000000     0x4304
 .debug_frame   0x0000000000000000      0x2d4 Core/Src/diskio.o
 .debug_frame   0x00000000000002d4      0x788 Core/Src/ff.o
 .debug_frame   0x0000000000000a5c      0x258 Core/Src/main.o
 .debug_frame   0x0000000000000cb4      0x178 Core/Src/stm32f4xx_hal_msp.o
 .debug_frame   0x0000000000000e2c      0x164 Core/Src/stm32f4xx_it.o
 .debug_frame   0x0000000000000f90       0x58 Core/Src/system_stm32f4xx.o
 .debug_frame   0x0000000000000fe8      0x374 Drivers/STM32F4xx_HAL_Driver/Src/stm32f4xx_hal.o
 .debug_frame   0x000000000000135c      0x3fc Drivers/STM32F4xx_HAL_Driver/Src/stm32f4xx_hal_adc.o
 .debug_frame   0x0000000000001758      0x498 Drivers/STM32F4xx_HAL_Driver/Src/stm32f4xx_hal_cortex.o
 .debug_frame   0x0000000000001bf0      0x338 Drivers/STM32F4xx_HAL_Driver/Src/stm32f4xx_hal_dac.o
 .debug_frame   0x0000000000001f28      0x14c Drivers/STM32F4xx_HAL_Driver/Src/stm32f4xx_hal_gpio.o
 .debug_frame   0x0000000000002074      0x1f0 Drivers/STM32F4xx_HAL_Driver/Src/stm32f4xx_hal_rcc.o
 .debug_frame   0x0000000000002264      0x824 Drivers/STM32F4xx_HAL_Driver/Src/stm32f4xx_hal_spi.o
 .debug_frame   0x0000000000002a88     0x10f0 Drivers/STM32F4xx_HAL_Driver/Src/stm32f4xx_hal_tim.o
 .debug_frame   0x0000000000003b78      0x5c0 Drivers/STM32F4xx_HAL_Driver/Src/stm32f4xx_hal_tim_ex.o
 .debug_frame   0x0000000000004138       0x2c c:/st/stm32cubeide_1.1.0/stm32cubeide/plugins/com.st.stm32cube.ide.mcu.externaltools.gnu-tools-for-stm32.7-2018-q2-update.win32_1.0.0.201904181610/tools/bin/../lib/gcc/arm-none-eabi/7.3.1/../../../../arm-none-eabi/lib/thumb/v7e-m/fpv4-sp/hard\libc_nano.a(lib_a-init.o)
 .debug_frame   0x0000000000004164       0x20 c:/st/stm32cubeide_1.1.0/stm32cubeide/plugins/com.st.stm32cube.ide.mcu.externaltools.gnu-tools-for-stm32.7-2018-q2-update.win32_1.0.0.201904181610/tools/bin/../lib/gcc/arm-none-eabi/7.3.1/../../../../arm-none-eabi/lib/thumb/v7e-m/fpv4-sp/hard\libc_nano.a(lib_a-memset.o)
 .debug_frame   0x0000000000004184       0xac c:/st/stm32cubeide_1.1.0/stm32cubeide/plugins/com.st.stm32cube.ide.mcu.externaltools.gnu-tools-for-stm32.7-2018-q2-update.win32_1.0.0.201904181610/tools/bin/../lib/gcc/arm-none-eabi/7.3.1/thumb/v7e-m/fpv4-sp/hard\libgcc.a(_arm_addsubdf3.o)
 .debug_frame   0x0000000000004230       0x50 c:/st/stm32cubeide_1.1.0/stm32cubeide/plugins/com.st.stm32cube.ide.mcu.externaltools.gnu-tools-for-stm32.7-2018-q2-update.win32_1.0.0.201904181610/tools/bin/../lib/gcc/arm-none-eabi/7.3.1/thumb/v7e-m/fpv4-sp/hard\libgcc.a(_arm_muldivdf3.o)
 .debug_frame   0x0000000000004280       0x24 c:/st/stm32cubeide_1.1.0/stm32cubeide/plugins/com.st.stm32cube.ide.mcu.externaltools.gnu-tools-for-stm32.7-2018-q2-update.win32_1.0.0.201904181610/tools/bin/../lib/gcc/arm-none-eabi/7.3.1/thumb/v7e-m/fpv4-sp/hard\libgcc.a(_arm_fixdfsi.o)
 .debug_frame   0x00000000000042a4       0x2c c:/st/stm32cubeide_1.1.0/stm32cubeide/plugins/com.st.stm32cube.ide.mcu.externaltools.gnu-tools-for-stm32.7-2018-q2-update.win32_1.0.0.201904181610/tools/bin/../lib/gcc/arm-none-eabi/7.3.1/thumb/v7e-m/fpv4-sp/hard\libgcc.a(_aeabi_uldivmod.o)
 .debug_frame   0x00000000000042d0       0x34 c:/st/stm32cubeide_1.1.0/stm32cubeide/plugins/com.st.stm32cube.ide.mcu.externaltools.gnu-tools-for-stm32.7-2018-q2-update.win32_1.0.0.201904181610/tools/bin/../lib/gcc/arm-none-eabi/7.3.1/thumb/v7e-m/fpv4-sp/hard\libgcc.a(_udivmoddi4.o)
