main.c:82:6:writeSD	24	static
main.c:92:6:readSD	8	static
main.c:103:6:HAL_TIM_PeriodElapsedCallback	24	static
main.c:120:6:rgb1_set	16	static
main.c:128:6:rgb1_set_color	8	static
main.c:147:6:rgb2_set	16	static
main.c:155:6:rgb2_set_intensity	8	static
main.c:260:5:main	8	static
main.c:381:6:SystemClock_Config	88	static
main.c:424:13:MX_ADC1_Init	24	static
main.c:474:13:MX_DAC_Init	16	static
main.c:512:13:MX_SPI1_Init	8	static
main.c:550:13:MX_TIM2_Init	64	static
main.c:609:13:MX_TIM3_Init	64	static
main.c:676:13:MX_TIM4_Init	32	static
main.c:721:13:MX_GPIO_Init	56	static
main.c:781:6:Error_Handler	4	static
