main.c:103:6:HAL_TIM_PeriodElapsedCallback	24	static
main.c:120:6:rgb1_set	16	static
main.c:128:6:rgb1_set_color	8	static
main.c:147:6:rgb2_set	16	static
main.c:155:6:rgb2_set_intensity	8	static
main.c:202:6:read_bottoms	8	static
main.c:256:5:main	8	static
main.c:317:6:SystemClock_Config	88	static
main.c:360:13:MX_ADC1_Init	24	static
main.c:410:13:MX_DAC_Init	16	static
main.c:448:13:MX_SPI1_Init	8	static
main.c:486:13:MX_TIM2_Init	64	static
main.c:545:13:MX_TIM3_Init	64	static
main.c:612:13:MX_TIM4_Init	32	static
main.c:657:13:MX_GPIO_Init	56	static
main.c:717:6:Error_Handler	4	static
