main.c:100:6:writeSD	24	static
main.c:111:6:readSD	8	static
main.c:123:6:HAL_TIM_PeriodElapsedCallback	24	static
main.c:195:6:set_volume	16	static
main.c:210:6:rgb1_set	16	static
main.c:219:6:rgb2_set	16	static
main.c:227:6:rgb2_set_intensity	8	static
main.c:247:6:read_bottoms	16	static
main.c:381:6:petla	48	static
main.c:406:5:main	8	static
main.c:477:6:SystemClock_Config	88	static
main.c:520:13:MX_ADC1_Init	24	static
main.c:570:13:MX_DAC_Init	16	static
main.c:614:13:MX_SPI1_Init	8	static
main.c:652:13:MX_TIM2_Init	48	static
main.c:701:13:MX_TIM3_Init	48	static
main.c:758:13:MX_TIM4_Init	32	static
main.c:803:13:MX_TIM5_Init	32	static
main.c:848:13:MX_GPIO_Init	56	static
main.c:923:6:Error_Handler	4	static
