main.c:99:6:writeSD	24	static
main.c:110:6:readSD	8	static
main.c:122:6:HAL_TIM_PeriodElapsedCallback	16	static
main.c:145:6:HAL_TIM_PeriodElapsedCallback1	24	static
main.c:160:6:set_volume	16	static
main.c:175:6:rgb1_set	16	static
main.c:184:6:rgb2_set	16	static
main.c:192:6:rgb2_set_intensity	8	static
main.c:198:6:HAL_TIM_PeriodElapsedCallback_DiodeRGB2	16	static
main.c:236:6:read_bottoms	16	static
main.c:358:6:petla	48	static
main.c:383:5:main	8	static
main.c:446:6:SystemClock_Config	88	static
main.c:489:13:MX_ADC1_Init	24	static
main.c:539:13:MX_DAC_Init	16	static
main.c:577:13:MX_SPI1_Init	8	static
main.c:615:13:MX_TIM2_Init	48	static
main.c:664:13:MX_TIM3_Init	48	static
main.c:721:13:MX_TIM4_Init	32	static
main.c:766:13:MX_TIM5_Init	32	static
main.c:811:13:MX_GPIO_Init	56	static
main.c:886:6:Error_Handler	4	static
