STM_MY_LCD16X2.c:41:13:LCD1602_EnablePulse	16	static
STM_MY_LCD16X2.c:53:13:LCD1602_RS	16	static
STM_MY_LCD16X2.c:60:13:LCD1602_write	24	static
STM_MY_LCD16X2.c:101:13:LCD1602_TIM_Config	48	static
STM_MY_LCD16X2.c:135:13:LCD1602_TIM_MicorSecDelay	16	static
STM_MY_LCD16X2.c:141:13:LCD1602_writeCommand	16	static
STM_MY_LCD16X2.c:150:13:LCD1602_writeData	16	static
STM_MY_LCD16X2.c:158:13:LCD1602_write4bitCommand	24	static
STM_MY_LCD16X2.c:174:6:LCD1602_Begin8BIT	24	static
STM_MY_LCD16X2.c:216:6:LCD1602_Begin4BIT	24	static
STM_MY_LCD16X2.c:256:6:LCD1602_print	24	static
STM_MY_LCD16X2.c:264:6:LCD1602_setCursor	24	static
STM_MY_LCD16X2.c:279:6:LCD1602_1stLine	8	static
STM_MY_LCD16X2.c:283:6:LCD1602_2ndLine	8	static
STM_MY_LCD16X2.c:288:6:LCD1602_TwoLines	8	static
STM_MY_LCD16X2.c:293:6:LCD1602_OneLine	8	static
STM_MY_LCD16X2.c:299:6:LCD1602_noCursor	8	static
STM_MY_LCD16X2.c:304:6:LCD1602_cursor	8	static
STM_MY_LCD16X2.c:310:6:LCD1602_clear	8	static
STM_MY_LCD16X2.c:316:6:LCD1602_noBlink	8	static
STM_MY_LCD16X2.c:321:6:LCD1602_blink	8	static
STM_MY_LCD16X2.c:327:6:LCD1602_noDisplay	8	static
STM_MY_LCD16X2.c:332:6:LCD1602_display	8	static
STM_MY_LCD16X2.c:338:6:LCD1602_shiftToRight	24	static
STM_MY_LCD16X2.c:345:6:LCD1602_shiftToLeft	24	static
STM_MY_LCD16X2.c:355:6:LCD1602_PrintInt	32	static
