STM_MY_LCD16X2.c:38:13:LCD1602_EnablePulse	8	static
STM_MY_LCD16X2.c:46:13:LCD1602_RS	16	static
STM_MY_LCD16X2.c:53:13:LCD1602_write	24	static
STM_MY_LCD16X2.c:94:13:LCD1602_TIM_Config	48	static
STM_MY_LCD16X2.c:128:13:LCD1602_TIM_MicorSecDelay	16	static
STM_MY_LCD16X2.c:134:13:LCD1602_writeCommand	16	static
STM_MY_LCD16X2.c:143:13:LCD1602_writeData	16	static
STM_MY_LCD16X2.c:151:13:LCD1602_write4bitCommand	24	static
STM_MY_LCD16X2.c:167:6:LCD1602_Begin8BIT	24	static
STM_MY_LCD16X2.c:209:6:LCD1602_Begin4BIT	24	static
STM_MY_LCD16X2.c:249:6:LCD1602_print	24	static
STM_MY_LCD16X2.c:257:6:LCD1602_setCursor	24	static
STM_MY_LCD16X2.c:272:6:LCD1602_1stLine	8	static
STM_MY_LCD16X2.c:276:6:LCD1602_2ndLine	8	static
STM_MY_LCD16X2.c:281:6:LCD1602_TwoLines	8	static
STM_MY_LCD16X2.c:286:6:LCD1602_OneLine	8	static
STM_MY_LCD16X2.c:292:6:LCD1602_noCursor	8	static
STM_MY_LCD16X2.c:297:6:LCD1602_cursor	8	static
STM_MY_LCD16X2.c:303:6:LCD1602_clear	8	static
STM_MY_LCD16X2.c:309:6:LCD1602_noBlink	8	static
STM_MY_LCD16X2.c:314:6:LCD1602_blink	8	static
STM_MY_LCD16X2.c:320:6:LCD1602_noDisplay	8	static
STM_MY_LCD16X2.c:325:6:LCD1602_display	8	static
STM_MY_LCD16X2.c:331:6:LCD1602_shiftToRight	24	static
STM_MY_LCD16X2.c:338:6:LCD1602_shiftToLeft	24	static
STM_MY_LCD16X2.c:348:6:LCD1602_PrintInt	32	static
