STM_MY_LCD16X2.c:40:13:LCD1602_EnablePulse	8	static
STM_MY_LCD16X2.c:50:13:LCD1602_RS	16	static
STM_MY_LCD16X2.c:57:13:LCD1602_write	24	static
STM_MY_LCD16X2.c:98:13:LCD1602_TIM_Config	48	static
STM_MY_LCD16X2.c:132:13:LCD1602_TIM_MicorSecDelay	16	static
STM_MY_LCD16X2.c:138:13:LCD1602_writeCommand	16	static
STM_MY_LCD16X2.c:147:13:LCD1602_writeData	16	static
STM_MY_LCD16X2.c:155:13:LCD1602_write4bitCommand	24	static
STM_MY_LCD16X2.c:171:6:LCD1602_Begin8BIT	24	static
STM_MY_LCD16X2.c:213:6:LCD1602_Begin4BIT	24	static
STM_MY_LCD16X2.c:253:6:LCD1602_print	24	static
STM_MY_LCD16X2.c:261:6:LCD1602_setCursor	24	static
STM_MY_LCD16X2.c:276:6:LCD1602_1stLine	8	static
STM_MY_LCD16X2.c:280:6:LCD1602_2ndLine	8	static
STM_MY_LCD16X2.c:285:6:LCD1602_TwoLines	8	static
STM_MY_LCD16X2.c:290:6:LCD1602_OneLine	8	static
STM_MY_LCD16X2.c:296:6:LCD1602_noCursor	8	static
STM_MY_LCD16X2.c:301:6:LCD1602_cursor	8	static
STM_MY_LCD16X2.c:307:6:LCD1602_clear	8	static
STM_MY_LCD16X2.c:313:6:LCD1602_noBlink	8	static
STM_MY_LCD16X2.c:318:6:LCD1602_blink	8	static
STM_MY_LCD16X2.c:324:6:LCD1602_noDisplay	8	static
STM_MY_LCD16X2.c:329:6:LCD1602_display	8	static
STM_MY_LCD16X2.c:335:6:LCD1602_shiftToRight	24	static
STM_MY_LCD16X2.c:342:6:LCD1602_shiftToLeft	24	static
STM_MY_LCD16X2.c:352:6:LCD1602_PrintInt	32	static
