main.c:91:6:writeSD	24	static
main.c:102:6:readSD	8	static
main.c:127:6:HAL_TIM_PeriodElapsedCallback	16	static
main.c:141:6:set_volume	16	static
main.c:157:6:rgb1_set	16	static
main.c:165:6:rgb1_set_color	8	static
main.c:184:6:rgb2_set	16	static
main.c:192:6:rgb2_set_intensity	8	static
main.c:201:6:HAL_TIM_PeriodElapsedCallback_DiodeRGB2	16	static
main.c:239:6:read_bottoms	8	static
main.c:276:6:petla	8	static
main.c:296:5:main	8	static
main.c:358:6:SystemClock_Config	88	static
main.c:401:13:MX_ADC1_Init	24	static
main.c:451:13:MX_DAC_Init	16	static
main.c:489:13:MX_SPI1_Init	8	static
main.c:527:13:MX_TIM2_Init	48	static
main.c:576:13:MX_TIM3_Init	48	static
main.c:633:13:MX_TIM5_Init	32	static
main.c:678:13:MX_GPIO_Init	56	static
main.c:721:6:Error_Handler	4	static
