Archive member included to satisfy reference by file (symbol)

c:/st/stm32cubeide_1.1.0/stm32cubeide/plugins/com.st.stm32cube.ide.mcu.externaltools.gnu-tools-for-stm32.7-2018-q2-update.win32_1.0.0.201904181610/tools/bin/../lib/gcc/arm-none-eabi/7.3.1/../../../../arm-none-eabi/lib/thumb/v7e-m/fpv4-sp/hard\libc_nano.a(lib_a-atoi.o)
                              Core/Src/file_manager.o (atoi)
c:/st/stm32cubeide_1.1.0/stm32cubeide/plugins/com.st.stm32cube.ide.mcu.externaltools.gnu-tools-for-stm32.7-2018-q2-update.win32_1.0.0.201904181610/tools/bin/../lib/gcc/arm-none-eabi/7.3.1/../../../../arm-none-eabi/lib/thumb/v7e-m/fpv4-sp/hard\libc_nano.a(lib_a-errno.o)
                              Core/Src/syscalls.o (__errno)
c:/st/stm32cubeide_1.1.0/stm32cubeide/plugins/com.st.stm32cube.ide.mcu.externaltools.gnu-tools-for-stm32.7-2018-q2-update.win32_1.0.0.201904181610/tools/bin/../lib/gcc/arm-none-eabi/7.3.1/../../../../arm-none-eabi/lib/thumb/v7e-m/fpv4-sp/hard\libc_nano.a(lib_a-exit.o)
                              c:/st/stm32cubeide_1.1.0/stm32cubeide/plugins/com.st.stm32cube.ide.mcu.externaltools.gnu-tools-for-stm32.7-2018-q2-update.win32_1.0.0.201904181610/tools/bin/../lib/gcc/arm-none-eabi/7.3.1/../../../../arm-none-eabi/lib/thumb/v7e-m/fpv4-sp/hard/crt0.o (exit)
c:/st/stm32cubeide_1.1.0/stm32cubeide/plugins/com.st.stm32cube.ide.mcu.externaltools.gnu-tools-for-stm32.7-2018-q2-update.win32_1.0.0.201904181610/tools/bin/../lib/gcc/arm-none-eabi/7.3.1/../../../../arm-none-eabi/lib/thumb/v7e-m/fpv4-sp/hard\libc_nano.a(lib_a-impure.o)
                              c:/st/stm32cubeide_1.1.0/stm32cubeide/plugins/com.st.stm32cube.ide.mcu.externaltools.gnu-tools-for-stm32.7-2018-q2-update.win32_1.0.0.201904181610/tools/bin/../lib/gcc/arm-none-eabi/7.3.1/../../../../arm-none-eabi/lib/thumb/v7e-m/fpv4-sp/hard\libc_nano.a(lib_a-exit.o) (_global_impure_ptr)
c:/st/stm32cubeide_1.1.0/stm32cubeide/plugins/com.st.stm32cube.ide.mcu.externaltools.gnu-tools-for-stm32.7-2018-q2-update.win32_1.0.0.201904181610/tools/bin/../lib/gcc/arm-none-eabi/7.3.1/../../../../arm-none-eabi/lib/thumb/v7e-m/fpv4-sp/hard\libc_nano.a(lib_a-init.o)
                              c:/st/stm32cubeide_1.1.0/stm32cubeide/plugins/com.st.stm32cube.ide.mcu.externaltools.gnu-tools-for-stm32.7-2018-q2-update.win32_1.0.0.201904181610/tools/bin/../lib/gcc/arm-none-eabi/7.3.1/../../../../arm-none-eabi/lib/thumb/v7e-m/fpv4-sp/hard/crt0.o (__libc_init_array)
c:/st/stm32cubeide_1.1.0/stm32cubeide/plugins/com.st.stm32cube.ide.mcu.externaltools.gnu-tools-for-stm32.7-2018-q2-update.win32_1.0.0.201904181610/tools/bin/../lib/gcc/arm-none-eabi/7.3.1/../../../../arm-none-eabi/lib/thumb/v7e-m/fpv4-sp/hard\libc_nano.a(lib_a-malloc.o)
                              Core/Src/file_manager.o (malloc)
c:/st/stm32cubeide_1.1.0/stm32cubeide/plugins/com.st.stm32cube.ide.mcu.externaltools.gnu-tools-for-stm32.7-2018-q2-update.win32_1.0.0.201904181610/tools/bin/../lib/gcc/arm-none-eabi/7.3.1/../../../../arm-none-eabi/lib/thumb/v7e-m/fpv4-sp/hard\libc_nano.a(lib_a-memset.o)
                              c:/st/stm32cubeide_1.1.0/stm32cubeide/plugins/com.st.stm32cube.ide.mcu.externaltools.gnu-tools-for-stm32.7-2018-q2-update.win32_1.0.0.201904181610/tools/bin/../lib/gcc/arm-none-eabi/7.3.1/../../../../arm-none-eabi/lib/thumb/v7e-m/fpv4-sp/hard/crt0.o (memset)
c:/st/stm32cubeide_1.1.0/stm32cubeide/plugins/com.st.stm32cube.ide.mcu.externaltools.gnu-tools-for-stm32.7-2018-q2-update.win32_1.0.0.201904181610/tools/bin/../lib/gcc/arm-none-eabi/7.3.1/../../../../arm-none-eabi/lib/thumb/v7e-m/fpv4-sp/hard\libc_nano.a(lib_a-nano-freer.o)
                              c:/st/stm32cubeide_1.1.0/stm32cubeide/plugins/com.st.stm32cube.ide.mcu.externaltools.gnu-tools-for-stm32.7-2018-q2-update.win32_1.0.0.201904181610/tools/bin/../lib/gcc/arm-none-eabi/7.3.1/../../../../arm-none-eabi/lib/thumb/v7e-m/fpv4-sp/hard\libc_nano.a(lib_a-malloc.o) (_free_r)
c:/st/stm32cubeide_1.1.0/stm32cubeide/plugins/com.st.stm32cube.ide.mcu.externaltools.gnu-tools-for-stm32.7-2018-q2-update.win32_1.0.0.201904181610/tools/bin/../lib/gcc/arm-none-eabi/7.3.1/../../../../arm-none-eabi/lib/thumb/v7e-m/fpv4-sp/hard\libc_nano.a(lib_a-nano-mallocr.o)
                              c:/st/stm32cubeide_1.1.0/stm32cubeide/plugins/com.st.stm32cube.ide.mcu.externaltools.gnu-tools-for-stm32.7-2018-q2-update.win32_1.0.0.201904181610/tools/bin/../lib/gcc/arm-none-eabi/7.3.1/../../../../arm-none-eabi/lib/thumb/v7e-m/fpv4-sp/hard\libc_nano.a(lib_a-malloc.o) (_malloc_r)
c:/st/stm32cubeide_1.1.0/stm32cubeide/plugins/com.st.stm32cube.ide.mcu.externaltools.gnu-tools-for-stm32.7-2018-q2-update.win32_1.0.0.201904181610/tools/bin/../lib/gcc/arm-none-eabi/7.3.1/../../../../arm-none-eabi/lib/thumb/v7e-m/fpv4-sp/hard\libc_nano.a(lib_a-puts.o)
                              Core/Src/main.o (puts)
[...]
Memory Configuration

Name             Origin             Length             Attributes
CCMRAM           0x0000000010000000 0x0000000000010000 xrw
RAM              0x0000000020000000 0x0000000000020000 xrw
FLASH            0x0000000008000000 0x0000000000100000 xr
*default*        0x0000000000000000 0xffffffffffffffff

Linker script and memory map

LOAD c:/st/stm32cubeide_1.1.0/stm32cubeide/plugins/com.st.stm32cube.ide.mcu.externaltools.gnu-tools-for-stm32.7-2018-q2-update.win32_1.0.0.201904181610/tools/bin/../lib/gcc/arm-none-eabi/7.3.1/thumb/v7e-m/fpv4-sp/hard/crti.o
LOAD c:/st/stm32cubeide_1.1.0/stm32cubeide/plugins/com.st.stm32cube.ide.mcu.externaltools.gnu-tools-for-stm32.7-2018-q2-update.win32_1.0.0.201904181610/tools/bin/../lib/gcc/arm-none-eabi/7.3.1/thumb/v7e-m/fpv4-sp/hard/crtbegin.o
LOAD c:/st/stm32cubeide_1.1.0/stm32cubeide/plugins/com.st.stm32cube.ide.mcu.externaltools.gnu-tools-for-stm32.7-2018-q2-update.win32_1.0.0.201904181610/tools/bin/../lib/gcc/arm-none-eabi/7.3.1/../../../../arm-none-eabi/lib/thumb/v7e-m/fpv4-sp/hard/crt0.o
LOAD Core/Src/STM_MY_LCD16X2.o
LOAD Core/Src/audio.o
LOAD Core/Src/diskio.o
LOAD Core/Src/ff.o
LOAD Core/Src/ffsystem.o
LOAD Core/Src/ffunicode.o
LOAD Core/Src/file_manager.o
LOAD Core/Src/main.o
LOAD Core/Src/recorder.o
LOAD Core/Src/stm32f4xx_hal_msp.o
LOAD Core/Src/stm32f4xx_it.o
LOAD Core/Src/syscalls.o
LOAD Core/Src/sysmem.o
LOAD Core/Src/system_stm32f4xx.o
LOAD Core/Startup/startup_stm32f407vgtx.o
LOAD Drivers/STM32F4xx_HAL_Driver/Src/stm32f4xx_hal.o
LOAD Drivers/STM32F4xx_HAL_Driver/Src/stm32f4xx_hal_adc.o
LOAD Drivers/STM32F4xx_HAL_Driver/Src/stm32f4xx_hal_adc_ex.o
LOAD Drivers/STM32F4xx_HAL_Driver/Src/stm32f4xx_hal_cortex.o
LOAD Drivers/STM32F4xx_HAL_Driver/Src/stm32f4xx_hal_dac.o
LOAD Drivers/STM32F4xx_HAL_Driver/Src/stm32f4xx_hal_dac_ex.o
LOAD Drivers/STM32F4xx_HAL_Driver/Src/stm32f4xx_hal_dma.o
LOAD Drivers/STM32F4xx_HAL_Driver/Src/stm32f4xx_hal_dma_ex.o
LOAD Drivers/STM32F4xx_HAL_Driver/Src/stm32f4xx_hal_exti.o
LOAD Drivers/STM32F4xx_HAL_Driver/Src/stm32f4xx_hal_flash.o
LOAD Drivers/STM32F4xx_HAL_Driver/Src/stm32f4xx_hal_flash_ex.o
LOAD Drivers/STM32F4xx_HAL_Driver/Src/stm32f4xx_hal_flash_ramfunc.o
LOAD Drivers/STM32F4xx_HAL_Driver/Src/stm32f4xx_hal_gpio.o
LOAD Drivers/STM32F4xx_HAL_Driver/Src/stm32f4xx_hal_pwr.o
LOAD Drivers/STM32F4xx_HAL_Driver/Src/stm32f4xx_hal_pwr_ex.o
LOAD Drivers/STM32F4xx_HAL_Driver/Src/stm32f4xx_hal_rcc.o
LOAD Drivers/STM32F4xx_HAL_Driver/Src/stm32f4xx_hal_rcc_ex.o
LOAD Drivers/STM32F4xx_HAL_Driver/Src/stm32f4xx_hal_spi.o
LOAD Drivers/STM32F4xx_HAL_Driver/Src/stm32f4xx_hal_tim.o
LOAD Drivers/STM32F4xx_HAL_Driver/Src/stm32f4xx_hal_tim_ex.o
START GROUP
LOAD c:/st/stm32cubeide_1.1.0/stm32cubeide/plugins/com.st.stm32cube.ide.mcu.externaltools.gnu-tools-for-stm32.7-2018-q2-update.win32_1.0.0.201904181610/tools/bin/../lib/gcc/arm-none-eabi/7.3.1/../../../../arm-none-eabi/lib/thumb/v7e-m/fpv4-sp/hard\libc_nano.a
LOAD c:/st/stm32cubeide_1.1.0/stm32cubeide/plugins/com.st.stm32cube.ide.mcu.externaltools.gnu-tools-for-stm32.7-2018-q2-update.win32_1.0.0.201904181610/tools/bin/../lib/gcc/arm-none-eabi/7.3.1/../../../../arm-none-eabi/lib/thumb/v7e-m/fpv4-sp/hard\libm.a
END GROUP
START GROUP
LOAD c:/st/stm32cubeide_1.1.0/stm32cubeide/plugins/com.st.stm32cube.ide.mcu.externaltools.gnu-tools-for-stm32.7-2018-q2-update.win32_1.0.0.201904181610/tools/bin/../lib/gcc/arm-none-eabi/7.3.1/thumb/v7e-m/fpv4-sp/hard\libgcc.a
LOAD c:/st/stm32cubeide_1.1.0/stm32cubeide/plugins/com.st.stm32cube.ide.mcu.externaltools.gnu-tools-for-stm32.7-2018-q2-update.win32_1.0.0.201904181610/tools/bin/../lib/gcc/arm-none-eabi/7.3.1/../../../../arm-none-eabi/lib/thumb/v7e-m/fpv4-sp/hard\libc_nano.a
END GROUP
START GROUP
LOAD c:/st/stm32cubeide_1.1.0/stm32cubeide/plugins/com.st.stm32cube.ide.mcu.externaltools.gnu-tools-for-stm32.7-2018-q2-update.win32_1.0.0.201904181610/tools/bin/../lib/gcc/arm-none-eabi/7.3.1/thumb/v7e-m/fpv4-sp/hard\libgcc.a
LOAD c:/st/stm32cubeide_1.1.0/stm32cubeide/plugins/com.st.stm32cube.ide.mcu.externaltools.gnu-tools-for-stm32.7-2018-q2-update.win32_1.0.0.201904181610/tools/bin/../lib/gcc/arm-none-eabi/7.3.1/../../../../arm-none-eabi/lib/thumb/v7e-m/fpv4-sp/hard\libc_nano.a
LOAD c:/st/stm32cubeide_1.1.0/stm32cubeide/plugins/com.st.stm32cube.ide.mcu.externaltools.gnu-tools-for-stm32.7-2018-q2-update.win32_1.0.0.201904181610/tools/bin/../lib/gcc/arm-none-eabi/7.3.1/../../../../arm-none-eabi/lib/thumb/v7e-m/fpv4-sp/hard\libnosys.a
END GROUP
START GROUP
LOAD c:/st/stm32cubeide_1.1.0/stm32cubeide/plugins/com.st.stm32cube.ide.mcu.externaltools.gnu-tools-for-stm32.7-2018-q2-update.win32_1.0.0.201904181610/tools/bin/../lib/gcc/arm-none-eabi/7.3.1/thumb/v7e-m/fpv4-sp/hard\libgcc.a
LOAD c:/st/stm32cubeide_1.1.0/stm32cubeide/plugins/com.st.stm32cube.ide.mcu.externaltools.gnu-tools-for-stm32.7-2018-q2-update.win32_1.0.0.201904181610/tools/bin/../lib/gcc/arm-none-eabi/7.3.1/../../../../arm-none-eabi/lib/thumb/v7e-m/fpv4-sp/hard\libc_nano.a
LOAD c:/st/stm32cubeide_1.1.0/stm32cubeide/plugins/com.st.stm32cube.ide.mcu.externaltools.gnu-tools-for-stm32.7-2018-q2-update.win32_1.0.0.201904181610/tools/bin/../lib/gcc/arm-none-eabi/7.3.1/../../../../arm-none-eabi/lib/thumb/v7e-m/fpv4-sp/hard\libnosys.a
END GROUP
LOAD c:/st/stm32cubeide_1.1.0/stm32cubeide/plugins/com.st.stm32cube.ide.mcu.externaltools.gnu-tools-for-stm32.7-2018-q2-update.win32_1.0.0.201904181610/tools/bin/../lib/gcc/arm-none-eabi/7.3.1/thumb/v7e-m/fpv4-sp/hard/crtend.o
LOAD c:/st/stm32cubeide_1.1.0/stm32cubeide/plugins/com.st.stm32cube.ide.mcu.externaltools.gnu-tools-for-stm32.7-2018-q2-update.win32_1.0.0.201904181610/tools/bin/../lib/gcc/arm-none-eabi/7.3.1/thumb/v7e-m/fpv4-sp/hard/crtn.o
                0x0000000020020000                _estack = (ORIGIN (RAM) + LENGTH (RAM))
                0x0000000000000200                _Min_Heap_Size = 0x200
                0x0000000000000400                _Min_Stack_Size = 0x400

.isr_vector     0x0000000008000000      0x188
                0x0000000008000000                . = ALIGN (0x4)
 *(.isr_vector)
 .isr_vector    0x0000000008000000      0x188 Core/Startup/startup_stm32f407vgtx.o
                0x0000000008000000                g_pfnVectors
                0x0000000008000188                . = ALIGN (0x4)

.text           0x0000000008000190     0xa2ec
                0x0000000008000190                . = ALIGN (0x4)
 *(.text)
 .text          0x0000000008000190       0x40 c:/st/stm32cubeide_1.1.0/stm32cubeide/plugins/com.st.stm32cube.ide.mcu.externaltools.gnu-tools-for-stm32.7-2018-q2-update.win32_1.0.0.201904181610/tools/bin/../lib/gcc/arm-none-eabi/7.3.1/thumb/v7e-m/fpv4-sp/hard/crtbegin.o
 .text          0x00000000080001d0       0x10 c:/st/stm32cubeide_1.1.0/stm32cubeide/plugins/com.st.stm32cube.ide.mcu.externaltools.gnu-tools-for-stm32.7-2018-q2-update.win32_1.0.0.201904181610/tools/bin/../lib/gcc/arm-none-eabi/7.3.1/../../../../arm-none-eabi/lib/thumb/v7e-m/fpv4-sp/hard\libc_nano.a(lib_a-strlen.o)
                0x00000000080001d0                strlen
 .text          0x00000000080001e0       0xa0 c:/st/stm32cubeide_1.1.0/stm32cubeide/plugins/com.st.stm32cube.ide.mcu.externaltools.gnu-tools-for-stm32.7-2018-q2-update.win32_1.0.0.201904181610/tools/bin/../lib/gcc/arm-none-eabi/7.3.1/../../../../arm-none-eabi/lib/thumb/v7e-m/fpv4-sp/hard\libc_nano.a(lib_a-memchr.o)
                0x00000000080001e0                memchr
 .text          0x0000000008000280      0x378 c:/st/stm32cubeide_1.1.0/stm32cubeide/plugins/com.st.stm32cube.ide.mcu.externaltools.gnu-tools-for-stm32.7-2018-q2-update.win32_1.0.0.201904181610/tools/bin/../lib/gcc/arm-none-eabi/7.3.1/thumb/v7e-m/fpv4-sp/hard\libgcc.a(_arm_addsubdf3.o)
                0x0000000008000280                __aeabi_drsub
                0x0000000008000288                __aeabi_dsub
                0x0000000008000288                __subdf3
                0x000000000800028c                __aeabi_dadd
                0x000000000800028c                __adddf3
                0x0000000008000504                __floatunsidf
                0x0000000008000504                __aeabi_ui2d
                0x0000000008000524                __floatsidf
                0x0000000008000524                __aeabi_i2d
                0x0000000008000548                __aeabi_f2d
                0x0000000008000548                __extendsfdf2
                0x000000000800058c                __floatundidf
                0x000000000800058c                __aeabi_ul2d
                0x000000000800059c                __floatdidf
                0x000000000800059c                __aeabi_l2d
 .text          0x00000000080005f8      0x424 c:/st/stm32cubeide_1.1.0/stm32cubeide/plugins/com.st.stm32cube.ide.mcu.externaltools.gnu-tools-for-stm32.7-2018-q2-update.win32_1.0.0.201904181610/tools/bin/../lib/gcc/arm-none-eabi/7.3.1/thumb/v7e-m/fpv4-sp/hard\libgcc.a(_arm_muldivdf3.o)
                0x00000000080005f8                __aeabi_dmul
                0x00000000080005f8                __muldf3
                0x000000000800084c                __divdf3
                0x000000000800084c                __aeabi_ddiv
 .text          0x0000000008000a1c       0x40 c:/st/stm32cubeide_1.1.0/stm32cubeide/plugins/com.st.stm32cube.ide.mcu.externaltools.gnu-tools-for-stm32.7-2018-q2-update.win32_1.0.0.201904181610/tools/bin/../lib/gcc/arm-none-eabi/7.3.1/thumb/v7e-m/fpv4-sp/hard\libgcc.a(_arm_fixunsdfsi.o)
                0x0000000008000a1c                __aeabi_d2uiz
                0x0000000008000a1c                __fixunsdfsi
 .text          0x0000000008000a5c       0x30 c:/st/stm32cubeide_1.1.0/stm32cubeide/plugins/com.st.stm32cube.ide.mcu.externaltools.gnu-tools-for-stm32.7-2018-q2-update.win32_1.0.0.201904181610/tools/bin/../lib/gcc/arm-none-eabi/7.3.1/thumb/v7e-m/fpv4-sp/hard\libgcc.a(_aeabi_uldivmod.o)
                0x0000000008000a5c                __aeabi_uldivmod
 .text          0x0000000008000a8c      0x2cc c:/st/stm32cubeide_1.1.0/stm32cubeide/plugins/com.st.stm32cube.ide.mcu.externaltools.gnu-tools-for-stm32.7-2018-q2-update.win32_1.0.0.201904181610/tools/bin/../lib/gcc/arm-none-eabi/7.3.1/thumb/v7e-m/fpv4-sp/hard\libgcc.a(_udivmoddi4.o)
                0x0000000008000a8c                __udivmoddi4
 .text          0x0000000008000d58        0x4 c:/st/stm32cubeide_1.1.0/stm32cubeide/plugins/com.st.stm32cube.ide.mcu.externaltools.gnu-tools-for-stm32.7-2018-q2-update.win32_1.0.0.201904181610/tools/bin/../lib/gcc/arm-none-eabi/7.3.1/thumb/v7e-m/fpv4-sp/hard\libgcc.a(_dvmd_tls.o)
                0x0000000008000d58                __aeabi_idiv0
                0x0000000008000d58                __aeabi_ldiv0
 *(.text*)
 .text.LCD1602_EnablePulse
                0x0000000008000d5c       0x60 Core/Src/STM_MY_LCD16X2.o
 .text.LCD1602_RS
                0x0000000008000dbc       0x44 Core/Src/STM_MY_LCD16X2.o
 .text.LCD1602_write
                0x0000000008000e00      0x1cc Core/Src/STM_MY_LCD16X2.o
 .text.LCD1602_writeCommand
                0x0000000008000fcc       0x20 Core/Src/STM_MY_LCD16X2.o
 .text.LCD1602_writeData
                0x0000000008000fec       0x20 Core/Src/STM_MY_LCD16X2.o
 .text.LCD1602_write4bitCommand
                0x000000000800100c       0x90 Core/Src/STM_MY_LCD16X2.o
 .text.LCD1602_Begin4BIT
                0x000000000800109c       0xd4 Core/Src/STM_MY_LCD16X2.o
                0x000000000800109c                LCD1602_Begin4BIT
 .text.LCD1602_print
                0x0000000008001170       0x3c Core/Src/STM_MY_LCD16X2.o
                0x0000000008001170                LCD1602_print
 .text.LCD1602_setCursor
                0x00000000080011ac       0x4c Core/Src/STM_MY_LCD16X2.o
                0x00000000080011ac                LCD1602_setCursor
 .text.LCD1602_1stLine
                0x00000000080011f8       0x10 Core/Src/STM_MY_LCD16X2.o
                0x00000000080011f8                LCD1602_1stLine
 .text.LCD1602_2ndLine
                0x0000000008001208       0x10 Core/Src/STM_MY_LCD16X2.o
                0x0000000008001208                LCD1602_2ndLine
 .text.LCD1602_noCursor
                0x0000000008001218       0x24 Core/Src/STM_MY_LCD16X2.o
                0x0000000008001218                LCD1602_noCursor
 .text.LCD1602_clear
                0x000000000800123c       0x14 Core/Src/STM_MY_LCD16X2.o
                0x000000000800123c                LCD1602_clear
 .text.LCD1602_noBlink
                0x0000000008001250       0x24 Core/Src/STM_MY_LCD16X2.o
                0x0000000008001250                LCD1602_noBlink
 .text.SELECT   0x0000000008001274        0xe Core/Src/diskio.o
 .text.DESELECT
                0x0000000008001282        0xe Core/Src/diskio.o
 .text.xmit_spi
                0x0000000008001290       0x34 Core/Src/diskio.o
 .text.rcvr_spi
                0x00000000080012c4       0x3c Core/Src/diskio.o
 .text.rcvr_spi_m
                0x0000000008001300       0x1c Core/Src/diskio.o
 .text.wait_ready
                0x000000000800131c       0x38 Core/Src/diskio.o
 .text.power_on
                0x0000000008001354       0x9c Core/Src/diskio.o
 .text.power_off
                0x00000000080013f0       0x18 Core/Src/diskio.o
 .text.chk_power
                0x0000000008001408       0x18 Core/Src/diskio.o
 .text.rcvr_datablock
                0x0000000008001420       0x6c Core/Src/diskio.o
 .text.xmit_datablock
                0x000000000800148c       0xa8 Core/Src/diskio.o
 .text.send_cmd
                0x0000000008001534       0xa4 Core/Src/diskio.o
 .text.disk_initialize
                0x00000000080015d8      0x1d4 Core/Src/diskio.o
                0x00000000080015d8                disk_initialize
 .text.disk_status
                0x00000000080017ac       0x2c Core/Src/diskio.o
                0x00000000080017ac                disk_status
 .text.disk_read
                0x00000000080017d8       0xd4 Core/Src/diskio.o
                0x00000000080017d8                disk_read
 .text.disk_write
                0x00000000080018ac      0x108 Core/Src/diskio.o
                0x00000000080018ac                disk_write
 .text.disk_ioctl
                0x00000000080019b4      0x300 Core/Src/diskio.o
                0x00000000080019b4                disk_ioctl
 .text.disk_timerproc
                0x0000000008001cb4       0x4c Core/Src/diskio.o
                0x0000000008001cb4                disk_timerproc
 .text.sdcard_systick_timerproc
                0x0000000008001d00       0x30 Core/Src/diskio.o
                0x0000000008001d00                sdcard_systick_timerproc
 .text.get_fattime
                0x0000000008001d30       0x14 Core/Src/diskio.o
                0x0000000008001d30                get_fattime
 .text.ld_word  0x0000000008001d44       0x30 Core/Src/ff.o
 .text.ld_dword
                0x0000000008001d74       0x46 Core/Src/ff.o
 .text.st_word  0x0000000008001dba       0x36 Core/Src/ff.o
 .text.st_dword
                0x0000000008001df0       0x58 Core/Src/ff.o
 .text.mem_cpy  0x0000000008001e48       0x42 Core/Src/ff.o
 .text.mem_set  0x0000000008001e8a       0x34 Core/Src/ff.o
 .text.mem_cmp  0x0000000008001ebe       0x4e Core/Src/ff.o
 .text.chk_chr  0x0000000008001f0c       0x36 Core/Src/ff.o
 .text.dbc_1st  0x0000000008001f42       0x40 Core/Src/ff.o
 .text.dbc_2nd  0x0000000008001f82       0x54 Core/Src/ff.o
 .text.sync_window
                0x0000000008001fd6       0x78 Core/Src/ff.o
 .text.move_window
                0x000000000800204e       0x5a Core/Src/ff.o
 .text.sync_fs  0x00000000080020a8       0xdc Core/Src/ff.o
 .text.clst2sect
                0x0000000008002184       0x3e Core/Src/ff.o
 .text.get_fat  0x00000000080021c2      0x14a Core/Src/ff.o
 .text.put_fat  0x000000000800230c      0x1ce Core/Src/ff.o
 .text.remove_chain
                0x00000000080024da       0xca Core/Src/ff.o
 .text.create_chain
                0x00000000080025a4      0x1a2 Core/Src/ff.o
 .text.dir_clear
                0x0000000008002746       0x90 Core/Src/ff.o
 .text.dir_sdi  0x00000000080027d6       0xf6 Core/Src/ff.o
 .text.dir_next
                0x00000000080028cc      0x12c Core/Src/ff.o
 .text.dir_alloc
                0x00000000080029f8       0x8e Core/Src/ff.o
 .text.ld_clust
                0x0000000008002a86       0x3e Core/Src/ff.o
 .text.st_clust
                0x0000000008002ac4       0x40 Core/Src/ff.o
 .text.dir_read
                0x0000000008002b04       0xba Core/Src/ff.o
 .text.dir_find
                0x0000000008002bbe       0xaa Core/Src/ff.o
 .text.dir_register
                0x0000000008002c68       0x64 Core/Src/ff.o
 .text.get_fileinfo
                0x0000000008002ccc       0xc6 Core/Src/ff.o
 *fill*         0x0000000008002d92        0x2 
 .text.create_name
                0x0000000008002d94      0x184 Core/Src/ff.o
 .text.follow_path
                0x0000000008002f18       0xde Core/Src/ff.o
 .text.get_ldnumber
                0x0000000008002ff6       0x8a Core/Src/ff.o
 .text.check_fs
                0x0000000008003080       0xac Core/Src/ff.o
 .text.find_volume
                0x000000000800312c      0x4b0 Core/Src/ff.o
 .text.validate
                0x00000000080035dc       0x6a Core/Src/ff.o
 *fill*         0x0000000008003646        0x2 
 .text.f_mount  0x0000000008003648       0x80 Core/Src/ff.o
                0x0000000008003648                f_mount
 .text.f_open   0x00000000080036c8      0x306 Core/Src/ff.o
                0x00000000080036c8                f_open
 .text.f_read   0x00000000080039ce      0x266 Core/Src/ff.o
                0x00000000080039ce                f_read
 .text.f_write  0x0000000008003c34      0x2d2 Core/Src/ff.o
                0x0000000008003c34                f_write
 .text.f_sync   0x0000000008003f06       0xfc Core/Src/ff.o
                0x0000000008003f06                f_sync
 .text.f_close  0x0000000008004002       0x40 Core/Src/ff.o
                0x0000000008004002                f_close
 .text.f_lseek  0x0000000008004042      0x25a Core/Src/ff.o
                0x0000000008004042                f_lseek
 .text.f_opendir
                0x000000000800429c       0xb2 Core/Src/ff.o
                0x000000000800429c                f_opendir
 .text.f_closedir
                0x000000000800434e       0x30 Core/Src/ff.o
                0x000000000800434e                f_closedir
 .text.f_readdir
                0x000000000800437e       0x7a Core/Src/ff.o
                0x000000000800437e                f_readdir
 .text.GetNextFileName
                0x00000000080043f8       0xb8 Core/Src/file_manager.o
                0x00000000080043f8                GetNextFileName
 .text.NextFile
                0x00000000080044b0      0x14c Core/Src/file_manager.o
                0x00000000080044b0                NextFile
 .text.PreviousFile
                0x00000000080045fc       0xe4 Core/Src/file_manager.o
                0x00000000080045fc                PreviousFile
 .text.OpenFileToRead
                0x00000000080046e0       0x40 Core/Src/main.o
                0x00000000080046e0                OpenFileToRead
 .text.CloseFileToRead
                0x0000000008004720       0x1c Core/Src/main.o
                0x0000000008004720                CloseFileToRead
 .text.ReadChunk
                0x000000000800473c       0x40 Core/Src/main.o
                0x000000000800473c                ReadChunk
 .text.HAL_TIM_PeriodElapsedCallback
                0x000000000800477c      0x30c Core/Src/main.o
                0x000000000800477c                HAL_TIM_PeriodElapsedCallback
 .text.set_volume
                0x0000000008004a88       0x5c Core/Src/main.o
                0x0000000008004a88                set_volume
 .text.rgb1_set
                0x0000000008004ae4       0x54 Core/Src/main.o
                0x0000000008004ae4                rgb1_set
 .text.rgb2_set
                0x0000000008004b38       0x6c Core/Src/main.o
                0x0000000008004b38                rgb2_set
 .text.select_button
                0x0000000008004ba4      0x348 Core/Src/main.o
                0x0000000008004ba4                select_button
 .text.read_buttons
                0x0000000008004eec       0xe0 Core/Src/main.o
                0x0000000008004eec                read_buttons
 .text.main     0x0000000008004fcc      0x12c Core/Src/main.o
                0x0000000008004fcc                main
 .text.SystemClock_Config
                0x00000000080050f8       0xd4 Core/Src/main.o
                0x00000000080050f8                SystemClock_Config
 .text.MX_ADC1_Init
                0x00000000080051cc       0xa8 Core/Src/main.o
 .text.MX_ADC2_Init
                0x0000000008005274       0xa4 Core/Src/main.o
 .text.MX_DAC_Init
                0x0000000008005318       0x54 Core/Src/main.o
 .text.MX_SPI1_Init
                0x000000000800536c       0x6c Core/Src/main.o
 .text.MX_TIM1_Init
                0x00000000080053d8      0x138 Core/Src/main.o
 .text.MX_TIM2_Init
                0x0000000008005510       0xec Core/Src/main.o
 .text.MX_TIM3_Init
                0x00000000080055fc       0x9c Core/Src/main.o
 .text.MX_TIM4_Init
                0x0000000008005698       0x98 Core/Src/main.o
 .text.MX_TIM5_Init
                0x0000000008005730       0x98 Core/Src/main.o
 .text.MX_GPIO_Init
                0x00000000080057c8      0x1b0 Core/Src/main.o
 .text.Error_Handler
                0x0000000008005978        0xe Core/Src/main.o
                0x0000000008005978                Error_Handler
 .text.AddWaveHeader
                0x0000000008005986      0x25a Core/Src/recorder.o
                0x0000000008005986                AddWaveHeader
 .text.SaveChunk
                0x0000000008005be0       0x44 Core/Src/recorder.o
                0x0000000008005be0                SaveChunk
 .text.OpenFile
                0x0000000008005c24       0x24 Core/Src/recorder.o
                0x0000000008005c24                OpenFile
 .text.CloseFile
                0x0000000008005c48       0x20 Core/Src/recorder.o
                0x0000000008005c48                CloseFile
 .text.HAL_MspInit
                0x0000000008005c68       0x50 Core/Src/stm32f4xx_hal_msp.o
                0x0000000008005c68                HAL_MspInit
 .text.HAL_ADC_MspInit
                0x0000000008005cb8       0xec Core/Src/stm32f4xx_hal_msp.o
                0x0000000008005cb8                HAL_ADC_MspInit
 .text.HAL_DAC_MspInit
                0x0000000008005da4       0x88 Core/Src/stm32f4xx_hal_msp.o
                0x0000000008005da4                HAL_DAC_MspInit
 .text.HAL_SPI_MspInit
                0x0000000008005e2c       0x90 Core/Src/stm32f4xx_hal_msp.o
                0x0000000008005e2c                HAL_SPI_MspInit
 .text.HAL_TIM_PWM_MspInit
                0x0000000008005ebc       0x44 Core/Src/stm32f4xx_hal_msp.o
                0x0000000008005ebc                HAL_TIM_PWM_MspInit
 .text.HAL_TIM_Base_MspInit
                0x0000000008005f00      0x190 Core/Src/stm32f4xx_hal_msp.o
                0x0000000008005f00                HAL_TIM_Base_MspInit
 .text.HAL_TIM_MspPostInit
                0x0000000008006090       0xc4 Core/Src/stm32f4xx_hal_msp.o
                0x0000000008006090                HAL_TIM_MspPostInit
 .text.NMI_Handler
                0x0000000008006154        0xe Core/Src/stm32f4xx_it.o
                0x0000000008006154                NMI_Handler
 .text.HardFault_Handler
                0x0000000008006162        0x6 Core/Src/stm32f4xx_it.o
                0x0000000008006162                HardFault_Handler
 .text.MemManage_Handler
                0x0000000008006168        0x6 Core/Src/stm32f4xx_it.o
                0x0000000008006168                MemManage_Handler
 .text.BusFault_Handler
                0x000000000800616e        0x6 Core/Src/stm32f4xx_it.o
                0x000000000800616e                BusFault_Handler
 .text.UsageFault_Handler
                0x0000000008006174        0x6 Core/Src/stm32f4xx_it.o
                0x0000000008006174                UsageFault_Handler
 .text.SVC_Handler
                0x000000000800617a        0xe Core/Src/stm32f4xx_it.o
                0x000000000800617a                SVC_Handler
 .text.DebugMon_Handler
                0x0000000008006188        0xe Core/Src/stm32f4xx_it.o
                0x0000000008006188                DebugMon_Handler
 .text.PendSV_Handler
                0x0000000008006196        0xe Core/Src/stm32f4xx_it.o
                0x0000000008006196                PendSV_Handler
 .text.SysTick_Handler
                0x00000000080061a4       0x10 Core/Src/stm32f4xx_it.o
                0x00000000080061a4                SysTick_Handler
 .text.TIM2_IRQHandler
                0x00000000080061b4       0x14 Core/Src/stm32f4xx_it.o
                0x00000000080061b4                TIM2_IRQHandler
 .text.TIM3_IRQHandler
                0x00000000080061c8       0x14 Core/Src/stm32f4xx_it.o
                0x00000000080061c8                TIM3_IRQHandler
 .text.TIM4_IRQHandler
                0x00000000080061dc       0x14 Core/Src/stm32f4xx_it.o
                0x00000000080061dc                TIM4_IRQHandler
 .text.TIM5_IRQHandler
                0x00000000080061f0       0x14 Core/Src/stm32f4xx_it.o
                0x00000000080061f0                TIM5_IRQHandler
 .text._read    0x0000000008006204       0x3a Core/Src/syscalls.o
                0x0000000008006204                _read
 .text._write   0x000000000800623e       0x38 Core/Src/syscalls.o
                0x000000000800623e                _write
 .text._close   0x0000000008006276       0x18 Core/Src/syscalls.o
                0x0000000008006276                _close
 .text._fstat   0x000000000800628e       0x20 Core/Src/syscalls.o
                0x000000000800628e                _fstat
 .text._isatty  0x00000000080062ae       0x16 Core/Src/syscalls.o
                0x00000000080062ae                _isatty
 .text._lseek   0x00000000080062c4       0x1a Core/Src/syscalls.o
                0x00000000080062c4                _lseek
 *fill*         0x00000000080062de        0x2 
 .text._sbrk    0x00000000080062e0       0x58 Core/Src/sysmem.o
                0x00000000080062e0                _sbrk
 .text.SystemInit
                0x0000000008006338       0x2c Core/Src/system_stm32f4xx.o
                0x0000000008006338                SystemInit
 .text.Reset_Handler
                0x0000000008006364       0x50 Core/Startup/startup_stm32f407vgtx.o
                0x0000000008006364                Reset_Handler
 .text.Default_Handler
                0x00000000080063b4        0x2 Core/Startup/startup_stm32f407vgtx.o
                0x00000000080063b4                RTC_Alarm_IRQHandler
                0x00000000080063b4                HASH_RNG_IRQHandler
                0x00000000080063b4                EXTI2_IRQHandler
                0x00000000080063b4                TIM8_CC_IRQHandler
                0x00000000080063b4                TIM1_CC_IRQHandler
                0x00000000080063b4                DMA2_Stream5_IRQHandler
                0x00000000080063b4                DMA1_Stream5_IRQHandler
                0x00000000080063b4                PVD_IRQHandler
                0x00000000080063b4                SDIO_IRQHandler
                0x00000000080063b4                TAMP_STAMP_IRQHandler
                0x00000000080063b4                CAN2_RX1_IRQHandler
                0x00000000080063b4                EXTI3_IRQHandler
                0x00000000080063b4                TIM8_TRG_COM_TIM14_IRQHandler
                0x00000000080063b4                TIM1_UP_TIM10_IRQHandler
                0x00000000080063b4                TIM8_UP_TIM13_IRQHandler
                0x00000000080063b4                I2C3_ER_IRQHandler
                0x00000000080063b4                EXTI0_IRQHandler
                0x00000000080063b4                I2C2_EV_IRQHandler
                0x00000000080063b4                DMA1_Stream2_IRQHandler
                0x00000000080063b4                CAN1_RX0_IRQHandler
                0x00000000080063b4                FPU_IRQHandler
                0x00000000080063b4                OTG_HS_WKUP_IRQHandler
                0x00000000080063b4                CAN2_SCE_IRQHandler
                0x00000000080063b4                DMA2_Stream2_IRQHandler
                0x00000000080063b4                SPI1_IRQHandler
                0x00000000080063b4                TIM6_DAC_IRQHandler
                0x00000000080063b4                TIM1_BRK_TIM9_IRQHandler
                0x00000000080063b4                DCMI_IRQHandler
                0x00000000080063b4                CAN2_RX0_IRQHandler
                0x00000000080063b4                DMA2_Stream3_IRQHandler
                0x00000000080063b4                USART6_IRQHandler
                0x00000000080063b4                USART3_IRQHandler
                0x00000000080063b4                CAN1_RX1_IRQHandler
                0x00000000080063b4                UART5_IRQHandler
                0x00000000080063b4                DMA2_Stream0_IRQHandler
                0x00000000080063b4                I2C1_EV_IRQHandler
                0x00000000080063b4                DMA1_Stream6_IRQHandler
                0x00000000080063b4                DMA1_Stream1_IRQHandler
                0x00000000080063b4                UART4_IRQHandler
                0x00000000080063b4                RCC_IRQHandler
                0x00000000080063b4                TIM8_BRK_TIM12_IRQHandler
                0x00000000080063b4                Default_Handler
                0x00000000080063b4                EXTI15_10_IRQHandler
                0x00000000080063b4                ADC_IRQHandler
                0x00000000080063b4                DMA1_Stream7_IRQHandler
                0x00000000080063b4                TIM7_IRQHandler
                0x00000000080063b4                CAN2_TX_IRQHandler
                0x00000000080063b4                DMA2_Stream7_IRQHandler
                0x00000000080063b4                I2C3_EV_IRQHandler
                0x00000000080063b4                EXTI9_5_IRQHandler
                0x00000000080063b4                RTC_WKUP_IRQHandler
                0x00000000080063b4                ETH_WKUP_IRQHandler
                0x00000000080063b4                SPI2_IRQHandler
                0x00000000080063b4                OTG_HS_EP1_IN_IRQHandler
                0x00000000080063b4                DMA1_Stream0_IRQHandler
                0x00000000080063b4                CAN1_TX_IRQHandler
                0x00000000080063b4                EXTI4_IRQHandler
                0x00000000080063b4                FSMC_IRQHandler
                0x00000000080063b4                ETH_IRQHandler
                0x00000000080063b4                OTG_HS_EP1_OUT_IRQHandler
                0x00000000080063b4                WWDG_IRQHandler
                0x00000000080063b4                OTG_FS_WKUP_IRQHandler
                0x00000000080063b4                TIM1_TRG_COM_TIM11_IRQHandler
                0x00000000080063b4                OTG_HS_IRQHandler
                0x00000000080063b4                EXTI1_IRQHandler
                0x00000000080063b4                USART2_IRQHandler
                0x00000000080063b4                I2C2_ER_IRQHandler
                0x00000000080063b4                DMA2_Stream1_IRQHandler
                0x00000000080063b4                CAN1_SCE_IRQHandler
                0x00000000080063b4                FLASH_IRQHandler
                0x00000000080063b4                DMA2_Stream4_IRQHandler
                0x00000000080063b4                USART1_IRQHandler
                0x00000000080063b4                OTG_FS_IRQHandler
                0x00000000080063b4                SPI3_IRQHandler
                0x00000000080063b4                DMA1_Stream4_IRQHandler
                0x00000000080063b4                I2C1_ER_IRQHandler
                0x00000000080063b4                DMA2_Stream6_IRQHandler
                0x00000000080063b4                DMA1_Stream3_IRQHandler
 *fill*         0x00000000080063b6        0x2 
 .text.HAL_Init
                0x00000000080063b8       0x44 Drivers/STM32F4xx_HAL_Driver/Src/stm32f4xx_hal.o
                0x00000000080063b8                HAL_Init
 .text.HAL_InitTick
                0x00000000080063fc       0x60 Drivers/STM32F4xx_HAL_Driver/Src/stm32f4xx_hal.o
                0x00000000080063fc                HAL_InitTick
 .text.HAL_IncTick
                0x000000000800645c       0x28 Drivers/STM32F4xx_HAL_Driver/Src/stm32f4xx_hal.o
                0x000000000800645c                HAL_IncTick
 .text.HAL_GetTick
                0x0000000008006484       0x18 Drivers/STM32F4xx_HAL_Driver/Src/stm32f4xx_hal.o
                0x0000000008006484                HAL_GetTick
 .text.HAL_Delay
                0x000000000800649c       0x44 Drivers/STM32F4xx_HAL_Driver/Src/stm32f4xx_hal.o
                0x000000000800649c                HAL_Delay
 .text.HAL_ADC_Init
                0x00000000080064e0       0x86 Drivers/STM32F4xx_HAL_Driver/Src/stm32f4xx_hal_adc.o
                0x00000000080064e0                HAL_ADC_Init
 *fill*         0x0000000008006566        0x2 
 .text.HAL_ADC_Start
                0x0000000008006568      0x18c Drivers/STM32F4xx_HAL_Driver/Src/stm32f4xx_hal_adc.o
                0x0000000008006568                HAL_ADC_Start
 .text.HAL_ADC_PollForConversion
                0x00000000080066f4      0x108 Drivers/STM32F4xx_HAL_Driver/Src/stm32f4xx_hal_adc.o
                0x00000000080066f4                HAL_ADC_PollForConversion
 .text.HAL_ADC_GetValue
                0x00000000080067fc       0x1a Drivers/STM32F4xx_HAL_Driver/Src/stm32f4xx_hal_adc.o
                0x00000000080067fc                HAL_ADC_GetValue
 *fill*         0x0000000008006816        0x2 
 .text.HAL_ADC_ConfigChannel
                0x0000000008006818      0x244 Drivers/STM32F4xx_HAL_Driver/Src/stm32f4xx_hal_adc.o
                0x0000000008006818                HAL_ADC_ConfigChannel
 .text.ADC_Init
                0x0000000008006a5c      0x1f8 Drivers/STM32F4xx_HAL_Driver/Src/stm32f4xx_hal_adc.o
 .text.__NVIC_SetPriorityGrouping
                0x0000000008006c54       0x48 Drivers/STM32F4xx_HAL_Driver/Src/stm32f4xx_hal_cortex.o
 .text.__NVIC_GetPriorityGrouping
                0x0000000008006c9c       0x1c Drivers/STM32F4xx_HAL_Driver/Src/stm32f4xx_hal_cortex.o
 .text.__NVIC_EnableIRQ
                0x0000000008006cb8       0x3c Drivers/STM32F4xx_HAL_Driver/Src/stm32f4xx_hal_cortex.o
 .text.__NVIC_SetPriority
                0x0000000008006cf4       0x54 Drivers/STM32F4xx_HAL_Driver/Src/stm32f4xx_hal_cortex.o
 .text.NVIC_EncodePriority
                0x0000000008006d48       0x66 Drivers/STM32F4xx_HAL_Driver/Src/stm32f4xx_hal_cortex.o
 *fill*         0x0000000008006dae        0x2 
 .text.SysTick_Config
                0x0000000008006db0       0x44 Drivers/STM32F4xx_HAL_Driver/Src/stm32f4xx_hal_cortex.o
 .text.HAL_NVIC_SetPriorityGrouping
                0x0000000008006df4       0x16 Drivers/STM32F4xx_HAL_Driver/Src/stm32f4xx_hal_cortex.o
                0x0000000008006df4                HAL_NVIC_SetPriorityGrouping
 .text.HAL_NVIC_SetPriority
                0x0000000008006e0a       0x38 Drivers/STM32F4xx_HAL_Driver/Src/stm32f4xx_hal_cortex.o
                0x0000000008006e0a                HAL_NVIC_SetPriority
 .text.HAL_NVIC_EnableIRQ
                0x0000000008006e42       0x1c Drivers/STM32F4xx_HAL_Driver/Src/stm32f4xx_hal_cortex.o
                0x0000000008006e42                HAL_NVIC_EnableIRQ
 .text.HAL_SYSTICK_Config
                0x0000000008006e5e       0x18 Drivers/STM32F4xx_HAL_Driver/Src/stm32f4xx_hal_cortex.o
                0x0000000008006e5e                HAL_SYSTICK_Config
 .text.HAL_DAC_Init
                0x0000000008006e76       0x44 Drivers/STM32F4xx_HAL_Driver/Src/stm32f4xx_hal_dac.o
                0x0000000008006e76                HAL_DAC_Init
 .text.HAL_DAC_Start
                0x0000000008006eba       0xcc Drivers/STM32F4xx_HAL_Driver/Src/stm32f4xx_hal_dac.o
                0x0000000008006eba                HAL_DAC_Start
 .text.HAL_DAC_ConfigChannel
                0x0000000008006f86       0x9a Drivers/STM32F4xx_HAL_Driver/Src/stm32f4xx_hal_dac.o
                0x0000000008006f86                HAL_DAC_ConfigChannel
 .text.HAL_DAC_SetValue
                0x0000000008007020       0x4a Drivers/STM32F4xx_HAL_Driver/Src/stm32f4xx_hal_dac.o
                0x0000000008007020                HAL_DAC_SetValue
 *fill*         0x000000000800706a        0x2 
 .text.HAL_GPIO_Init
                0x000000000800706c      0x334 Drivers/STM32F4xx_HAL_Driver/Src/stm32f4xx_hal_gpio.o
                0x000000000800706c                HAL_GPIO_Init
 .text.HAL_GPIO_ReadPin
                0x00000000080073a0       0x30 Drivers/STM32F4xx_HAL_Driver/Src/stm32f4xx_hal_gpio.o
                0x00000000080073a0                HAL_GPIO_ReadPin
 .text.HAL_GPIO_WritePin
                0x00000000080073d0       0x32 Drivers/STM32F4xx_HAL_Driver/Src/stm32f4xx_hal_gpio.o
                0x00000000080073d0                HAL_GPIO_WritePin
 *fill*         0x0000000008007402        0x2 
 .text.HAL_RCC_OscConfig
                0x0000000008007404      0x4e0 Drivers/STM32F4xx_HAL_Driver/Src/stm32f4xx_hal_rcc.o
                0x0000000008007404                HAL_RCC_OscConfig
 .text.HAL_RCC_ClockConfig
                0x00000000080078e4      0x1cc Drivers/STM32F4xx_HAL_Driver/Src/stm32f4xx_hal_rcc.o
                0x00000000080078e4                HAL_RCC_ClockConfig
 .text.HAL_RCC_GetSysClockFreq
                0x0000000008007ab0      0x1b0 Drivers/STM32F4xx_HAL_Driver/Src/stm32f4xx_hal_rcc.o
                0x0000000008007ab0                HAL_RCC_GetSysClockFreq
 .text.HAL_SPI_Init
                0x0000000008007c60       0xc8 Drivers/STM32F4xx_HAL_Driver/Src/stm32f4xx_hal_spi.o
                0x0000000008007c60                HAL_SPI_Init
 .text.HAL_SPI_Transmit
                0x0000000008007d28      0x268 Drivers/STM32F4xx_HAL_Driver/Src/stm32f4xx_hal_spi.o
                0x0000000008007d28                HAL_SPI_Transmit
 .text.HAL_SPI_TransmitReceive
                0x0000000008007f90      0x344 Drivers/STM32F4xx_HAL_Driver/Src/stm32f4xx_hal_spi.o
                0x0000000008007f90                HAL_SPI_TransmitReceive
 .text.HAL_SPI_GetState
                0x00000000080082d4       0x1c Drivers/STM32F4xx_HAL_Driver/Src/stm32f4xx_hal_spi.o
                0x00000000080082d4                HAL_SPI_GetState
 .text.SPI_WaitFlagStateUntilTimeout
                0x00000000080082f0       0xd4 Drivers/STM32F4xx_HAL_Driver/Src/stm32f4xx_hal_spi.o
 .text.SPI_EndRxTxTransaction
                0x00000000080083c4       0x84 Drivers/STM32F4xx_HAL_Driver/Src/stm32f4xx_hal_spi.o
 .text.HAL_TIM_Base_Init
                0x0000000008008448       0x56 Drivers/STM32F4xx_HAL_Driver/Src/stm32f4xx_hal_tim.o
                0x0000000008008448                HAL_TIM_Base_Init
 .text.HAL_TIM_Base_Start_IT
                0x000000000800849e       0x48 Drivers/STM32F4xx_HAL_Driver/Src/stm32f4xx_hal_tim.o
                0x000000000800849e                HAL_TIM_Base_Start_IT
 .text.HAL_TIM_PWM_Init
                0x00000000080084e6       0x56 Drivers/STM32F4xx_HAL_Driver/Src/stm32f4xx_hal_tim.o
                0x00000000080084e6                HAL_TIM_PWM_Init
 .text.HAL_TIM_PWM_Start
                0x000000000800853c       0x7c Drivers/STM32F4xx_HAL_Driver/Src/stm32f4xx_hal_tim.o
                0x000000000800853c                HAL_TIM_PWM_Start
 .text.HAL_TIM_IRQHandler
                0x00000000080085b8      0x210 Drivers/STM32F4xx_HAL_Driver/Src/stm32f4xx_hal_tim.o
                0x00000000080085b8                HAL_TIM_IRQHandler
 .text.HAL_TIM_PWM_ConfigChannel
                0x00000000080087c8      0x18c Drivers/STM32F4xx_HAL_Driver/Src/stm32f4xx_hal_tim.o
                0x00000000080087c8                HAL_TIM_PWM_ConfigChannel
 .text.HAL_TIM_ConfigClockSource
                0x0000000008008954      0x16e Drivers/STM32F4xx_HAL_Driver/Src/stm32f4xx_hal_tim.o
                0x0000000008008954                HAL_TIM_ConfigClockSource
 .text.HAL_TIM_OC_DelayElapsedCallback
                0x0000000008008ac2       0x14 Drivers/STM32F4xx_HAL_Driver/Src/stm32f4xx_hal_tim.o
                0x0000000008008ac2                HAL_TIM_OC_DelayElapsedCallback
 .text.HAL_TIM_IC_CaptureCallback
                0x0000000008008ad6       0x14 Drivers/STM32F4xx_HAL_Driver/Src/stm32f4xx_hal_tim.o
                0x0000000008008ad6                HAL_TIM_IC_CaptureCallback
 .text.HAL_TIM_PWM_PulseFinishedCallback
                0x0000000008008aea       0x14 Drivers/STM32F4xx_HAL_Driver/Src/stm32f4xx_hal_tim.o
                0x0000000008008aea                HAL_TIM_PWM_PulseFinishedCallback
 .text.HAL_TIM_TriggerCallback
                0x0000000008008afe       0x14 Drivers/STM32F4xx_HAL_Driver/Src/stm32f4xx_hal_tim.o
                0x0000000008008afe                HAL_TIM_TriggerCallback
 *fill*         0x0000000008008b12        0x2 
 .text.TIM_Base_SetConfig
                0x0000000008008b14      0x140 Drivers/STM32F4xx_HAL_Driver/Src/stm32f4xx_hal_tim.o
                0x0000000008008b14                TIM_Base_SetConfig
 .text.TIM_OC1_SetConfig
                0x0000000008008c54       0xe0 Drivers/STM32F4xx_HAL_Driver/Src/stm32f4xx_hal_tim.o
 .text.TIM_OC2_SetConfig
                0x0000000008008d34       0xec Drivers/STM32F4xx_HAL_Driver/Src/stm32f4xx_hal_tim.o
                0x0000000008008d34                TIM_OC2_SetConfig
 .text.TIM_OC3_SetConfig
                0x0000000008008e20       0xe8 Drivers/STM32F4xx_HAL_Driver/Src/stm32f4xx_hal_tim.o
 .text.TIM_OC4_SetConfig
                0x0000000008008f08       0xac Drivers/STM32F4xx_HAL_Driver/Src/stm32f4xx_hal_tim.o
 .text.TIM_TI1_ConfigInputStage
                0x0000000008008fb4       0x5e Drivers/STM32F4xx_HAL_Driver/Src/stm32f4xx_hal_tim.o
 .text.TIM_TI2_ConfigInputStage
                0x0000000008009012       0x60 Drivers/STM32F4xx_HAL_Driver/Src/stm32f4xx_hal_tim.o
 .text.TIM_ITRx_SetConfig
                0x0000000008009072       0x36 Drivers/STM32F4xx_HAL_Driver/Src/stm32f4xx_hal_tim.o
 .text.TIM_ETR_SetConfig
                0x00000000080090a8       0x40 Drivers/STM32F4xx_HAL_Driver/Src/stm32f4xx_hal_tim.o
                0x00000000080090a8                TIM_ETR_SetConfig
 .text.TIM_CCxChannelCmd
                0x00000000080090e8       0x4a Drivers/STM32F4xx_HAL_Driver/Src/stm32f4xx_hal_tim.o
                0x00000000080090e8                TIM_CCxChannelCmd
 *fill*         0x0000000008009132        0x2 
 .text.HAL_TIMEx_MasterConfigSynchronization
                0x0000000008009134       0xf8 Drivers/STM32F4xx_HAL_Driver/Src/stm32f4xx_hal_tim_ex.o
                0x0000000008009134                HAL_TIMEx_MasterConfigSynchronization
 .text.HAL_TIMEx_ConfigBreakDeadTime
                0x000000000800922c       0xa4 Drivers/STM32F4xx_HAL_Driver/Src/stm32f4xx_hal_tim_ex.o
                0x000000000800922c                HAL_TIMEx_ConfigBreakDeadTime
 .text.HAL_TIMEx_CommutCallback
                0x00000000080092d0       0x14 Drivers/STM32F4xx_HAL_Driver/Src/stm32f4xx_hal_tim_ex.o
                0x00000000080092d0                HAL_TIMEx_CommutCallback
 .text.HAL_TIMEx_BreakCallback
                0x00000000080092e4       0x14 Drivers/STM32F4xx_HAL_Driver/Src/stm32f4xx_hal_tim_ex.o
                0x00000000080092e4                HAL_TIMEx_BreakCallback
 .text.atoi     0x00000000080092f8        0x8 c:/st/stm32cubeide_1.1.0/stm32cubeide/plugins/com.st.stm32cube.ide.mcu.externaltools.gnu-tools-for-stm32.7-2018-q2-update.win32_1.0.0.201904181610/tools/bin/../lib/gcc/arm-none-eabi/7.3.1/../../../../arm-none-eabi/lib/thumb/v7e-m/fpv4-sp/hard\libc_nano.a(lib_a-atoi.o)
                0x00000000080092f8                atoi
 .text.__errno  0x0000000008009300        0xc c:/st/stm32cubeide_1.1.0/stm32cubeide/plugins/com.st.stm32cube.ide.mcu.externaltools.gnu-tools-for-stm32.7-2018-q2-update.win32_1.0.0.201904181610/tools/bin/../lib/gcc/arm-none-eabi/7.3.1/../../../../arm-none-eabi/lib/thumb/v7e-m/fpv4-sp/hard\libc_nano.a(lib_a-errno.o)
                0x0000000008009300                __errno
 .text.__libc_init_array
                0x000000000800930c       0x48 c:/st/stm32cubeide_1.1.0/stm32cubeide/plugins/com.st.stm32cube.ide.mcu.externaltools.gnu-tools-for-stm32.7-2018-q2-update.win32_1.0.0.201904181610/tools/bin/../lib/gcc/arm-none-eabi/7.3.1/../../../../arm-none-eabi/lib/thumb/v7e-m/fpv4-sp/hard\libc_nano.a(lib_a-init.o)
                0x000000000800930c                __libc_init_array
 .text.malloc   0x0000000008009354       0x10 c:/st/stm32cubeide_1.1.0/stm32cubeide/plugins/com.st.stm32cube.ide.mcu.externaltools.gnu-tools-for-stm32.7-2018-q2-update.win32_1.0.0.201904181610/tools/bin/../lib/gcc/arm-none-eabi/7.3.1/../../../../arm-none-eabi/lib/thumb/v7e-m/fpv4-sp/hard\libc_nano.a(lib_a-malloc.o)
                0x0000000008009354                malloc
 .text.free     0x0000000008009364       0x10 c:/st/stm32cubeide_1.1.0/stm32cubeide/plugins/com.st.stm32cube.ide.mcu.externaltools.gnu-tools-for-stm32.7-2018-q2-update.win32_1.0.0.201904181610/tools/bin/../lib/gcc/arm-none-eabi/7.3.1/../../../../arm-none-eabi/lib/thumb/v7e-m/fpv4-sp/hard\libc_nano.a(lib_a-malloc.o)
                0x0000000008009364                free
 .text.memset   0x0000000008009374       0x10 c:/st/stm32cubeide_1.1.0/stm32cubeide/plugins/com.st.stm32cube.ide.mcu.externaltools.gnu-tools-for-stm32.7-2018-q2-update.win32_1.0.0.201904181610/tools/bin/../lib/gcc/arm-none-eabi/7.3.1/../../../../arm-none-eabi/lib/thumb/v7e-m/fpv4-sp/hard\libc_nano.a(lib_a-memset.o)
                0x0000000008009374                memset
 .text._free_r  0x0000000008009384       0x9c c:/st/stm32cubeide_1.1.0/stm32cubeide/plugins/com.st.stm32cube.ide.mcu.externaltools.gnu-tools-for-stm32.7-2018-q2-update.win32_1.0.0.201904181610/tools/bin/../lib/gcc/arm-none-eabi/7.3.1/../../../../arm-none-eabi/lib/thumb/v7e-m/fpv4-sp/hard\libc_nano.a(lib_a-nano-freer.o)
                0x0000000008009384                _free_r
 .text._malloc_r
                0x0000000008009420       0xb4 c:/st/stm32cubeide_1.1.0/stm32cubeide/plugins/com.st.stm32cube.ide.mcu.externaltools.gnu-tools-for-stm32.7-2018-q2-update.win32_1.0.0.201904181610/tools/bin/../lib/gcc/arm-none-eabi/7.3.1/../../../../arm-none-eabi/lib/thumb/v7e-m/fpv4-sp/hard\libc_nano.a(lib_a-nano-mallocr.o)
                0x0000000008009420                _malloc_r
 .text._puts_r  0x00000000080094d4       0xb8 c:/st/stm32cubeide_1.1.0/stm32cubeide/plugins/com.st.stm32cube.ide.mcu.externaltools.gnu-tools-for-stm32.7-2018-q2-update.win32_1.0.0.201904181610/tools/bin/../lib/gcc/arm-none-eabi/7.3.1/../../../../arm-none-eabi/lib/thumb/v7e-m/fpv4-sp/hard\libc_nano.a(lib_a-puts.o)
                0x00000000080094d4                _puts_r
 .text.puts     0x000000000800958c       0x10 c:/st/stm32cubeide_1.1.0/stm32cubeide/plugins/com.st.stm32cube.ide.mcu.externaltools.gnu-tools-for-stm32.7-2018-q2-update.win32_1.0.0.201904181610/tools/bin/../lib/gcc/arm-none-eabi/7.3.1/../../../../arm-none-eabi/lib/thumb/v7e-m/fpv4-sp/hard\libc_nano.a(lib_a-puts.o)
                0x000000000800958c                puts
 .text._sbrk_r  0x000000000800959c       0x20 c:/st/stm32cubeide_1.1.0/stm32cubeide/plugins/com.st.stm32cube.ide.mcu.externaltools.gnu-tools-for-stm32.7-2018-q2-update.win32_1.0.0.201904181610/tools/bin/../lib/gcc/arm-none-eabi/7.3.1/../../../../arm-none-eabi/lib/thumb/v7e-m/fpv4-sp/hard\libc_nano.a(lib_a-sbrkr.o)
                0x000000000800959c                _sbrk_r
 .text.sprintf  0x00000000080095bc       0x40 c:/st/stm32cubeide_1.1.0/stm32cubeide/plugins/com.st.stm32cube.ide.mcu.externaltools.gnu-tools-for-stm32.7-2018-q2-update.win32_1.0.0.201904181610/tools/bin/../lib/gcc/arm-none-eabi/7.3.1/../../../../arm-none-eabi/lib/thumb/v7e-m/fpv4-sp/hard\libc_nano.a(lib_a-sprintf.o)
                0x00000000080095bc                siprintf
                0x00000000080095bc                sprintf
 .text.strcpy   0x00000000080095fc       0x10 c:/st/stm32cubeide_1.1.0/stm32cubeide/plugins/com.st.stm32cube.ide.mcu.externaltools.gnu-tools-for-stm32.7-2018-q2-update.win32_1.0.0.201904181610/tools/bin/../lib/gcc/arm-none-eabi/7.3.1/../../../../arm-none-eabi/lib/thumb/v7e-m/fpv4-sp/hard\libc_nano.a(lib_a-strcpy.o)
                0x00000000080095fc                strcpy
 .text._strtol_l.isra.0
                0x000000000800960c       0xf6 c:/st/stm32cubeide_1.1.0/stm32cubeide/plugins/com.st.stm32cube.ide.mcu.externaltools.gnu-tools-for-stm32.7-2018-q2-update.win32_1.0.0.201904181610/tools/bin/../lib/gcc/arm-none-eabi/7.3.1/../../../../arm-none-eabi/lib/thumb/v7e-m/fpv4-sp/hard\libc_nano.a(lib_a-strtol.o)
 *fill*         0x0000000008009702        0x2 
 .text.strtol   0x0000000008009704       0x2c c:/st/stm32cubeide_1.1.0/stm32cubeide/plugins/com.st.stm32cube.ide.mcu.externaltools.gnu-tools-for-stm32.7-2018-q2-update.win32_1.0.0.201904181610/tools/bin/../lib/gcc/arm-none-eabi/7.3.1/../../../../arm-none-eabi/lib/thumb/v7e-m/fpv4-sp/hard\libc_nano.a(lib_a-strtol.o)
                0x0000000008009704                strtol
 .text.__swbuf_r
                0x0000000008009730       0xa4 c:/st/stm32cubeide_1.1.0/stm32cubeide/plugins/com.st.stm32cube.ide.mcu.externaltools.gnu-tools-for-stm32.7-2018-q2-update.win32_1.0.0.201904181610/tools/bin/../lib/gcc/arm-none-eabi/7.3.1/../../../../arm-none-eabi/lib/thumb/v7e-m/fpv4-sp/hard\libc_nano.a(lib_a-wbuf.o)
                0x0000000008009730                __swbuf_r
 .text.__swsetup_r
                0x00000000080097d4       0xdc c:/st/stm32cubeide_1.1.0/stm32cubeide/plugins/com.st.stm32cube.ide.mcu.externaltools.gnu-tools-for-stm32.7-2018-q2-update.win32_1.0.0.201904181610/tools/bin/../lib/gcc/arm-none-eabi/7.3.1/../../../../arm-none-eabi/lib/thumb/v7e-m/fpv4-sp/hard\libc_nano.a(lib_a-wsetup.o)
                0x00000000080097d4                __swsetup_r
 .text.__sflush_r
                0x00000000080098b0      0x10c c:/st/stm32cubeide_1.1.0/stm32cubeide/plugins/com.st.stm32cube.ide.mcu.externaltools.gnu-tools-for-stm32.7-2018-q2-update.win32_1.0.0.201904181610/tools/bin/../lib/gcc/arm-none-eabi/7.3.1/../../../../arm-none-eabi/lib/thumb/v7e-m/fpv4-sp/hard\libc_nano.a(lib_a-fflush.o)
                0x00000000080098b0                __sflush_r
 .text._fflush_r
                0x00000000080099bc       0x54 c:/st/stm32cubeide_1.1.0/stm32cubeide/plugins/com.st.stm32cube.ide.mcu.externaltools.gnu-tools-for-stm32.7-2018-q2-update.win32_1.0.0.201904181610/tools/bin/../lib/gcc/arm-none-eabi/7.3.1/../../../../arm-none-eabi/lib/thumb/v7e-m/fpv4-sp/hard\libc_nano.a(lib_a-fflush.o)
                0x00000000080099bc                _fflush_r
 .text.std      0x0000000008009a10       0x48 c:/st/stm32cubeide_1.1.0/stm32cubeide/plugins/com.st.stm32cube.ide.mcu.externaltools.gnu-tools-for-stm32.7-2018-q2-update.win32_1.0.0.201904181610/tools/bin/../lib/gcc/arm-none-eabi/7.3.1/../../../../arm-none-eabi/lib/thumb/v7e-m/fpv4-sp/hard\libc_nano.a(lib_a-findfp.o)
 .text._cleanup_r
                0x0000000008009a58        0xc c:/st/stm32cubeide_1.1.0/stm32cubeide/plugins/com.st.stm32cube.ide.mcu.externaltools.gnu-tools-for-stm32.7-2018-q2-update.win32_1.0.0.201904181610/tools/bin/../lib/gcc/arm-none-eabi/7.3.1/../../../../arm-none-eabi/lib/thumb/v7e-m/fpv4-sp/hard\libc_nano.a(lib_a-findfp.o)
                0x0000000008009a58                _cleanup_r
 .text.__sfmoreglue
                0x0000000008009a64       0x2c c:/st/stm32cubeide_1.1.0/stm32cubeide/plugins/com.st.stm32cube.ide.mcu.externaltools.gnu-tools-for-stm32.7-2018-q2-update.win32_1.0.0.201904181610/tools/bin/../lib/gcc/arm-none-eabi/7.3.1/../../../../arm-none-eabi/lib/thumb/v7e-m/fpv4-sp/hard\libc_nano.a(lib_a-findfp.o)
                0x0000000008009a64                __sfmoreglue
 .text.__sinit  0x0000000008009a90       0x60 c:/st/stm32cubeide_1.1.0/stm32cubeide/plugins/com.st.stm32cube.ide.mcu.externaltools.gnu-tools-for-stm32.7-2018-q2-update.win32_1.0.0.201904181610/tools/bin/../lib/gcc/arm-none-eabi/7.3.1/../../../../arm-none-eabi/lib/thumb/v7e-m/fpv4-sp/hard\libc_nano.a(lib_a-findfp.o)
                0x0000000008009a90                __sinit
 .text.__sfp    0x0000000008009af0       0x78 c:/st/stm32cubeide_1.1.0/stm32cubeide/plugins/com.st.stm32cube.ide.mcu.externaltools.gnu-tools-for-stm32.7-2018-q2-update.win32_1.0.0.201904181610/tools/bin/../lib/gcc/arm-none-eabi/7.3.1/../../../../arm-none-eabi/lib/thumb/v7e-m/fpv4-sp/hard\libc_nano.a(lib_a-findfp.o)
                0x0000000008009af0                __sfp
 .text._fwalk_reent
                0x0000000008009b68       0x3c c:/st/stm32cubeide_1.1.0/stm32cubeide/plugins/com.st.stm32cube.ide.mcu.externaltools.gnu-tools-for-stm32.7-2018-q2-update.win32_1.0.0.201904181610/tools/bin/../lib/gcc/arm-none-eabi/7.3.1/../../../../arm-none-eabi/lib/thumb/v7e-m/fpv4-sp/hard\libc_nano.a(lib_a-fwalk.o)
                0x0000000008009b68                _fwalk_reent
 .text.__locale_ctype_ptr_l
                0x0000000008009ba4        0x6 c:/st/stm32cubeide_1.1.0/stm32cubeide/plugins/com.st.stm32cube.ide.mcu.externaltools.gnu-tools-for-stm32.7-2018-q2-update.win32_1.0.0.201904181610/tools/bin/../lib/gcc/arm-none-eabi/7.3.1/../../../../arm-none-eabi/lib/thumb/v7e-m/fpv4-sp/hard\libc_nano.a(lib_a-locale.o)
                0x0000000008009ba4                __locale_ctype_ptr_l
 .text.__swhatbuf_r
                0x0000000008009baa       0x48 c:/st/stm32cubeide_1.1.0/stm32cubeide/plugins/com.st.stm32cube.ide.mcu.externaltools.gnu-tools-for-stm32.7-2018-q2-update.win32_1.0.0.201904181610/tools/bin/../lib/gcc/arm-none-eabi/7.3.1/../../../../arm-none-eabi/lib/thumb/v7e-m/fpv4-sp/hard\libc_nano.a(lib_a-makebuf.o)
                0x0000000008009baa                __swhatbuf_r
 *fill*         0x0000000008009bf2        0x2 
 .text.__smakebuf_r
                0x0000000008009bf4       0x80 c:/st/stm32cubeide_1.1.0/stm32cubeide/plugins/com.st.stm32cube.ide.mcu.externaltools.gnu-tools-for-stm32.7-2018-q2-update.win32_1.0.0.201904181610/tools/bin/../lib/gcc/arm-none-eabi/7.3.1/../../../../arm-none-eabi/lib/thumb/v7e-m/fpv4-sp/hard\libc_nano.a(lib_a-makebuf.o)
                0x0000000008009bf4                __smakebuf_r
 .text.__ascii_mbtowc
                0x0000000008009c74       0x24 c:/st/stm32cubeide_1.1.0/stm32cubeide/plugins/com.st.stm32cube.ide.mcu.externaltools.gnu-tools-for-stm32.7-2018-q2-update.win32_1.0.0.201904181610/tools/bin/../lib/gcc/arm-none-eabi/7.3.1/../../../../arm-none-eabi/lib/thumb/v7e-m/fpv4-sp/hard\libc_nano.a(lib_a-mbtowc_r.o)
                0x0000000008009c74                __ascii_mbtowc
 .text.__malloc_lock
                0x0000000008009c98        0x2 c:/st/stm32cubeide_1.1.0/stm32cubeide/plugins/com.st.stm32cube.ide.mcu.externaltools.gnu-tools-for-stm32.7-2018-q2-update.win32_1.0.0.201904181610/tools/bin/../lib/gcc/arm-none-eabi/7.3.1/../../../../arm-none-eabi/lib/thumb/v7e-m/fpv4-sp/hard\libc_nano.a(lib_a-mlock.o)
                0x0000000008009c98                __malloc_lock
 .text.__malloc_unlock
                0x0000000008009c9a        0x2 c:/st/stm32cubeide_1.1.0/stm32cubeide/plugins/com.st.stm32cube.ide.mcu.externaltools.gnu-tools-for-stm32.7-2018-q2-update.win32_1.0.0.201904181610/tools/bin/../lib/gcc/arm-none-eabi/7.3.1/../../../../arm-none-eabi/lib/thumb/v7e-m/fpv4-sp/hard\libc_nano.a(lib_a-mlock.o)
                0x0000000008009c9a                __malloc_unlock
 .text.__ssputs_r
                0x0000000008009c9c       0xb4 c:/st/stm32cubeide_1.1.0/stm32cubeide/plugins/com.st.stm32cube.ide.mcu.externaltools.gnu-tools-for-stm32.7-2018-q2-update.win32_1.0.0.201904181610/tools/bin/../lib/gcc/arm-none-eabi/7.3.1/../../../../arm-none-eabi/lib/thumb/v7e-m/fpv4-sp/hard\libc_nano.a(lib_a-nano-svfprintf.o)
                0x0000000008009c9c                __ssputs_r
 .text._svfprintf_r
                0x0000000008009d50      0x1f0 c:/st/stm32cubeide_1.1.0/stm32cubeide/plugins/com.st.stm32cube.ide.mcu.externaltools.gnu-tools-for-stm32.7-2018-q2-update.win32_1.0.0.201904181610/tools/bin/../lib/gcc/arm-none-eabi/7.3.1/../../../../arm-none-eabi/lib/thumb/v7e-m/fpv4-sp/hard\libc_nano.a(lib_a-nano-svfprintf.o)
                0x0000000008009d50                _svfiprintf_r
                0x0000000008009d50                _svfprintf_r
 .text._printf_common
                0x0000000008009f40       0xea c:/st/stm32cubeide_1.1.0/stm32cubeide/plugins/com.st.stm32cube.ide.mcu.externaltools.gnu-tools-for-stm32.7-2018-q2-update.win32_1.0.0.201904181610/tools/bin/../lib/gcc/arm-none-eabi/7.3.1/../../../../arm-none-eabi/lib/thumb/v7e-m/fpv4-sp/hard\libc_nano.a(lib_a-nano-vfprintf_i.o)
                0x0000000008009f40                _printf_common
 *fill*         0x000000000800a02a        0x2 
 .text._printf_i
                0x000000000800a02c      0x224 c:/st/stm32cubeide_1.1.0/stm32cubeide/plugins/com.st.stm32cube.ide.mcu.externaltools.gnu-tools-for-stm32.7-2018-q2-update.win32_1.0.0.201904181610/tools/bin/../lib/gcc/arm-none-eabi/7.3.1/../../../../arm-none-eabi/lib/thumb/v7e-m/fpv4-sp/hard\libc_nano.a(lib_a-nano-vfprintf_i.o)
                0x000000000800a02c                _printf_i
 .text.__sread  0x000000000800a250       0x22 c:/st/stm32cubeide_1.1.0/stm32cubeide/plugins/com.st.stm32cube.ide.mcu.externaltools.gnu-tools-for-stm32.7-2018-q2-update.win32_1.0.0.201904181610/tools/bin/../lib/gcc/arm-none-eabi/7.3.1/../../../../arm-none-eabi/lib/thumb/v7e-m/fpv4-sp/hard\libc_nano.a(lib_a-stdio.o)
                0x000000000800a250                __sread
 .text.__swrite
                0x000000000800a272       0x38 c:/st/stm32cubeide_1.1.0/stm32cubeide/plugins/com.st.stm32cube.ide.mcu.externaltools.gnu-tools-for-stm32.7-2018-q2-update.win32_1.0.0.201904181610/tools/bin/../lib/gcc/arm-none-eabi/7.3.1/../../../../arm-none-eabi/lib/thumb/v7e-m/fpv4-sp/hard\libc_nano.a(lib_a-stdio.o)
                0x000000000800a272                __swrite
 .text.__sseek  0x000000000800a2aa       0x24 c:/st/stm32cubeide_1.1.0/stm32cubeide/plugins/com.st.stm32cube.ide.mcu.externaltools.gnu-tools-for-stm32.7-2018-q2-update.win32_1.0.0.201904181610/tools/bin/../lib/gcc/arm-none-eabi/7.3.1/../../../../arm-none-eabi/lib/thumb/v7e-m/fpv4-sp/hard\libc_nano.a(lib_a-stdio.o)
                0x000000000800a2aa                __sseek
 .text.__sclose
                0x000000000800a2ce        0x8 c:/st/stm32cubeide_1.1.0/stm32cubeide/plugins/com.st.stm32cube.ide.mcu.externaltools.gnu-tools-for-stm32.7-2018-q2-update.win32_1.0.0.201904181610/tools/bin/../lib/gcc/arm-none-eabi/7.3.1/../../../../arm-none-eabi/lib/thumb/v7e-m/fpv4-sp/hard\libc_nano.a(lib_a-stdio.o)
                0x000000000800a2ce                __sclose
 .text.__ascii_wctomb
                0x000000000800a2d6       0x1a c:/st/stm32cubeide_1.1.0/stm32cubeide/plugins/com.st.stm32cube.ide.mcu.externaltools.gnu-tools-for-stm32.7-2018-q2-update.win32_1.0.0.201904181610/tools/bin/../lib/gcc/arm-none-eabi/7.3.1/../../../../arm-none-eabi/lib/thumb/v7e-m/fpv4-sp/hard\libc_nano.a(lib_a-wctomb_r.o)
                0x000000000800a2d6                __ascii_wctomb
 .text._write_r
                0x000000000800a2f0       0x24 c:/st/stm32cubeide_1.1.0/stm32cubeide/plugins/com.st.stm32cube.ide.mcu.externaltools.gnu-tools-for-stm32.7-2018-q2-update.win32_1.0.0.201904181610/tools/bin/../lib/gcc/arm-none-eabi/7.3.1/../../../../arm-none-eabi/lib/thumb/v7e-m/fpv4-sp/hard\libc_nano.a(lib_a-writer.o)
                0x000000000800a2f0                _write_r
 .text._close_r
                0x000000000800a314       0x20 c:/st/stm32cubeide_1.1.0/stm32cubeide/plugins/com.st.stm32cube.ide.mcu.externaltools.gnu-tools-for-stm32.7-2018-q2-update.win32_1.0.0.201904181610/tools/bin/../lib/gcc/arm-none-eabi/7.3.1/../../../../arm-none-eabi/lib/thumb/v7e-m/fpv4-sp/hard\libc_nano.a(lib_a-closer.o)
                0x000000000800a314                _close_r
 .text._fstat_r
                0x000000000800a334       0x24 c:/st/stm32cubeide_1.1.0/stm32cubeide/plugins/com.st.stm32cube.ide.mcu.externaltools.gnu-tools-for-stm32.7-2018-q2-update.win32_1.0.0.201904181610/tools/bin/../lib/gcc/arm-none-eabi/7.3.1/../../../../arm-none-eabi/lib/thumb/v7e-m/fpv4-sp/hard\libc_nano.a(lib_a-fstatr.o)
                0x000000000800a334                _fstat_r
 .text._isatty_r
                0x000000000800a358       0x20 c:/st/stm32cubeide_1.1.0/stm32cubeide/plugins/com.st.stm32cube.ide.mcu.externaltools.gnu-tools-for-stm32.7-2018-q2-update.win32_1.0.0.201904181610/tools/bin/../lib/gcc/arm-none-eabi/7.3.1/../../../../arm-none-eabi/lib/thumb/v7e-m/fpv4-sp/hard\libc_nano.a(lib_a-isattyr.o)
                0x000000000800a358                _isatty_r
 .text._lseek_r
                0x000000000800a378       0x24 c:/st/stm32cubeide_1.1.0/stm32cubeide/plugins/com.st.stm32cube.ide.mcu.externaltools.gnu-tools-for-stm32.7-2018-q2-update.win32_1.0.0.201904181610/tools/bin/../lib/gcc/arm-none-eabi/7.3.1/../../../../arm-none-eabi/lib/thumb/v7e-m/fpv4-sp/hard\libc_nano.a(lib_a-lseekr.o)
                0x000000000800a378                _lseek_r
 .text.memcpy   0x000000000800a39c       0x16 c:/st/stm32cubeide_1.1.0/stm32cubeide/plugins/com.st.stm32cube.ide.mcu.externaltools.gnu-tools-for-stm32.7-2018-q2-update.win32_1.0.0.201904181610/tools/bin/../lib/gcc/arm-none-eabi/7.3.1/../../../../arm-none-eabi/lib/thumb/v7e-m/fpv4-sp/hard\libc_nano.a(lib_a-memcpy-stub.o)
                0x000000000800a39c                memcpy
 .text.memmove  0x000000000800a3b2       0x32 c:/st/stm32cubeide_1.1.0/stm32cubeide/plugins/com.st.stm32cube.ide.mcu.externaltools.gnu-tools-for-stm32.7-2018-q2-update.win32_1.0.0.201904181610/tools/bin/../lib/gcc/arm-none-eabi/7.3.1/../../../../arm-none-eabi/lib/thumb/v7e-m/fpv4-sp/hard\libc_nano.a(lib_a-memmove.o)
                0x000000000800a3b2                memmove
 .text._realloc_r
                0x000000000800a3e4       0x4c c:/st/stm32cubeide_1.1.0/stm32cubeide/plugins/com.st.stm32cube.ide.mcu.externaltools.gnu-tools-for-stm32.7-2018-q2-update.win32_1.0.0.201904181610/tools/bin/../lib/gcc/arm-none-eabi/7.3.1/../../../../arm-none-eabi/lib/thumb/v7e-m/fpv4-sp/hard\libc_nano.a(lib_a-nano-reallocr.o)
                0x000000000800a3e4                _realloc_r
 .text._read_r  0x000000000800a430       0x24 c:/st/stm32cubeide_1.1.0/stm32cubeide/plugins/com.st.stm32cube.ide.mcu.externaltools.gnu-tools-for-stm32.7-2018-q2-update.win32_1.0.0.201904181610/tools/bin/../lib/gcc/arm-none-eabi/7.3.1/../../../../arm-none-eabi/lib/thumb/v7e-m/fpv4-sp/hard\libc_nano.a(lib_a-readr.o)
                0x000000000800a430                _read_r
 .text._malloc_usable_size_r
                0x000000000800a454       0x10 c:/st/stm32cubeide_1.1.0/stm32cubeide/plugins/com.st.stm32cube.ide.mcu.externaltools.gnu-tools-for-stm32.7-2018-q2-update.win32_1.0.0.201904181610/tools/bin/../lib/gcc/arm-none-eabi/7.3.1/../../../../arm-none-eabi/lib/thumb/v7e-m/fpv4-sp/hard\libc_nano.a(lib_a-nano-msizer.o)
                0x000000000800a454                _malloc_usable_size_r
 *(.glue_7)
 .glue_7        0x000000000800a464        0x0 linker stubs
 *(.glue_7t)
 .glue_7t       0x000000000800a464        0x0 linker stubs
 *(.eh_frame)
 .eh_frame      0x000000000800a464        0x0 c:/st/stm32cubeide_1.1.0/stm32cubeide/plugins/com.st.stm32cube.ide.mcu.externaltools.gnu-tools-for-stm32.7-2018-q2-update.win32_1.0.0.201904181610/tools/bin/../lib/gcc/arm-none-eabi/7.3.1/thumb/v7e-m/fpv4-sp/hard/crtbegin.o
 *(.init)
 .init          0x000000000800a464        0x4 c:/st/stm32cubeide_1.1.0/stm32cubeide/plugins/com.st.stm32cube.ide.mcu.externaltools.gnu-tools-for-stm32.7-2018-q2-update.win32_1.0.0.201904181610/tools/bin/../lib/gcc/arm-none-eabi/7.3.1/thumb/v7e-m/fpv4-sp/hard/crti.o
                0x000000000800a464                _init
 .init          0x000000000800a468        0x8 c:/st/stm32cubeide_1.1.0/stm32cubeide/plugins/com.st.stm32cube.ide.mcu.externaltools.gnu-tools-for-stm32.7-2018-q2-update.win32_1.0.0.201904181610/tools/bin/../lib/gcc/arm-none-eabi/7.3.1/thumb/v7e-m/fpv4-sp/hard/crtn.o
 *(.fini)
 .fini          0x000000000800a470        0x4 c:/st/stm32cubeide_1.1.0/stm32cubeide/plugins/com.st.stm32cube.ide.mcu.externaltools.gnu-tools-for-stm32.7-2018-q2-update.win32_1.0.0.201904181610/tools/bin/../lib/gcc/arm-none-eabi/7.3.1/thumb/v7e-m/fpv4-sp/hard/crti.o
                0x000000000800a470                _fini
 .fini          0x000000000800a474        0x8 c:/st/stm32cubeide_1.1.0/stm32cubeide/plugins/com.st.stm32cube.ide.mcu.externaltools.gnu-tools-for-stm32.7-2018-q2-update.win32_1.0.0.201904181610/tools/bin/../lib/gcc/arm-none-eabi/7.3.1/thumb/v7e-m/fpv4-sp/hard/crtn.o
                0x000000000800a47c                . = ALIGN (0x4)
                0x000000000800a47c                _etext = .

.vfp11_veneer   0x000000000800a47c        0x0
 .vfp11_veneer  0x000000000800a47c        0x0 linker stubs

.v4_bx          0x000000000800a47c        0x0
 .v4_bx         0x000000000800a47c        0x0 linker stubs

.iplt           0x000000000800a47c        0x0
 .iplt          0x000000000800a47c        0x0 c:/st/stm32cubeide_1.1.0/stm32cubeide/plugins/com.st.stm32cube.ide.mcu.externaltools.gnu-tools-for-stm32.7-2018-q2-update.win32_1.0.0.201904181610/tools/bin/../lib/gcc/arm-none-eabi/7.3.1/thumb/v7e-m/fpv4-sp/hard/crtbegin.o

.rodata         0x000000000800a47c      0x268
                0x000000000800a47c                . = ALIGN (0x4)
 *(.rodata)
 .rodata        0x000000000800a47c       0x1a Core/Src/ff.o
 *fill*         0x000000000800a496        0x2 
 .rodata        0x000000000800a498       0x18 Core/Src/file_manager.o
 .rodata        0x000000000800a4b0       0x79 Core/Src/main.o
 *(.rodata*)
 *fill*         0x000000000800a529        0x3 
 .rodata.SAMPLE_RATE
                0x000000000800a52c        0x4 Core/Src/recorder.o
                0x000000000800a52c                SAMPLE_RATE
 .rodata.AHBPrescTable
                0x000000000800a530       0x10 Core/Src/system_stm32f4xx.o
                0x000000000800a530                AHBPrescTable
 .rodata._global_impure_ptr
                0x000000000800a540        0x4 c:/st/stm32cubeide_1.1.0/stm32cubeide/plugins/com.st.stm32cube.ide.mcu.externaltools.gnu-tools-for-stm32.7-2018-q2-update.win32_1.0.0.201904181610/tools/bin/../lib/gcc/arm-none-eabi/7.3.1/../../../../arm-none-eabi/lib/thumb/v7e-m/fpv4-sp/hard\libc_nano.a(lib_a-impure.o)
                0x000000000800a540                _global_impure_ptr
 .rodata.__sf_fake_stderr
                0x000000000800a544       0x20 c:/st/stm32cubeide_1.1.0/stm32cubeide/plugins/com.st.stm32cube.ide.mcu.externaltools.gnu-tools-for-stm32.7-2018-q2-update.win32_1.0.0.201904181610/tools/bin/../lib/gcc/arm-none-eabi/7.3.1/../../../../arm-none-eabi/lib/thumb/v7e-m/fpv4-sp/hard\libc_nano.a(lib_a-findfp.o)
                0x000000000800a544                __sf_fake_stderr
 .rodata.__sf_fake_stdin
                0x000000000800a564       0x20 c:/st/stm32cubeide_1.1.0/stm32cubeide/plugins/com.st.stm32cube.ide.mcu.externaltools.gnu-tools-for-stm32.7-2018-q2-update.win32_1.0.0.201904181610/tools/bin/../lib/gcc/arm-none-eabi/7.3.1/../../../../arm-none-eabi/lib/thumb/v7e-m/fpv4-sp/hard\libc_nano.a(lib_a-findfp.o)
                0x000000000800a564                __sf_fake_stdin
 .rodata.__sf_fake_stdout
                0x000000000800a584       0x20 c:/st/stm32cubeide_1.1.0/stm32cubeide/plugins/com.st.stm32cube.ide.mcu.externaltools.gnu-tools-for-stm32.7-2018-q2-update.win32_1.0.0.201904181610/tools/bin/../lib/gcc/arm-none-eabi/7.3.1/../../../../arm-none-eabi/lib/thumb/v7e-m/fpv4-sp/hard\libc_nano.a(lib_a-findfp.o)
                0x000000000800a584                __sf_fake_stdout
 .rodata._setlocale_r.str1.1
                0x000000000800a5a4        0x8 c:/st/stm32cubeide_1.1.0/stm32cubeide/plugins/com.st.stm32cube.ide.mcu.externaltools.gnu-tools-for-stm32.7-2018-q2-update.win32_1.0.0.201904181610/tools/bin/../lib/gcc/arm-none-eabi/7.3.1/../../../../arm-none-eabi/lib/thumb/v7e-m/fpv4-sp/hard\libc_nano.a(lib_a-locale.o)
                                          0x9 (size before relaxing)
 .rodata.str1.1
                0x000000000800a5ac        0x2 c:/st/stm32cubeide_1.1.0/stm32cubeide/plugins/com.st.stm32cube.ide.mcu.externaltools.gnu-tools-for-stm32.7-2018-q2-update.win32_1.0.0.201904181610/tools/bin/../lib/gcc/arm-none-eabi/7.3.1/../../../../arm-none-eabi/lib/thumb/v7e-m/fpv4-sp/hard\libc_nano.a(lib_a-locale.o)
 .rodata._svfprintf_r.str1.1
                0x000000000800a5ae       0x11 c:/st/stm32cubeide_1.1.0/stm32cubeide/plugins/com.st.stm32cube.ide.mcu.externaltools.gnu-tools-for-stm32.7-2018-q2-update.win32_1.0.0.201904181610/tools/bin/../lib/gcc/arm-none-eabi/7.3.1/../../../../arm-none-eabi/lib/thumb/v7e-m/fpv4-sp/hard\libc_nano.a(lib_a-nano-svfprintf.o)
 .rodata._printf_i.str1.1
                0x000000000800a5bf       0x22 c:/st/stm32cubeide_1.1.0/stm32cubeide/plugins/com.st.stm32cube.ide.mcu.externaltools.gnu-tools-for-stm32.7-2018-q2-update.win32_1.0.0.201904181610/tools/bin/../lib/gcc/arm-none-eabi/7.3.1/../../../../arm-none-eabi/lib/thumb/v7e-m/fpv4-sp/hard\libc_nano.a(lib_a-nano-vfprintf_i.o)
 .rodata._ctype_
                0x000000000800a5e1      0x101 c:/st/stm32cubeide_1.1.0/stm32cubeide/plugins/com.st.stm32cube.ide.mcu.externaltools.gnu-tools-for-stm32.7-2018-q2-update.win32_1.0.0.201904181610/tools/bin/../lib/gcc/arm-none-eabi/7.3.1/../../../../arm-none-eabi/lib/thumb/v7e-m/fpv4-sp/hard\libc_nano.a(lib_a-ctype_.o)
                0x000000000800a5e1                _ctype_
                0x000000000800a6e4                . = ALIGN (0x4)
 *fill*         0x000000000800a6e2        0x2 

.ARM.extab      0x000000000800a6e4        0x0
                0x000000000800a6e4                . = ALIGN (0x4)
 *(.ARM.extab* .gnu.linkonce.armextab.*)
                0x000000000800a6e4                . = ALIGN (0x4)

.ARM            0x000000000800a6e4        0x8
                0x000000000800a6e4                . = ALIGN (0x4)
                0x000000000800a6e4                __exidx_start = .
 *(.ARM.exidx*)
 .ARM.exidx     0x000000000800a6e4        0x8 c:/st/stm32cubeide_1.1.0/stm32cubeide/plugins/com.st.stm32cube.ide.mcu.externaltools.gnu-tools-for-stm32.7-2018-q2-update.win32_1.0.0.201904181610/tools/bin/../lib/gcc/arm-none-eabi/7.3.1/thumb/v7e-m/fpv4-sp/hard\libgcc.a(_udivmoddi4.o)
                0x000000000800a6ec                __exidx_end = .
                0x000000000800a6ec                . = ALIGN (0x4)

.rel.dyn        0x000000000800a6ec        0x0
 .rel.iplt      0x000000000800a6ec        0x0 c:/st/stm32cubeide_1.1.0/stm32cubeide/plugins/com.st.stm32cube.ide.mcu.externaltools.gnu-tools-for-stm32.7-2018-q2-update.win32_1.0.0.201904181610/tools/bin/../lib/gcc/arm-none-eabi/7.3.1/thumb/v7e-m/fpv4-sp/hard/crtbegin.o

.preinit_array  0x000000000800a6ec        0x0
                0x000000000800a6ec                . = ALIGN (0x4)
                0x000000000800a6ec                PROVIDE (__preinit_array_start = .)
 *(.preinit_array*)
                0x000000000800a6ec                PROVIDE (__preinit_array_end = .)
                0x000000000800a6ec                . = ALIGN (0x4)

.init_array     0x000000000800a6ec        0x4
                0x000000000800a6ec                . = ALIGN (0x4)
                0x000000000800a6ec                PROVIDE (__init_array_start = .)
 *(SORT_BY_NAME(.init_array.*))
 *(.init_array*)
 .init_array    0x000000000800a6ec        0x4 c:/st/stm32cubeide_1.1.0/stm32cubeide/plugins/com.st.stm32cube.ide.mcu.externaltools.gnu-tools-for-stm32.7-2018-q2-update.win32_1.0.0.201904181610/tools/bin/../lib/gcc/arm-none-eabi/7.3.1/thumb/v7e-m/fpv4-sp/hard/crtbegin.o
                0x000000000800a6f0                PROVIDE (__init_array_end = .)
                0x000000000800a6f0                . = ALIGN (0x4)

.fini_array     0x000000000800a6f0        0x4
                0x000000000800a6f0                . = ALIGN (0x4)
                [!provide]                        PROVIDE (__fini_array_start = .)
 *(SORT_BY_NAME(.fini_array.*))
 *(.fini_array*)
 .fini_array    0x000000000800a6f0        0x4 c:/st/stm32cubeide_1.1.0/stm32cubeide/plugins/com.st.stm32cube.ide.mcu.externaltools.gnu-tools-for-stm32.7-2018-q2-update.win32_1.0.0.201904181610/tools/bin/../lib/gcc/arm-none-eabi/7.3.1/thumb/v7e-m/fpv4-sp/hard/crtbegin.o
                [!provide]                        PROVIDE (__fini_array_end = .)
                0x000000000800a6f4                . = ALIGN (0x4)
                0x000000000800a6f4                _sidata = LOADADDR (.data)

.data           0x0000000020000000      0x1f0 load address 0x000000000800a6f4
                0x0000000020000000                . = ALIGN (0x4)
                0x0000000020000000                _sdata = .
 *(.data)
 *(.data*)
 .data.mode_8_4_I2C
                0x0000000020000000        0x1 Core/Src/STM_MY_LCD16X2.o
 .data.DisplayControl
                0x0000000020000001        0x1 Core/Src/STM_MY_LCD16X2.o
 .data.FunctionSet
                0x0000000020000002        0x1 Core/Src/STM_MY_LCD16X2.o
 .data.Stat     0x0000000020000003        0x1 Core/Src/diskio.o
 .data.selection
                0x0000000020000004        0x4 Core/Src/main.o
                0x0000000020000004                selection
 .data.last_selection
                0x0000000020000008        0x4 Core/Src/main.o
                0x0000000020000008                last_selection
 .data.file_name
                0x000000002000000c        0x4 Core/Src/main.o
                0x000000002000000c                file_name
 .data.CHUNK_SIZE
                0x0000000020000010        0x4 Core/Src/recorder.o
                0x0000000020000010                CHUNK_SIZE
 .data.SystemCoreClock
                0x0000000020000014        0x4 Core/Src/system_stm32f4xx.o
                0x0000000020000014                SystemCoreClock
 .data.uwTickPrio
                0x0000000020000018        0x4 Drivers/STM32F4xx_HAL_Driver/Src/stm32f4xx_hal.o
                0x0000000020000018                uwTickPrio
 .data.uwTickFreq
                0x000000002000001c        0x1 Drivers/STM32F4xx_HAL_Driver/Src/stm32f4xx_hal.o
                0x000000002000001c                uwTickFreq
 *fill*         0x000000002000001d        0x3 
 .data._impure_ptr
                0x0000000020000020        0x4 c:/st/stm32cubeide_1.1.0/stm32cubeide/plugins/com.st.stm32cube.ide.mcu.externaltools.gnu-tools-for-stm32.7-2018-q2-update.win32_1.0.0.201904181610/tools/bin/../lib/gcc/arm-none-eabi/7.3.1/../../../../arm-none-eabi/lib/thumb/v7e-m/fpv4-sp/hard\libc_nano.a(lib_a-impure.o)
                0x0000000020000020                _impure_ptr
 .data.impure_data
                0x0000000020000024       0x60 c:/st/stm32cubeide_1.1.0/stm32cubeide/plugins/com.st.stm32cube.ide.mcu.externaltools.gnu-tools-for-stm32.7-2018-q2-update.win32_1.0.0.201904181610/tools/bin/../lib/gcc/arm-none-eabi/7.3.1/../../../../arm-none-eabi/lib/thumb/v7e-m/fpv4-sp/hard\libc_nano.a(lib_a-impure.o)
 .data.__global_locale
                0x0000000020000084      0x16c c:/st/stm32cubeide_1.1.0/stm32cubeide/plugins/com.st.stm32cube.ide.mcu.externaltools.gnu-tools-for-stm32.7-2018-q2-update.win32_1.0.0.201904181610/tools/bin/../lib/gcc/arm-none-eabi/7.3.1/../../../../arm-none-eabi/lib/thumb/v7e-m/fpv4-sp/hard\libc_nano.a(lib_a-locale.o)
                0x0000000020000084                __global_locale
                0x00000000200001f0                . = ALIGN (0x4)
                0x00000000200001f0                _edata = .

.igot.plt       0x00000000200001f0        0x0 load address 0x000000000800a8e4
 .igot.plt      0x00000000200001f0        0x0 c:/st/stm32cubeide_1.1.0/stm32cubeide/plugins/com.st.stm32cube.ide.mcu.externaltools.gnu-tools-for-stm32.7-2018-q2-update.win32_1.0.0.201904181610/tools/bin/../lib/gcc/arm-none-eabi/7.3.1/thumb/v7e-m/fpv4-sp/hard/crtbegin.o
                0x00000000200001f0                . = ALIGN (0x4)

.bss            0x00000000200001f0      0xb94 load address 0x000000000800a8e4
                0x00000000200001f0                _sbss = .
                0x00000000200001f0                __bss_start__ = _sbss
 *(.bss)
 .bss           0x00000000200001f0       0x1c c:/st/stm32cubeide_1.1.0/stm32cubeide/plugins/com.st.stm32cube.ide.mcu.externaltools.gnu-tools-for-stm32.7-2018-q2-update.win32_1.0.0.201904181610/tools/bin/../lib/gcc/arm-none-eabi/7.3.1/thumb/v7e-m/fpv4-sp/hard/crtbegin.o
 *(.bss*)
 .bss.PORT_RS_and_E
                0x000000002000020c        0x4 Core/Src/STM_MY_LCD16X2.o
 .bss.PIN_RS    0x0000000020000210        0x2 Core/Src/STM_MY_LCD16X2.o
 .bss.PIN_E     0x0000000020000212        0x2 Core/Src/STM_MY_LCD16X2.o
 .bss.PORT_LSB  0x0000000020000214        0x4 Core/Src/STM_MY_LCD16X2.o
 .bss.D0_PIN    0x0000000020000218        0x2 Core/Src/STM_MY_LCD16X2.o
 .bss.D1_PIN    0x000000002000021a        0x2 Core/Src/STM_MY_LCD16X2.o
 .bss.D2_PIN    0x000000002000021c        0x2 Core/Src/STM_MY_LCD16X2.o
 .bss.D3_PIN    0x000000002000021e        0x2 Core/Src/STM_MY_LCD16X2.o
 .bss.PORT_MSB  0x0000000020000220        0x4 Core/Src/STM_MY_LCD16X2.o
 .bss.D4_PIN    0x0000000020000224        0x2 Core/Src/STM_MY_LCD16X2.o
 .bss.D5_PIN    0x0000000020000226        0x2 Core/Src/STM_MY_LCD16X2.o
 .bss.D6_PIN    0x0000000020000228        0x2 Core/Src/STM_MY_LCD16X2.o
 .bss.D7_PIN    0x000000002000022a        0x2 Core/Src/STM_MY_LCD16X2.o
 .bss.Timer1    0x000000002000022c        0x1 Core/Src/diskio.o
 .bss.Timer2    0x000000002000022d        0x1 Core/Src/diskio.o
 .bss.CardType  0x000000002000022e        0x1 Core/Src/diskio.o
 .bss.PowerFlag
                0x000000002000022f        0x1 Core/Src/diskio.o
 .bss.FatFs     0x0000000020000230        0x4 Core/Src/ff.o
 .bss.Fsid      0x0000000020000234        0x2 Core/Src/ff.o
 *fill*         0x0000000020000236        0x2 
 .bss.fno.7249  0x0000000020000238       0x18 Core/Src/file_manager.o
 .bss.fno.7260  0x0000000020000250       0x18 Core/Src/file_manager.o
 .bss.fno.7281  0x0000000020000268       0x18 Core/Src/file_manager.o
 .bss.sample    0x0000000020000280        0x4 Core/Src/main.o
                0x0000000020000280                sample
 *fill*         0x0000000020000284        0x4 
 .bss.volume    0x0000000020000288        0x8 Core/Src/main.o
                0x0000000020000288                volume
 .bss.playing   0x0000000020000290        0x4 Core/Src/main.o
                0x0000000020000290                playing
 .bss.file_size
                0x0000000020000294        0x4 Core/Src/main.o
                0x0000000020000294                file_size
 .bss.recording
                0x0000000020000298        0x4 Core/Src/main.o
                0x0000000020000298                recording
 .bss.recording_time
                0x000000002000029c        0x4 Core/Src/main.o
                0x000000002000029c                recording_time
 .bss.FatFs     0x00000000200002a0      0x230 Core/Src/main.o
 .bss.file      0x00000000200004d0      0x228 Core/Src/main.o
 .bss.data_iterator
                0x00000000200006f8        0x4 Core/Src/recorder.o
                0x00000000200006f8                data_iterator
 .bss.heap_end.6424
                0x00000000200006fc        0x4 Core/Src/sysmem.o
 .bss.__malloc_free_list
                0x0000000020000700        0x4 c:/st/stm32cubeide_1.1.0/stm32cubeide/plugins/com.st.stm32cube.ide.mcu.externaltools.gnu-tools-for-stm32.7-2018-q2-update.win32_1.0.0.201904181610/tools/bin/../lib/gcc/arm-none-eabi/7.3.1/../../../../arm-none-eabi/lib/thumb/v7e-m/fpv4-sp/hard\libc_nano.a(lib_a-nano-mallocr.o)
                0x0000000020000700                __malloc_free_list
 .bss.__malloc_sbrk_start
                0x0000000020000704        0x4 c:/st/stm32cubeide_1.1.0/stm32cubeide/plugins/com.st.stm32cube.ide.mcu.externaltools.gnu-tools-for-stm32.7-2018-q2-update.win32_1.0.0.201904181610/tools/bin/../lib/gcc/arm-none-eabi/7.3.1/../../../../arm-none-eabi/lib/thumb/v7e-m/fpv4-sp/hard\libc_nano.a(lib_a-nano-mallocr.o)
                0x0000000020000704                __malloc_sbrk_start
 *(COMMON)
 COMMON         0x0000000020000708        0x2 Core/Src/diskio.o
                0x0000000020000708                sdcard_timer
 *fill*         0x000000002000070a        0x2 
 COMMON         0x000000002000070c      0x446 Core/Src/main.o
                0x000000002000070c                htim4
                0x000000002000074c                hadc2
                0x0000000020000794                htim5
                0x00000000200007d4                htim3
                0x0000000020000814                adc_value
                0x0000000020000818                hadc1
                0x0000000020000860                hdac
                0x0000000020000874                buffer
                0x0000000020000974                htim1
                0x00000000200009b4                data_chunk
                0x0000000020000ab4                fresult
                0x0000000020000ab8                hspi1
                0x0000000020000b10                htim2
                0x0000000020000b50                value
 *fill*         0x0000000020000b52        0x2 
 COMMON         0x0000000020000b54      0x228 Core/Src/recorder.o
                0x0000000020000b54                file
 COMMON         0x0000000020000d7c        0x4 Drivers/STM32F4xx_HAL_Driver/Src/stm32f4xx_hal.o
                0x0000000020000d7c                uwTick
 COMMON         0x0000000020000d80        0x4 c:/st/stm32cubeide_1.1.0/stm32cubeide/plugins/com.st.stm32cube.ide.mcu.externaltools.gnu-tools-for-stm32.7-2018-q2-update.win32_1.0.0.201904181610/tools/bin/../lib/gcc/arm-none-eabi/7.3.1/../../../../arm-none-eabi/lib/thumb/v7e-m/fpv4-sp/hard\libc_nano.a(lib_a-reent.o)
                0x0000000020000d80                errno
                0x0000000020000d84                . = ALIGN (0x4)
                0x0000000020000d84                _ebss = .
                0x0000000020000d84                __bss_end__ = _ebss

._user_heap_stack
                0x0000000020000d84      0x604 load address 0x000000000800a8e4
                0x0000000020000d88                . = ALIGN (0x8)
 *fill*         0x0000000020000d84        0x4 
                0x0000000020000d88                PROVIDE (end = .)
                [!provide]                        PROVIDE (_end = .)
                0x0000000020000f88                . = (. + _Min_Heap_Size)
 *fill*         0x0000000020000d88      0x200 
                0x0000000020001388                . = (. + _Min_Stack_Size)
 *fill*         0x0000000020000f88      0x400 
                0x0000000020001388                . = ALIGN (0x8)

/DISCARD/
 libc.a(*)
 libm.a(*)
 libgcc.a(*)

.ARM.attributes
                0x0000000000000000       0x30
 *(.ARM.attributes)
 .ARM.attributes
                0x0000000000000000       0x22 c:/st/stm32cubeide_1.1.0/stm32cubeide/plugins/com.st.stm32cube.ide.mcu.externaltools.gnu-tools-for-stm32.7-2018-q2-update.win32_1.0.0.201904181610/tools/bin/../lib/gcc/arm-none-eabi/7.3.1/thumb/v7e-m/fpv4-sp/hard/crti.o
 .ARM.attributes
                0x0000000000000022       0x34 c:/st/stm32cubeide_1.1.0/stm32cubeide/plugins/com.st.stm32cube.ide.mcu.externaltools.gnu-tools-for-stm32.7-2018-q2-update.win32_1.0.0.201904181610/tools/bin/../lib/gcc/arm-none-eabi/7.3.1/thumb/v7e-m/fpv4-sp/hard/crtbegin.o
 .ARM.attributes
                0x0000000000000056       0x39 Core/Src/STM_MY_LCD16X2.o
 .ARM.attributes
                0x000000000000008f       0x39 Core/Src/diskio.o
 .ARM.attributes
                0x00000000000000c8       0x39 Core/Src/ff.o
 .ARM.attributes
                0x0000000000000101       0x39 Core/Src/file_manager.o
 .ARM.attributes
                0x000000000000013a       0x39 Core/Src/main.o
 .ARM.attributes
                0x0000000000000173       0x39 Core/Src/recorder.o
 .ARM.attributes
                0x00000000000001ac       0x39 Core/Src/stm32f4xx_hal_msp.o
 .ARM.attributes
                0x00000000000001e5       0x39 Core/Src/stm32f4xx_it.o
 .ARM.attributes
                0x000000000000021e       0x39 Core/Src/syscalls.o
 .ARM.attributes
                0x0000000000000257       0x39 Core/Src/sysmem.o
 .ARM.attributes
                0x0000000000000290       0x39 Core/Src/system_stm32f4xx.o
 .ARM.attributes
                0x00000000000002c9       0x21 Core/Startup/startup_stm32f407vgtx.o
 .ARM.attributes
                0x00000000000002ea       0x39 Drivers/STM32F4xx_HAL_Driver/Src/stm32f4xx_hal.o
 .ARM.attributes
                0x0000000000000323       0x39 Drivers/STM32F4xx_HAL_Driver/Src/stm32f4xx_hal_adc.o
 .ARM.attributes
                0x000000000000035c       0x39 Drivers/STM32F4xx_HAL_Driver/Src/stm32f4xx_hal_cortex.o
 .ARM.attributes
                0x0000000000000395       0x39 Drivers/STM32F4xx_HAL_Driver/Src/stm32f4xx_hal_dac.o
 .ARM.attributes
                0x00000000000003ce       0x39 Drivers/STM32F4xx_HAL_Driver/Src/stm32f4xx_hal_gpio.o
 .ARM.attributes
                0x0000000000000407       0x39 Drivers/STM32F4xx_HAL_Driver/Src/stm32f4xx_hal_rcc.o
 .ARM.attributes
                0x0000000000000440       0x39 Drivers/STM32F4xx_HAL_Driver/Src/stm32f4xx_hal_spi.o
 .ARM.attributes
                0x0000000000000479       0x39 Drivers/STM32F4xx_HAL_Driver/Src/stm32f4xx_hal_tim.o
 .ARM.attributes
                0x00000000000004b2       0x39 Drivers/STM32F4xx_HAL_Driver/Src/stm32f4xx_hal_tim_ex.o
 .ARM.attributes
                0x00000000000004eb       0x34 c:/st/stm32cubeide_1.1.0/stm32cubeide/plugins/com.st.stm32cube.ide.mcu.externaltools.gnu-tools-for-stm32.7-2018-q2-update.win32_1.0.0.201904181610/tools/bin/../lib/gcc/arm-none-eabi/7.3.1/../../../../arm-none-eabi/lib/thumb/v7e-m/fpv4-sp/hard\libc_nano.a(lib_a-atoi.o)
 .ARM.attributes
                0x000000000000051f       0x34 c:/st/stm32cubeide_1.1.0/stm32cubeide/plugins/com.st.stm32cube.ide.mcu.externaltools.gnu-tools-for-stm32.7-2018-q2-update.win32_1.0.0.201904181610/tools/bin/../lib/gcc/arm-none-eabi/7.3.1/../../../../arm-none-eabi/lib/thumb/v7e-m/fpv4-sp/hard\libc_nano.a(lib_a-errno.o)
 .ARM.attributes
                0x0000000000000553       0x34 c:/st/stm32cubeide_1.1.0/stm32cubeide/plugins/com.st.stm32cube.ide.mcu.externaltools.gnu-tools-for-stm32.7-2018-q2-update.win32_1.0.0.201904181610/tools/bin/../lib/gcc/arm-none-eabi/7.3.1/../../../../arm-none-eabi/lib/thumb/v7e-m/fpv4-sp/hard\libc_nano.a(lib_a-impure.o)
 .ARM.attributes
                0x0000000000000587       0x34 c:/st/stm32cubeide_1.1.0/stm32cubeide/plugins/com.st.stm32cube.ide.mcu.externaltools.gnu-tools-for-stm32.7-2018-q2-update.win32_1.0.0.201904181610/tools/bin/../lib/gcc/arm-none-eabi/7.3.1/../../../../arm-none-eabi/lib/thumb/v7e-m/fpv4-sp/hard\libc_nano.a(lib_a-init.o)
 .ARM.attributes
                0x00000000000005bb       0x34 c:/st/stm32cubeide_1.1.0/stm32cubeide/plugins/com.st.stm32cube.ide.mcu.externaltools.gnu-tools-for-stm32.7-2018-q2-update.win32_1.0.0.201904181610/tools/bin/../lib/gcc/arm-none-eabi/7.3.1/../../../../arm-none-eabi/lib/thumb/v7e-m/fpv4-sp/hard\libc_nano.a(lib_a-malloc.o)
 .ARM.attributes
                0x00000000000005ef       0x34 c:/st/stm32cubeide_1.1.0/stm32cubeide/plugins/com.st.stm32cube.ide.mcu.externaltools.gnu-tools-for-stm32.7-2018-q2-update.win32_1.0.0.201904181610/tools/bin/../lib/gcc/arm-none-eabi/7.3.1/../../../../arm-none-eabi/lib/thumb/v7e-m/fpv4-sp/hard\libc_nano.a(lib_a-memset.o)
 .ARM.attributes
                0x0000000000000623       0x34 c:/st/stm32cubeide_1.1.0/stm32cubeide/plugins/com.st.stm32cube.ide.mcu.externaltools.gnu-tools-for-stm32.7-2018-q2-update.win32_1.0.0.201904181610/tools/bin/../lib/gcc/arm-none-eabi/7.3.1/../../../../arm-none-eabi/lib/thumb/v7e-m/fpv4-sp/hard\libc_nano.a(lib_a-nano-freer.o)
 .ARM.attributes
                0x0000000000000657       0x34 c:/st/stm32cubeide_1.1.0/stm32cubeide/plugins/com.st.stm32cube.ide.mcu.externaltools.gnu-tools-for-stm32.7-2018-q2-update.win32_1.0.0.201904181610/tools/bin/../lib/gcc/arm-none-eabi/7.3.1/../../../../arm-none-eabi/lib/thumb/v7e-m/fpv4-sp/hard\libc_nano.a(lib_a-nano-mallocr.o)
 .ARM.attributes
                0x000000000000068b       0x34 c:/st/stm32cubeide_1.1.0/stm32cubeide/plugins/com.st.stm32cube.ide.mcu.externaltools.gnu-tools-for-stm32.7-2018-q2-update.win32_1.0.0.201904181610/tools/bin/../lib/gcc/arm-none-eabi/7.3.1/../../../../arm-none-eabi/lib/thumb/v7e-m/fpv4-sp/hard\libc_nano.a(lib_a-puts.o)
 .ARM.attributes
                0x00000000000006bf       0x34 c:/st/stm32cubeide_1.1.0/stm32cubeide/plugins/com.st.stm32cube.ide.mcu.externaltools.gnu-tools-for-stm32.7-2018-q2-update.win32_1.0.0.201904181610/tools/bin/../lib/gcc/arm-none-eabi/7.3.1/../../../../arm-none-eabi/lib/thumb/v7e-m/fpv4-sp/hard\libc_nano.a(lib_a-sbrkr.o)
 .ARM.attributes
                0x00000000000006f3       0x34 c:/st/stm32cubeide_1.1.0/stm32cubeide/plugins/com.st.stm32cube.ide.mcu.externaltools.gnu-tools-for-stm32.7-2018-q2-update.win32_1.0.0.201904181610/tools/bin/../lib/gcc/arm-none-eabi/7.3.1/../../../../arm-none-eabi/lib/thumb/v7e-m/fpv4-sp/hard\libc_nano.a(lib_a-sprintf.o)
 .ARM.attributes
                0x0000000000000727       0x34 c:/st/stm32cubeide_1.1.0/stm32cubeide/plugins/com.st.stm32cube.ide.mcu.externaltools.gnu-tools-for-stm32.7-2018-q2-update.win32_1.0.0.201904181610/tools/bin/../lib/gcc/arm-none-eabi/7.3.1/../../../../arm-none-eabi/lib/thumb/v7e-m/fpv4-sp/hard\libc_nano.a(lib_a-strcpy.o)
 .ARM.attributes
                0x000000000000075b       0x1b c:/st/stm32cubeide_1.1.0/stm32cubeide/plugins/com.st.stm32cube.ide.mcu.externaltools.gnu-tools-for-stm32.7-2018-q2-update.win32_1.0.0.201904181610/tools/bin/../lib/gcc/arm-none-eabi/7.3.1/../../../../arm-none-eabi/lib/thumb/v7e-m/fpv4-sp/hard\libc_nano.a(lib_a-strlen.o)
 .ARM.attributes
                0x0000000000000776       0x34 c:/st/stm32cubeide_1.1.0/stm32cubeide/plugins/com.st.stm32cube.ide.mcu.externaltools.gnu-tools-for-stm32.7-2018-q2-update.win32_1.0.0.201904181610/tools/bin/../lib/gcc/arm-none-eabi/7.3.1/../../../../arm-none-eabi/lib/thumb/v7e-m/fpv4-sp/hard\libc_nano.a(lib_a-strtol.o)
 .ARM.attributes
                0x00000000000007aa       0x34 c:/st/stm32cubeide_1.1.0/stm32cubeide/plugins/com.st.stm32cube.ide.mcu.externaltools.gnu-tools-for-stm32.7-2018-q2-update.win32_1.0.0.201904181610/tools/bin/../lib/gcc/arm-none-eabi/7.3.1/../../../../arm-none-eabi/lib/thumb/v7e-m/fpv4-sp/hard\libc_nano.a(lib_a-wbuf.o)
 .ARM.attributes
                0x00000000000007de       0x34 c:/st/stm32cubeide_1.1.0/stm32cubeide/plugins/com.st.stm32cube.ide.mcu.externaltools.gnu-tools-for-stm32.7-2018-q2-update.win32_1.0.0.201904181610/tools/bin/../lib/gcc/arm-none-eabi/7.3.1/../../../../arm-none-eabi/lib/thumb/v7e-m/fpv4-sp/hard\libc_nano.a(lib_a-wsetup.o)
 .ARM.attributes
                0x0000000000000812       0x34 c:/st/stm32cubeide_1.1.0/stm32cubeide/plugins/com.st.stm32cube.ide.mcu.externaltools.gnu-tools-for-stm32.7-2018-q2-update.win32_1.0.0.201904181610/tools/bin/../lib/gcc/arm-none-eabi/7.3.1/../../../../arm-none-eabi/lib/thumb/v7e-m/fpv4-sp/hard\libc_nano.a(lib_a-fflush.o)
 .ARM.attributes
                0x0000000000000846       0x34 c:/st/stm32cubeide_1.1.0/stm32cubeide/plugins/com.st.stm32cube.ide.mcu.externaltools.gnu-tools-for-stm32.7-2018-q2-update.win32_1.0.0.201904181610/tools/bin/../lib/gcc/arm-none-eabi/7.3.1/../../../../arm-none-eabi/lib/thumb/v7e-m/fpv4-sp/hard\libc_nano.a(lib_a-findfp.o)
 .ARM.attributes
                0x000000000000087a       0x34 c:/st/stm32cubeide_1.1.0/stm32cubeide/plugins/com.st.stm32cube.ide.mcu.externaltools.gnu-tools-for-stm32.7-2018-q2-update.win32_1.0.0.201904181610/tools/bin/../lib/gcc/arm-none-eabi/7.3.1/../../../../arm-none-eabi/lib/thumb/v7e-m/fpv4-sp/hard\libc_nano.a(lib_a-fwalk.o)
 .ARM.attributes
                0x00000000000008ae       0x34 c:/st/stm32cubeide_1.1.0/stm32cubeide/plugins/com.st.stm32cube.ide.mcu.externaltools.gnu-tools-for-stm32.7-2018-q2-update.win32_1.0.0.201904181610/tools/bin/../lib/gcc/arm-none-eabi/7.3.1/../../../../arm-none-eabi/lib/thumb/v7e-m/fpv4-sp/hard\libc_nano.a(lib_a-locale.o)
 .ARM.attributes
                0x00000000000008e2       0x34 c:/st/stm32cubeide_1.1.0/stm32cubeide/plugins/com.st.stm32cube.ide.mcu.externaltools.gnu-tools-for-stm32.7-2018-q2-update.win32_1.0.0.201904181610/tools/bin/../lib/gcc/arm-none-eabi/7.3.1/../../../../arm-none-eabi/lib/thumb/v7e-m/fpv4-sp/hard\libc_nano.a(lib_a-makebuf.o)
 .ARM.attributes
                0x0000000000000916       0x34 c:/st/stm32cubeide_1.1.0/stm32cubeide/plugins/com.st.stm32cube.ide.mcu.externaltools.gnu-tools-for-stm32.7-2018-q2-update.win32_1.0.0.201904181610/tools/bin/../lib/gcc/arm-none-eabi/7.3.1/../../../../arm-none-eabi/lib/thumb/v7e-m/fpv4-sp/hard\libc_nano.a(lib_a-mbtowc_r.o)
 .ARM.attributes
                0x000000000000094a       0x34 c:/st/stm32cubeide_1.1.0/stm32cubeide/plugins/com.st.stm32cube.ide.mcu.externaltools.gnu-tools-for-stm32.7-2018-q2-update.win32_1.0.0.201904181610/tools/bin/../lib/gcc/arm-none-eabi/7.3.1/../../../../arm-none-eabi/lib/thumb/v7e-m/fpv4-sp/hard\libc_nano.a(lib_a-mlock.o)
 .ARM.attributes
                0x000000000000097e       0x34 c:/st/stm32cubeide_1.1.0/stm32cubeide/plugins/com.st.stm32cube.ide.mcu.externaltools.gnu-tools-for-stm32.7-2018-q2-update.win32_1.0.0.201904181610/tools/bin/../lib/gcc/arm-none-eabi/7.3.1/../../../../arm-none-eabi/lib/thumb/v7e-m/fpv4-sp/hard\libc_nano.a(lib_a-nano-svfprintf.o)
 .ARM.attributes
                0x00000000000009b2       0x34 c:/st/stm32cubeide_1.1.0/stm32cubeide/plugins/com.st.stm32cube.ide.mcu.externaltools.gnu-tools-for-stm32.7-2018-q2-update.win32_1.0.0.201904181610/tools/bin/../lib/gcc/arm-none-eabi/7.3.1/../../../../arm-none-eabi/lib/thumb/v7e-m/fpv4-sp/hard\libc_nano.a(lib_a-nano-vfprintf_i.o)
 .ARM.attributes
                0x00000000000009e6       0x34 c:/st/stm32cubeide_1.1.0/stm32cubeide/plugins/com.st.stm32cube.ide.mcu.externaltools.gnu-tools-for-stm32.7-2018-q2-update.win32_1.0.0.201904181610/tools/bin/../lib/gcc/arm-none-eabi/7.3.1/../../../../arm-none-eabi/lib/thumb/v7e-m/fpv4-sp/hard\libc_nano.a(lib_a-reent.o)
 .ARM.attributes
                0x0000000000000a1a       0x34 c:/st/stm32cubeide_1.1.0/stm32cubeide/plugins/com.st.stm32cube.ide.mcu.externaltools.gnu-tools-for-stm32.7-2018-q2-update.win32_1.0.0.201904181610/tools/bin/../lib/gcc/arm-none-eabi/7.3.1/../../../../arm-none-eabi/lib/thumb/v7e-m/fpv4-sp/hard\libc_nano.a(lib_a-stdio.o)
 .ARM.attributes