Archive member included to satisfy reference by file (symbol)

c:/st/stm32cubeide_1.1.0/stm32cubeide/plugins/com.st.stm32cube.ide.mcu.externaltools.gnu-tools-for-stm32.7-2018-q2-update.win32_1.0.0.201904181610/tools/bin/../lib/gcc/arm-none-eabi/7.3.1/../../../../arm-none-eabi/lib/thumb/v7e-m/fpv4-sp/hard\libc_nano.a(lib_a-atoi.o)
                              Core/Src/file_manager.o (atoi)
c:/st/stm32cubeide_1.1.0/stm32cubeide/plugins/com.st.stm32cube.ide.mcu.externaltools.gnu-tools-for-stm32.7-2018-q2-update.win32_1.0.0.201904181610/tools/bin/../lib/gcc/arm-none-eabi/7.3.1/../../../../arm-none-eabi/lib/thumb/v7e-m/fpv4-sp/hard\libc_nano.a(lib_a-errno.o)
                              Core/Src/syscalls.o (__errno)
c:/st/stm32cubeide_1.1.0/stm32cubeide/plugins/com.st.stm32cube.ide.mcu.externaltools.gnu-tools-for-stm32.7-2018-q2-update.win32_1.0.0.201904181610/tools/bin/../lib/gcc/arm-none-eabi/7.3.1/../../../../arm-none-eabi/lib/thumb/v7e-m/fpv4-sp/hard\libc_nano.a(lib_a-exit.o)
                              c:/st/stm32cubeide_1.1.0/stm32cubeide/plugins/com.st.stm32cube.ide.mcu.externaltools.gnu-tools-for-stm32.7-2018-q2-update.win32_1.0.0.201904181610/tools/bin/../lib/gcc/arm-none-eabi/7.3.1/../../../../arm-none-eabi/lib/thumb/v7e-m/fpv4-sp/hard/crt0.o (exit)
c:/st/stm32cubeide_1.1.0/stm32cubeide/plugins/com.st.stm32cube.ide.mcu.externaltools.gnu-tools-for-stm32.7-2018-q2-update.win32_1.0.0.201904181610/tools/bin/../lib/gcc/arm-none-eabi/7.3.1/../../../../arm-none-eabi/lib/thumb/v7e-m/fpv4-sp/hard\libc_nano.a(lib_a-impure.o)
                              c:/st/stm32cubeide_1.1.0/stm32cubeide/plugins/com.st.stm32cube.ide.mcu.externaltools.gnu-tools-for-stm32.7-2018-q2-update.win32_1.0.0.201904181610/tools/bin/../lib/gcc/arm-none-eabi/7.3.1/../../../../arm-none-eabi/lib/thumb/v7e-m/fpv4-sp/hard\libc_nano.a(lib_a-exit.o) (_global_impure_ptr)
c:/st/stm32cubeide_1.1.0/stm32cubeide/plugins/com.st.stm32cube.ide.mcu.externaltools.gnu-tools-for-stm32.7-2018-q2-update.win32_1.0.0.201904181610/tools/bin/../lib/gcc/arm-none-eabi/7.3.1/../../../../arm-none-eabi/lib/thumb/v7e-m/fpv4-sp/hard\libc_nano.a(lib_a-init.o)
                              c:/st/stm32cubeide_1.1.0/stm32cubeide/plugins/com.st.stm32cube.ide.mcu.externaltools.gnu-tools-for-stm32.7-2018-q2-update.win32_1.0.0.201904181610/tools/bin/../lib/gcc/arm-none-eabi/7.3.1/../../../../arm-none-eabi/lib/thumb/v7e-m/fpv4-sp/hard/crt0.o (__libc_init_array)
c:/st/stm32cubeide_1.1.0/stm32cubeide/plugins/com.st.stm32cube.ide.mcu.externaltools.gnu-tools-for-stm32.7-2018-q2-update.win32_1.0.0.201904181610/tools/bin/../lib/gcc/arm-none-eabi/7.3.1/../../../../arm-none-eabi/lib/thumb/v7e-m/fpv4-sp/hard\libc_nano.a(lib_a-malloc.o)
                              Core/Src/file_manager.o (malloc)
c:/st/stm32cubeide_1.1.0/stm32cubeide/plugins/com.st.stm32cube.ide.mcu.externaltools.gnu-tools-for-stm32.7-2018-q2-update.win32_1.0.0.201904181610/tools/bin/../lib/gcc/arm-none-eabi/7.3.1/../../../../arm-none-eabi/lib/thumb/v7e-m/fpv4-sp/hard\libc_nano.a(lib_a-memset.o)
                              c:/st/stm32cubeide_1.1.0/stm32cubeide/plugins/com.st.stm32cube.ide.mcu.externaltools.gnu-tools-for-stm32.7-2018-q2-update.win32_1.0.0.201904181610/tools/bin/../lib/gcc/arm-none-eabi/7.3.1/../../../../arm-none-eabi/lib/thumb/v7e-m/fpv4-sp/hard/crt0.o (memset)
c:/st/stm32cubeide_1.1.0/stm32cubeide/plugins/com.st.stm32cube.ide.mcu.externaltools.gnu-tools-for-stm32.7-2018-q2-update.win32_1.0.0.201904181610/tools/bin/../lib/gcc/arm-none-eabi/7.3.1/../../../../arm-none-eabi/lib/thumb/v7e-m/fpv4-sp/hard\libc_nano.a(lib_a-nano-freer.o)
                              c:/st/stm32cubeide_1.1.0/stm32cubeide/plugins/com.st.stm32cube.ide.mcu.externaltools.gnu-tools-for-stm32.7-2018-q2-update.win32_1.0.0.201904181610/tools/bin/../lib/gcc/arm-none-eabi/7.3.1/../../../../arm-none-eabi/lib/thumb/v7e-m/fpv4-sp/hard\libc_nano.a(lib_a-malloc.o) (_free_r)
c:/st/stm32cubeide_1.1.0/stm32cubeide/plugins/com.st.stm32cube.ide.mcu.externaltools.gnu-tools-for-stm32.7-2018-q2-update.win32_1.0.0.201904181610/tools/bin/../lib/gcc/arm-none-eabi/7.3.1/../../../../arm-none-eabi/lib/thumb/v7e-m/fpv4-sp/hard\libc_nano.a(lib_a-nano-mallocr.o)
                              c:/st/stm32cubeide_1.1.0/stm32cubeide/plugins/com.st.stm32cube.ide.mcu.externaltools.gnu-tools-for-stm32.7-2018-q2-update.win32_1.0.0.201904181610/tools/bin/../lib/gcc/arm-none-eabi/7.3.1/../../../../arm-none-eabi/lib/thumb/v7e-m/fpv4-sp/hard\libc_nano.a(lib_a-malloc.o) (_malloc_r)
c:/st/stm32cubeide_1.1.0/stm32cubeide/plugins/com.st.stm32cube.ide.mcu.externaltools.gnu-tools-for-stm32.7-2018-q2-update.win32_1.0.0.201904181610/tools/bin/../lib/gcc/arm-none-eabi/7.3.1/../../../../arm-none-eabi/lib/thumb/v7e-m/fpv4-sp/hard\libc_nano.a(lib_a-sbrkr.o)
[...]
Memory Configuration

Name             Origin             Length             Attributes
CCMRAM           0x0000000010000000 0x0000000000010000 xrw
RAM              0x0000000020000000 0x0000000000020000 xrw
FLASH            0x0000000008000000 0x0000000000100000 xr
*default*        0x0000000000000000 0xffffffffffffffff

Linker script and memory map

LOAD c:/st/stm32cubeide_1.1.0/stm32cubeide/plugins/com.st.stm32cube.ide.mcu.externaltools.gnu-tools-for-stm32.7-2018-q2-update.win32_1.0.0.201904181610/tools/bin/../lib/gcc/arm-none-eabi/7.3.1/thumb/v7e-m/fpv4-sp/hard/crti.o
LOAD c:/st/stm32cubeide_1.1.0/stm32cubeide/plugins/com.st.stm32cube.ide.mcu.externaltools.gnu-tools-for-stm32.7-2018-q2-update.win32_1.0.0.201904181610/tools/bin/../lib/gcc/arm-none-eabi/7.3.1/thumb/v7e-m/fpv4-sp/hard/crtbegin.o
LOAD c:/st/stm32cubeide_1.1.0/stm32cubeide/plugins/com.st.stm32cube.ide.mcu.externaltools.gnu-tools-for-stm32.7-2018-q2-update.win32_1.0.0.201904181610/tools/bin/../lib/gcc/arm-none-eabi/7.3.1/../../../../arm-none-eabi/lib/thumb/v7e-m/fpv4-sp/hard/crt0.o
LOAD Core/Src/STM_MY_LCD16X2.o
LOAD Core/Src/audio.o
LOAD Core/Src/diskio.o
LOAD Core/Src/ff.o
LOAD Core/Src/ffsystem.o
LOAD Core/Src/ffunicode.o
LOAD Core/Src/file_manager.o
LOAD Core/Src/main.o
LOAD Core/Src/recorder.o
LOAD Core/Src/stm32f4xx_hal_msp.o
LOAD Core/Src/stm32f4xx_it.o
LOAD Core/Src/syscalls.o
LOAD Core/Src/sysmem.o
LOAD Core/Src/system_stm32f4xx.o
LOAD Core/Startup/startup_stm32f407vgtx.o
LOAD Drivers/STM32F4xx_HAL_Driver/Src/stm32f4xx_hal.o
LOAD Drivers/STM32F4xx_HAL_Driver/Src/stm32f4xx_hal_adc.o
LOAD Drivers/STM32F4xx_HAL_Driver/Src/stm32f4xx_hal_adc_ex.o
LOAD Drivers/STM32F4xx_HAL_Driver/Src/stm32f4xx_hal_cortex.o
LOAD Drivers/STM32F4xx_HAL_Driver/Src/stm32f4xx_hal_dac.o
LOAD Drivers/STM32F4xx_HAL_Driver/Src/stm32f4xx_hal_dac_ex.o
LOAD Drivers/STM32F4xx_HAL_Driver/Src/stm32f4xx_hal_dma.o
LOAD Drivers/STM32F4xx_HAL_Driver/Src/stm32f4xx_hal_dma_ex.o
LOAD Drivers/STM32F4xx_HAL_Driver/Src/stm32f4xx_hal_exti.o
LOAD Drivers/STM32F4xx_HAL_Driver/Src/stm32f4xx_hal_flash.o
LOAD Drivers/STM32F4xx_HAL_Driver/Src/stm32f4xx_hal_flash_ex.o
LOAD Drivers/STM32F4xx_HAL_Driver/Src/stm32f4xx_hal_flash_ramfunc.o
LOAD Drivers/STM32F4xx_HAL_Driver/Src/stm32f4xx_hal_gpio.o
LOAD Drivers/STM32F4xx_HAL_Driver/Src/stm32f4xx_hal_pwr.o
LOAD Drivers/STM32F4xx_HAL_Driver/Src/stm32f4xx_hal_pwr_ex.o
LOAD Drivers/STM32F4xx_HAL_Driver/Src/stm32f4xx_hal_rcc.o
LOAD Drivers/STM32F4xx_HAL_Driver/Src/stm32f4xx_hal_rcc_ex.o
LOAD Drivers/STM32F4xx_HAL_Driver/Src/stm32f4xx_hal_spi.o
LOAD Drivers/STM32F4xx_HAL_Driver/Src/stm32f4xx_hal_tim.o
LOAD Drivers/STM32F4xx_HAL_Driver/Src/stm32f4xx_hal_tim_ex.o
START GROUP
LOAD c:/st/stm32cubeide_1.1.0/stm32cubeide/plugins/com.st.stm32cube.ide.mcu.externaltools.gnu-tools-for-stm32.7-2018-q2-update.win32_1.0.0.201904181610/tools/bin/../lib/gcc/arm-none-eabi/7.3.1/../../../../arm-none-eabi/lib/thumb/v7e-m/fpv4-sp/hard\libc_nano.a
LOAD c:/st/stm32cubeide_1.1.0/stm32cubeide/plugins/com.st.stm32cube.ide.mcu.externaltools.gnu-tools-for-stm32.7-2018-q2-update.win32_1.0.0.201904181610/tools/bin/../lib/gcc/arm-none-eabi/7.3.1/../../../../arm-none-eabi/lib/thumb/v7e-m/fpv4-sp/hard\libm.a
END GROUP
START GROUP
LOAD c:/st/stm32cubeide_1.1.0/stm32cubeide/plugins/com.st.stm32cube.ide.mcu.externaltools.gnu-tools-for-stm32.7-2018-q2-update.win32_1.0.0.201904181610/tools/bin/../lib/gcc/arm-none-eabi/7.3.1/thumb/v7e-m/fpv4-sp/hard\libgcc.a
LOAD c:/st/stm32cubeide_1.1.0/stm32cubeide/plugins/com.st.stm32cube.ide.mcu.externaltools.gnu-tools-for-stm32.7-2018-q2-update.win32_1.0.0.201904181610/tools/bin/../lib/gcc/arm-none-eabi/7.3.1/../../../../arm-none-eabi/lib/thumb/v7e-m/fpv4-sp/hard\libc_nano.a
END GROUP
START GROUP
LOAD c:/st/stm32cubeide_1.1.0/stm32cubeide/plugins/com.st.stm32cube.ide.mcu.externaltools.gnu-tools-for-stm32.7-2018-q2-update.win32_1.0.0.201904181610/tools/bin/../lib/gcc/arm-none-eabi/7.3.1/thumb/v7e-m/fpv4-sp/hard\libgcc.a
LOAD c:/st/stm32cubeide_1.1.0/stm32cubeide/plugins/com.st.stm32cube.ide.mcu.externaltools.gnu-tools-for-stm32.7-2018-q2-update.win32_1.0.0.201904181610/tools/bin/../lib/gcc/arm-none-eabi/7.3.1/../../../../arm-none-eabi/lib/thumb/v7e-m/fpv4-sp/hard\libc_nano.a
LOAD c:/st/stm32cubeide_1.1.0/stm32cubeide/plugins/com.st.stm32cube.ide.mcu.externaltools.gnu-tools-for-stm32.7-2018-q2-update.win32_1.0.0.201904181610/tools/bin/../lib/gcc/arm-none-eabi/7.3.1/../../../../arm-none-eabi/lib/thumb/v7e-m/fpv4-sp/hard\libnosys.a
END GROUP
START GROUP
LOAD c:/st/stm32cubeide_1.1.0/stm32cubeide/plugins/com.st.stm32cube.ide.mcu.externaltools.gnu-tools-for-stm32.7-2018-q2-update.win32_1.0.0.201904181610/tools/bin/../lib/gcc/arm-none-eabi/7.3.1/thumb/v7e-m/fpv4-sp/hard\libgcc.a
LOAD c:/st/stm32cubeide_1.1.0/stm32cubeide/plugins/com.st.stm32cube.ide.mcu.externaltools.gnu-tools-for-stm32.7-2018-q2-update.win32_1.0.0.201904181610/tools/bin/../lib/gcc/arm-none-eabi/7.3.1/../../../../arm-none-eabi/lib/thumb/v7e-m/fpv4-sp/hard\libc_nano.a
LOAD c:/st/stm32cubeide_1.1.0/stm32cubeide/plugins/com.st.stm32cube.ide.mcu.externaltools.gnu-tools-for-stm32.7-2018-q2-update.win32_1.0.0.201904181610/tools/bin/../lib/gcc/arm-none-eabi/7.3.1/../../../../arm-none-eabi/lib/thumb/v7e-m/fpv4-sp/hard\libnosys.a
END GROUP
LOAD c:/st/stm32cubeide_1.1.0/stm32cubeide/plugins/com.st.stm32cube.ide.mcu.externaltools.gnu-tools-for-stm32.7-2018-q2-update.win32_1.0.0.201904181610/tools/bin/../lib/gcc/arm-none-eabi/7.3.1/thumb/v7e-m/fpv4-sp/hard/crtend.o
LOAD c:/st/stm32cubeide_1.1.0/stm32cubeide/plugins/com.st.stm32cube.ide.mcu.externaltools.gnu-tools-for-stm32.7-2018-q2-update.win32_1.0.0.201904181610/tools/bin/../lib/gcc/arm-none-eabi/7.3.1/thumb/v7e-m/fpv4-sp/hard/crtn.o
                0x0000000020020000                _estack = (ORIGIN (RAM) + LENGTH (RAM))
                0x0000000000000200                _Min_Heap_Size = 0x200
                0x0000000000000400                _Min_Stack_Size = 0x400

.isr_vector     0x0000000008000000      0x188
                0x0000000008000000                . = ALIGN (0x4)
 *(.isr_vector)
 .isr_vector    0x0000000008000000      0x188 Core/Startup/startup_stm32f407vgtx.o
                0x0000000008000000                g_pfnVectors
                0x0000000008000188                . = ALIGN (0x4)

.text           0x0000000008000190     0x9718
                0x0000000008000190                . = ALIGN (0x4)
 *(.text)
 .text          0x0000000008000190       0x40 c:/st/stm32cubeide_1.1.0/stm32cubeide/plugins/com.st.stm32cube.ide.mcu.externaltools.gnu-tools-for-stm32.7-2018-q2-update.win32_1.0.0.201904181610/tools/bin/../lib/gcc/arm-none-eabi/7.3.1/thumb/v7e-m/fpv4-sp/hard/crtbegin.o
 .text          0x00000000080001d0       0x14 c:/st/stm32cubeide_1.1.0/stm32cubeide/plugins/com.st.stm32cube.ide.mcu.externaltools.gnu-tools-for-stm32.7-2018-q2-update.win32_1.0.0.201904181610/tools/bin/../lib/gcc/arm-none-eabi/7.3.1/../../../../arm-none-eabi/lib/thumb/v7e-m/fpv4-sp/hard\libc_nano.a(lib_a-strcmp.o)
                0x00000000080001d0                strcmp
 .text          0x00000000080001e4       0x10 c:/st/stm32cubeide_1.1.0/stm32cubeide/plugins/com.st.stm32cube.ide.mcu.externaltools.gnu-tools-for-stm32.7-2018-q2-update.win32_1.0.0.201904181610/tools/bin/../lib/gcc/arm-none-eabi/7.3.1/../../../../arm-none-eabi/lib/thumb/v7e-m/fpv4-sp/hard\libc_nano.a(lib_a-strlen.o)
                0x00000000080001e4                strlen
 *fill*         0x00000000080001f4        0xc 
 .text          0x0000000008000200       0xa0 c:/st/stm32cubeide_1.1.0/stm32cubeide/plugins/com.st.stm32cube.ide.mcu.externaltools.gnu-tools-for-stm32.7-2018-q2-update.win32_1.0.0.201904181610/tools/bin/../lib/gcc/arm-none-eabi/7.3.1/../../../../arm-none-eabi/lib/thumb/v7e-m/fpv4-sp/hard\libc_nano.a(lib_a-memchr.o)
                0x0000000008000200                memchr
 .text          0x00000000080002a0      0x378 c:/st/stm32cubeide_1.1.0/stm32cubeide/plugins/com.st.stm32cube.ide.mcu.externaltools.gnu-tools-for-stm32.7-2018-q2-update.win32_1.0.0.201904181610/tools/bin/../lib/gcc/arm-none-eabi/7.3.1/thumb/v7e-m/fpv4-sp/hard\libgcc.a(_arm_addsubdf3.o)
                0x00000000080002a0                __aeabi_drsub
                0x00000000080002a8                __aeabi_dsub
                0x00000000080002a8                __subdf3
                0x00000000080002ac                __aeabi_dadd
                0x00000000080002ac                __adddf3
                0x0000000008000524                __floatunsidf
                0x0000000008000524                __aeabi_ui2d
                0x0000000008000544                __floatsidf
                0x0000000008000544                __aeabi_i2d
                0x0000000008000568                __aeabi_f2d
                0x0000000008000568                __extendsfdf2
                0x00000000080005ac                __floatundidf
                0x00000000080005ac                __aeabi_ul2d
                0x00000000080005bc                __floatdidf
                0x00000000080005bc                __aeabi_l2d
 .text          0x0000000008000618      0x424 c:/st/stm32cubeide_1.1.0/stm32cubeide/plugins/com.st.stm32cube.ide.mcu.externaltools.gnu-tools-for-stm32.7-2018-q2-update.win32_1.0.0.201904181610/tools/bin/../lib/gcc/arm-none-eabi/7.3.1/thumb/v7e-m/fpv4-sp/hard\libgcc.a(_arm_muldivdf3.o)
                0x0000000008000618                __aeabi_dmul
                0x0000000008000618                __muldf3
                0x000000000800086c                __divdf3
                0x000000000800086c                __aeabi_ddiv
 .text          0x0000000008000a3c       0x40 c:/st/stm32cubeide_1.1.0/stm32cubeide/plugins/com.st.stm32cube.ide.mcu.externaltools.gnu-tools-for-stm32.7-2018-q2-update.win32_1.0.0.201904181610/tools/bin/../lib/gcc/arm-none-eabi/7.3.1/thumb/v7e-m/fpv4-sp/hard\libgcc.a(_arm_fixunsdfsi.o)
                0x0000000008000a3c                __aeabi_d2uiz
                0x0000000008000a3c                __fixunsdfsi
 .text          0x0000000008000a7c       0x30 c:/st/stm32cubeide_1.1.0/stm32cubeide/plugins/com.st.stm32cube.ide.mcu.externaltools.gnu-tools-for-stm32.7-2018-q2-update.win32_1.0.0.201904181610/tools/bin/../lib/gcc/arm-none-eabi/7.3.1/thumb/v7e-m/fpv4-sp/hard\libgcc.a(_aeabi_uldivmod.o)
                0x0000000008000a7c                __aeabi_uldivmod
 .text          0x0000000008000aac      0x2cc c:/st/stm32cubeide_1.1.0/stm32cubeide/plugins/com.st.stm32cube.ide.mcu.externaltools.gnu-tools-for-stm32.7-2018-q2-update.win32_1.0.0.201904181610/tools/bin/../lib/gcc/arm-none-eabi/7.3.1/thumb/v7e-m/fpv4-sp/hard\libgcc.a(_udivmoddi4.o)
                0x0000000008000aac                __udivmoddi4
 .text          0x0000000008000d78        0x4 c:/st/stm32cubeide_1.1.0/stm32cubeide/plugins/com.st.stm32cube.ide.mcu.externaltools.gnu-tools-for-stm32.7-2018-q2-update.win32_1.0.0.201904181610/tools/bin/../lib/gcc/arm-none-eabi/7.3.1/thumb/v7e-m/fpv4-sp/hard\libgcc.a(_dvmd_tls.o)
                0x0000000008000d78                __aeabi_idiv0
                0x0000000008000d78                __aeabi_ldiv0
 *(.text*)
 .text.LCD1602_EnablePulse
                0x0000000008000d7c       0x40 Core/Src/STM_MY_LCD16X2.o
 .text.LCD1602_RS
                0x0000000008000dbc       0x44 Core/Src/STM_MY_LCD16X2.o
 .text.LCD1602_write
                0x0000000008000e00      0x1cc Core/Src/STM_MY_LCD16X2.o
 *fill*         0x0000000008000fcc        0x4 
 .text.LCD1602_TIM_Config
                0x0000000008000fd0       0xc0 Core/Src/STM_MY_LCD16X2.o
 .text.LCD1602_TIM_MicorSecDelay
                0x0000000008001090       0x48 Core/Src/STM_MY_LCD16X2.o
 .text.LCD1602_writeCommand
                0x00000000080010d8       0x20 Core/Src/STM_MY_LCD16X2.o
 .text.LCD1602_writeData
                0x00000000080010f8       0x20 Core/Src/STM_MY_LCD16X2.o
 .text.LCD1602_Begin8BIT
                0x0000000008001118       0xf8 Core/Src/STM_MY_LCD16X2.o
                0x0000000008001118                LCD1602_Begin8BIT
 .text.LCD1602_print
                0x0000000008001210       0x3c Core/Src/STM_MY_LCD16X2.o
                0x0000000008001210                LCD1602_print
 .text.LCD1602_setCursor
                0x000000000800124c       0x4c Core/Src/STM_MY_LCD16X2.o
                0x000000000800124c                LCD1602_setCursor
 .text.LCD1602_2ndLine
                0x0000000008001298       0x10 Core/Src/STM_MY_LCD16X2.o
                0x0000000008001298                LCD1602_2ndLine
 .text.SELECT   0x00000000080012a8        0xe Core/Src/diskio.o
 .text.DESELECT
                0x00000000080012b6        0xe Core/Src/diskio.o
 .text.xmit_spi
                0x00000000080012c4       0x34 Core/Src/diskio.o
 .text.rcvr_spi
                0x00000000080012f8       0x3c Core/Src/diskio.o
 .text.rcvr_spi_m
                0x0000000008001334       0x1c Core/Src/diskio.o
 .text.wait_ready
                0x0000000008001350       0x38 Core/Src/diskio.o
 .text.power_on
                0x0000000008001388       0x9c Core/Src/diskio.o
 .text.power_off
                0x0000000008001424       0x18 Core/Src/diskio.o
 .text.chk_power
                0x000000000800143c       0x18 Core/Src/diskio.o
 .text.rcvr_datablock
                0x0000000008001454       0x6c Core/Src/diskio.o
 .text.xmit_datablock
                0x00000000080014c0       0xa8 Core/Src/diskio.o
 .text.send_cmd
                0x0000000008001568       0xa4 Core/Src/diskio.o
 .text.disk_initialize
                0x000000000800160c      0x1d4 Core/Src/diskio.o
                0x000000000800160c                disk_initialize
 .text.disk_status
                0x00000000080017e0       0x2c Core/Src/diskio.o
                0x00000000080017e0                disk_status
 .text.disk_read
                0x000000000800180c       0xd4 Core/Src/diskio.o
                0x000000000800180c                disk_read
 .text.disk_write
                0x00000000080018e0      0x108 Core/Src/diskio.o
                0x00000000080018e0                disk_write
 .text.disk_ioctl
                0x00000000080019e8      0x300 Core/Src/diskio.o
                0x00000000080019e8                disk_ioctl
 .text.disk_timerproc
                0x0000000008001ce8       0x4c Core/Src/diskio.o
                0x0000000008001ce8                disk_timerproc
 .text.sdcard_systick_timerproc
                0x0000000008001d34       0x30 Core/Src/diskio.o
                0x0000000008001d34                sdcard_systick_timerproc
 .text.get_fattime
                0x0000000008001d64       0x14 Core/Src/diskio.o
                0x0000000008001d64                get_fattime
 .text.ld_word  0x0000000008001d78       0x30 Core/Src/ff.o
 .text.ld_dword
                0x0000000008001da8       0x46 Core/Src/ff.o
 .text.st_word  0x0000000008001dee       0x36 Core/Src/ff.o
 .text.st_dword
                0x0000000008001e24       0x58 Core/Src/ff.o
 .text.mem_cpy  0x0000000008001e7c       0x42 Core/Src/ff.o
 .text.mem_set  0x0000000008001ebe       0x34 Core/Src/ff.o
 .text.mem_cmp  0x0000000008001ef2       0x4e Core/Src/ff.o
 .text.chk_chr  0x0000000008001f40       0x36 Core/Src/ff.o
 .text.dbc_1st  0x0000000008001f76       0x40 Core/Src/ff.o
 .text.dbc_2nd  0x0000000008001fb6       0x54 Core/Src/ff.o
 .text.sync_window
                0x000000000800200a       0x78 Core/Src/ff.o
 .text.move_window
                0x0000000008002082       0x5a Core/Src/ff.o
 .text.sync_fs  0x00000000080020dc       0xdc Core/Src/ff.o
 .text.clst2sect
                0x00000000080021b8       0x3e Core/Src/ff.o
 .text.get_fat  0x00000000080021f6      0x14a Core/Src/ff.o
 .text.put_fat  0x0000000008002340      0x1ce Core/Src/ff.o
 .text.remove_chain
                0x000000000800250e       0xca Core/Src/ff.o
 .text.create_chain
                0x00000000080025d8      0x1a2 Core/Src/ff.o
 .text.dir_clear
                0x000000000800277a       0x90 Core/Src/ff.o
 .text.dir_sdi  0x000000000800280a       0xf6 Core/Src/ff.o
 .text.dir_next
                0x0000000008002900      0x12c Core/Src/ff.o
 .text.dir_alloc
                0x0000000008002a2c       0x8e Core/Src/ff.o
 .text.ld_clust
                0x0000000008002aba       0x3e Core/Src/ff.o
 .text.st_clust
                0x0000000008002af8       0x40 Core/Src/ff.o
 .text.dir_read
                0x0000000008002b38       0xba Core/Src/ff.o
 .text.dir_find
                0x0000000008002bf2       0xaa Core/Src/ff.o
 .text.dir_register
                0x0000000008002c9c       0x64 Core/Src/ff.o
 .text.get_fileinfo
                0x0000000008002d00       0xc6 Core/Src/ff.o
 *fill*         0x0000000008002dc6        0x2 
 .text.create_name
                0x0000000008002dc8      0x184 Core/Src/ff.o
 .text.follow_path
                0x0000000008002f4c       0xde Core/Src/ff.o
 .text.get_ldnumber
                0x000000000800302a       0x8a Core/Src/ff.o
 .text.check_fs
                0x00000000080030b4       0xac Core/Src/ff.o
 .text.find_volume
                0x0000000008003160      0x4b0 Core/Src/ff.o
 .text.validate
                0x0000000008003610       0x6a Core/Src/ff.o
 *fill*         0x000000000800367a        0x2 
 .text.f_mount  0x000000000800367c       0x80 Core/Src/ff.o
                0x000000000800367c                f_mount
 .text.f_open   0x00000000080036fc      0x306 Core/Src/ff.o
                0x00000000080036fc                f_open
 .text.f_read   0x0000000008003a02      0x266 Core/Src/ff.o
                0x0000000008003a02                f_read
 .text.f_write  0x0000000008003c68      0x2d2 Core/Src/ff.o
                0x0000000008003c68                f_write
 .text.f_sync   0x0000000008003f3a       0xfc Core/Src/ff.o
                0x0000000008003f3a                f_sync
 .text.f_close  0x0000000008004036       0x40 Core/Src/ff.o
                0x0000000008004036                f_close
 .text.f_lseek  0x0000000008004076      0x25a Core/Src/ff.o
                0x0000000008004076                f_lseek
 .text.f_opendir
                0x00000000080042d0       0xb2 Core/Src/ff.o
                0x00000000080042d0                f_opendir
 .text.f_closedir
                0x0000000008004382       0x30 Core/Src/ff.o
                0x0000000008004382                f_closedir
 .text.f_readdir
                0x00000000080043b2       0x7a Core/Src/ff.o
                0x00000000080043b2                f_readdir
 .text.GetNextFileName
                0x000000000800442c       0xb8 Core/Src/file_manager.o
                0x000000000800442c                GetNextFileName
 .text.NextFile
                0x00000000080044e4       0xc0 Core/Src/file_manager.o
                0x00000000080044e4                NextFile
 .text.PreviousFile
                0x00000000080045a4       0xb0 Core/Src/file_manager.o
                0x00000000080045a4                PreviousFile
 .text.OpenFileToRead
                0x0000000008004654       0x40 Core/Src/main.o
                0x0000000008004654                OpenFileToRead
 .text.CloseFileToRead
                0x0000000008004694       0x1c Core/Src/main.o
                0x0000000008004694                CloseFileToRead
 .text.ReadChunk
                0x00000000080046b0       0x38 Core/Src/main.o
                0x00000000080046b0                ReadChunk
 .text.HAL_TIM_PeriodElapsedCallback
                0x00000000080046e8      0x1a0 Core/Src/main.o
                0x00000000080046e8                HAL_TIM_PeriodElapsedCallback
 .text.set_volume
                0x0000000008004888       0x88 Core/Src/main.o
                0x0000000008004888                set_volume
 .text.rgb1_set
                0x0000000008004910       0x54 Core/Src/main.o
                0x0000000008004910                rgb1_set
 .text.rgb2_set
                0x0000000008004964       0x2c Core/Src/main.o
                0x0000000008004964                rgb2_set
 .text.rgb2_set_intensity
                0x0000000008004990       0x48 Core/Src/main.o
                0x0000000008004990                rgb2_set_intensity
 .text.select_button
                0x00000000080049d8      0x328 Core/Src/main.o
                0x00000000080049d8                select_button
 .text.read_buttons
                0x0000000008004d00       0xdc Core/Src/main.o
                0x0000000008004d00                read_buttons
 .text.petla    0x0000000008004ddc       0x70 Core/Src/main.o
                0x0000000008004ddc                petla
 .text.main     0x0000000008004e4c       0xb0 Core/Src/main.o
                0x0000000008004e4c                main
 .text.SystemClock_Config
                0x0000000008004efc       0xd4 Core/Src/main.o
                0x0000000008004efc                SystemClock_Config
 .text.MX_ADC1_Init
                0x0000000008004fd0       0xa4 Core/Src/main.o
 .text.MX_ADC2_Init
                0x0000000008005074       0xa4 Core/Src/main.o
 .text.MX_DAC_Init
                0x0000000008005118       0x68 Core/Src/main.o
 .text.MX_SPI1_Init
                0x0000000008005180       0x6c Core/Src/main.o
 .text.MX_TIM2_Init
                0x00000000080051ec       0xb4 Core/Src/main.o
 .text.MX_TIM3_Init
                0x00000000080052a0       0xe0 Core/Src/main.o
 .text.MX_TIM4_Init
                0x0000000008005380       0x98 Core/Src/main.o
 .text.MX_TIM5_Init
                0x0000000008005418       0x98 Core/Src/main.o
 .text.MX_GPIO_Init
                0x00000000080054b0      0x184 Core/Src/main.o
 .text.Error_Handler
                0x0000000008005634        0xe Core/Src/main.o
                0x0000000008005634                Error_Handler
 .text.AddWaveHeader
                0x0000000008005642      0x25a Core/Src/recorder.o
                0x0000000008005642                AddWaveHeader
 .text.SaveChunk
                0x000000000800589c       0x48 Core/Src/recorder.o
                0x000000000800589c                SaveChunk
 .text.OpenFile
                0x00000000080058e4       0x24 Core/Src/recorder.o
                0x00000000080058e4                OpenFile
 .text.CloseFile
                0x0000000008005908       0x20 Core/Src/recorder.o
                0x0000000008005908                CloseFile
 .text.HAL_MspInit
                0x0000000008005928       0x50 Core/Src/stm32f4xx_hal_msp.o
                0x0000000008005928                HAL_MspInit
 .text.HAL_ADC_MspInit
                0x0000000008005978      0x120 Core/Src/stm32f4xx_hal_msp.o
                0x0000000008005978                HAL_ADC_MspInit
 .text.HAL_DAC_MspInit
                0x0000000008005a98       0x88 Core/Src/stm32f4xx_hal_msp.o
                0x0000000008005a98                HAL_DAC_MspInit
 .text.HAL_SPI_MspInit
                0x0000000008005b20       0x90 Core/Src/stm32f4xx_hal_msp.o
                0x0000000008005b20                HAL_SPI_MspInit
 .text.HAL_TIM_PWM_MspInit
                0x0000000008005bb0       0x88 Core/Src/stm32f4xx_hal_msp.o
                0x0000000008005bb0                HAL_TIM_PWM_MspInit
 .text.HAL_TIM_Base_MspInit
                0x0000000008005c38       0x8c Core/Src/stm32f4xx_hal_msp.o
                0x0000000008005c38                HAL_TIM_Base_MspInit
 .text.HAL_TIM_MspPostInit
                0x0000000008005cc4      0x100 Core/Src/stm32f4xx_hal_msp.o
                0x0000000008005cc4                HAL_TIM_MspPostInit
 .text.NMI_Handler
                0x0000000008005dc4        0xe Core/Src/stm32f4xx_it.o
                0x0000000008005dc4                NMI_Handler
 .text.HardFault_Handler
                0x0000000008005dd2        0x6 Core/Src/stm32f4xx_it.o
                0x0000000008005dd2                HardFault_Handler
 .text.MemManage_Handler
                0x0000000008005dd8        0x6 Core/Src/stm32f4xx_it.o
                0x0000000008005dd8                MemManage_Handler
 .text.BusFault_Handler
                0x0000000008005dde        0x6 Core/Src/stm32f4xx_it.o
                0x0000000008005dde                BusFault_Handler
 .text.UsageFault_Handler
                0x0000000008005de4        0x6 Core/Src/stm32f4xx_it.o
                0x0000000008005de4                UsageFault_Handler
 .text.SVC_Handler
                0x0000000008005dea        0xe Core/Src/stm32f4xx_it.o
                0x0000000008005dea                SVC_Handler
 .text.DebugMon_Handler
                0x0000000008005df8        0xe Core/Src/stm32f4xx_it.o
                0x0000000008005df8                DebugMon_Handler
 .text.PendSV_Handler
                0x0000000008005e06        0xe Core/Src/stm32f4xx_it.o
                0x0000000008005e06                PendSV_Handler
 .text.SysTick_Handler
                0x0000000008005e14       0x10 Core/Src/stm32f4xx_it.o
                0x0000000008005e14                SysTick_Handler
 .text.TIM2_IRQHandler
                0x0000000008005e24       0x14 Core/Src/stm32f4xx_it.o
                0x0000000008005e24                TIM2_IRQHandler
 .text.TIM3_IRQHandler
                0x0000000008005e38       0x14 Core/Src/stm32f4xx_it.o
                0x0000000008005e38                TIM3_IRQHandler
 .text.TIM4_IRQHandler
                0x0000000008005e4c       0x14 Core/Src/stm32f4xx_it.o
                0x0000000008005e4c                TIM4_IRQHandler
 .text.TIM5_IRQHandler
                0x0000000008005e60       0x14 Core/Src/stm32f4xx_it.o
                0x0000000008005e60                TIM5_IRQHandler
 .text._sbrk    0x0000000008005e74       0x58 Core/Src/sysmem.o
                0x0000000008005e74                _sbrk
 .text.SystemInit
                0x0000000008005ecc       0x2c Core/Src/system_stm32f4xx.o
                0x0000000008005ecc                SystemInit
 .text.Reset_Handler
                0x0000000008005ef8       0x50 Core/Startup/startup_stm32f407vgtx.o
                0x0000000008005ef8                Reset_Handler
 .text.Default_Handler
                0x0000000008005f48        0x2 Core/Startup/startup_stm32f407vgtx.o
                0x0000000008005f48                RTC_Alarm_IRQHandler
                0x0000000008005f48                HASH_RNG_IRQHandler
                0x0000000008005f48                EXTI2_IRQHandler
                0x0000000008005f48                TIM8_CC_IRQHandler
                0x0000000008005f48                TIM1_CC_IRQHandler
                0x0000000008005f48                DMA2_Stream5_IRQHandler
                0x0000000008005f48                DMA1_Stream5_IRQHandler
                0x0000000008005f48                PVD_IRQHandler
                0x0000000008005f48                SDIO_IRQHandler
                0x0000000008005f48                TAMP_STAMP_IRQHandler
                0x0000000008005f48                CAN2_RX1_IRQHandler
                0x0000000008005f48                EXTI3_IRQHandler
                0x0000000008005f48                TIM8_TRG_COM_TIM14_IRQHandler
                0x0000000008005f48                TIM1_UP_TIM10_IRQHandler
                0x0000000008005f48                TIM8_UP_TIM13_IRQHandler
                0x0000000008005f48                I2C3_ER_IRQHandler
                0x0000000008005f48                EXTI0_IRQHandler
                0x0000000008005f48                I2C2_EV_IRQHandler
                0x0000000008005f48                DMA1_Stream2_IRQHandler
                0x0000000008005f48                CAN1_RX0_IRQHandler
                0x0000000008005f48                FPU_IRQHandler
                0x0000000008005f48                OTG_HS_WKUP_IRQHandler
                0x0000000008005f48                CAN2_SCE_IRQHandler
                0x0000000008005f48                DMA2_Stream2_IRQHandler
                0x0000000008005f48                SPI1_IRQHandler
                0x0000000008005f48                TIM6_DAC_IRQHandler
                0x0000000008005f48                TIM1_BRK_TIM9_IRQHandler
                0x0000000008005f48                DCMI_IRQHandler
                0x0000000008005f48                CAN2_RX0_IRQHandler
                0x0000000008005f48                DMA2_Stream3_IRQHandler
                0x0000000008005f48                USART6_IRQHandler
                0x0000000008005f48                USART3_IRQHandler
                0x0000000008005f48                CAN1_RX1_IRQHandler
                0x0000000008005f48                UART5_IRQHandler
                0x0000000008005f48                DMA2_Stream0_IRQHandler
                0x0000000008005f48                I2C1_EV_IRQHandler
                0x0000000008005f48                DMA1_Stream6_IRQHandler
                0x0000000008005f48                DMA1_Stream1_IRQHandler
                0x0000000008005f48                UART4_IRQHandler
                0x0000000008005f48                RCC_IRQHandler
                0x0000000008005f48                TIM8_BRK_TIM12_IRQHandler
                0x0000000008005f48                Default_Handler
                0x0000000008005f48                EXTI15_10_IRQHandler
                0x0000000008005f48                ADC_IRQHandler
                0x0000000008005f48                DMA1_Stream7_IRQHandler
                0x0000000008005f48                TIM7_IRQHandler
                0x0000000008005f48                CAN2_TX_IRQHandler
                0x0000000008005f48                DMA2_Stream7_IRQHandler
                0x0000000008005f48                I2C3_EV_IRQHandler
                0x0000000008005f48                EXTI9_5_IRQHandler
                0x0000000008005f48                RTC_WKUP_IRQHandler
                0x0000000008005f48                ETH_WKUP_IRQHandler
                0x0000000008005f48                SPI2_IRQHandler
                0x0000000008005f48                OTG_HS_EP1_IN_IRQHandler
                0x0000000008005f48                DMA1_Stream0_IRQHandler
                0x0000000008005f48                CAN1_TX_IRQHandler
                0x0000000008005f48                EXTI4_IRQHandler
                0x0000000008005f48                FSMC_IRQHandler
                0x0000000008005f48                ETH_IRQHandler
                0x0000000008005f48                OTG_HS_EP1_OUT_IRQHandler
                0x0000000008005f48                WWDG_IRQHandler
                0x0000000008005f48                OTG_FS_WKUP_IRQHandler
                0x0000000008005f48                TIM1_TRG_COM_TIM11_IRQHandler
                0x0000000008005f48                OTG_HS_IRQHandler
                0x0000000008005f48                EXTI1_IRQHandler
                0x0000000008005f48                USART2_IRQHandler
                0x0000000008005f48                I2C2_ER_IRQHandler
                0x0000000008005f48                DMA2_Stream1_IRQHandler
                0x0000000008005f48                CAN1_SCE_IRQHandler
                0x0000000008005f48                FLASH_IRQHandler
                0x0000000008005f48                DMA2_Stream4_IRQHandler
                0x0000000008005f48                USART1_IRQHandler
                0x0000000008005f48                OTG_FS_IRQHandler
                0x0000000008005f48                SPI3_IRQHandler
                0x0000000008005f48                DMA1_Stream4_IRQHandler
                0x0000000008005f48                I2C1_ER_IRQHandler
                0x0000000008005f48                DMA2_Stream6_IRQHandler
                0x0000000008005f48                DMA1_Stream3_IRQHandler
 *fill*         0x0000000008005f4a        0x2 
 .text.HAL_Init
                0x0000000008005f4c       0x44 Drivers/STM32F4xx_HAL_Driver/Src/stm32f4xx_hal.o
                0x0000000008005f4c                HAL_Init
 .text.HAL_InitTick
                0x0000000008005f90       0x60 Drivers/STM32F4xx_HAL_Driver/Src/stm32f4xx_hal.o
                0x0000000008005f90                HAL_InitTick
 .text.HAL_IncTick
                0x0000000008005ff0       0x28 Drivers/STM32F4xx_HAL_Driver/Src/stm32f4xx_hal.o
                0x0000000008005ff0                HAL_IncTick
 .text.HAL_GetTick
                0x0000000008006018       0x18 Drivers/STM32F4xx_HAL_Driver/Src/stm32f4xx_hal.o
                0x0000000008006018                HAL_GetTick
 .text.HAL_Delay
                0x0000000008006030       0x44 Drivers/STM32F4xx_HAL_Driver/Src/stm32f4xx_hal.o
                0x0000000008006030                HAL_Delay
 .text.HAL_ADC_Init
                0x0000000008006074       0x86 Drivers/STM32F4xx_HAL_Driver/Src/stm32f4xx_hal_adc.o
                0x0000000008006074                HAL_ADC_Init
 *fill*         0x00000000080060fa        0x2 
 .text.HAL_ADC_Start
                0x00000000080060fc      0x18c Drivers/STM32F4xx_HAL_Driver/Src/stm32f4xx_hal_adc.o
                0x00000000080060fc                HAL_ADC_Start
 .text.HAL_ADC_PollForConversion
                0x0000000008006288      0x108 Drivers/STM32F4xx_HAL_Driver/Src/stm32f4xx_hal_adc.o
                0x0000000008006288                HAL_ADC_PollForConversion
 .text.HAL_ADC_GetValue
                0x0000000008006390       0x1a Drivers/STM32F4xx_HAL_Driver/Src/stm32f4xx_hal_adc.o
                0x0000000008006390                HAL_ADC_GetValue
 *fill*         0x00000000080063aa        0x2 
 .text.HAL_ADC_ConfigChannel
                0x00000000080063ac      0x244 Drivers/STM32F4xx_HAL_Driver/Src/stm32f4xx_hal_adc.o
                0x00000000080063ac                HAL_ADC_ConfigChannel
 .text.ADC_Init
                0x00000000080065f0      0x1f8 Drivers/STM32F4xx_HAL_Driver/Src/stm32f4xx_hal_adc.o
 .text.__NVIC_SetPriorityGrouping
                0x00000000080067e8       0x48 Drivers/STM32F4xx_HAL_Driver/Src/stm32f4xx_hal_cortex.o
 .text.__NVIC_GetPriorityGrouping
                0x0000000008006830       0x1c Drivers/STM32F4xx_HAL_Driver/Src/stm32f4xx_hal_cortex.o
 .text.__NVIC_EnableIRQ
                0x000000000800684c       0x3c Drivers/STM32F4xx_HAL_Driver/Src/stm32f4xx_hal_cortex.o
 .text.__NVIC_SetPriority
                0x0000000008006888       0x54 Drivers/STM32F4xx_HAL_Driver/Src/stm32f4xx_hal_cortex.o
 .text.NVIC_EncodePriority
                0x00000000080068dc       0x66 Drivers/STM32F4xx_HAL_Driver/Src/stm32f4xx_hal_cortex.o
 *fill*         0x0000000008006942        0x2 
 .text.SysTick_Config
                0x0000000008006944       0x44 Drivers/STM32F4xx_HAL_Driver/Src/stm32f4xx_hal_cortex.o
 .text.HAL_NVIC_SetPriorityGrouping
                0x0000000008006988       0x16 Drivers/STM32F4xx_HAL_Driver/Src/stm32f4xx_hal_cortex.o
                0x0000000008006988                HAL_NVIC_SetPriorityGrouping
 .text.HAL_NVIC_SetPriority
                0x000000000800699e       0x38 Drivers/STM32F4xx_HAL_Driver/Src/stm32f4xx_hal_cortex.o
                0x000000000800699e                HAL_NVIC_SetPriority
 .text.HAL_NVIC_EnableIRQ
                0x00000000080069d6       0x1c Drivers/STM32F4xx_HAL_Driver/Src/stm32f4xx_hal_cortex.o
                0x00000000080069d6                HAL_NVIC_EnableIRQ
 .text.HAL_SYSTICK_Config
                0x00000000080069f2       0x18 Drivers/STM32F4xx_HAL_Driver/Src/stm32f4xx_hal_cortex.o
                0x00000000080069f2                HAL_SYSTICK_Config
 .text.HAL_DAC_Init
                0x0000000008006a0a       0x44 Drivers/STM32F4xx_HAL_Driver/Src/stm32f4xx_hal_dac.o
                0x0000000008006a0a                HAL_DAC_Init
 .text.HAL_DAC_Start
                0x0000000008006a4e       0xcc Drivers/STM32F4xx_HAL_Driver/Src/stm32f4xx_hal_dac.o
                0x0000000008006a4e                HAL_DAC_Start
 .text.HAL_DAC_ConfigChannel
                0x0000000008006b1a       0x9a Drivers/STM32F4xx_HAL_Driver/Src/stm32f4xx_hal_dac.o
                0x0000000008006b1a                HAL_DAC_ConfigChannel
 .text.HAL_DAC_SetValue
                0x0000000008006bb4       0x4a Drivers/STM32F4xx_HAL_Driver/Src/stm32f4xx_hal_dac.o
                0x0000000008006bb4                HAL_DAC_SetValue
 *fill*         0x0000000008006bfe        0x2 
 .text.HAL_GPIO_Init
                0x0000000008006c00      0x334 Drivers/STM32F4xx_HAL_Driver/Src/stm32f4xx_hal_gpio.o
                0x0000000008006c00                HAL_GPIO_Init
 .text.HAL_GPIO_ReadPin
                0x0000000008006f34       0x30 Drivers/STM32F4xx_HAL_Driver/Src/stm32f4xx_hal_gpio.o
                0x0000000008006f34                HAL_GPIO_ReadPin
 .text.HAL_GPIO_WritePin
                0x0000000008006f64       0x32 Drivers/STM32F4xx_HAL_Driver/Src/stm32f4xx_hal_gpio.o
                0x0000000008006f64                HAL_GPIO_WritePin
 *fill*         0x0000000008006f96        0x2 
 .text.HAL_RCC_OscConfig
                0x0000000008006f98      0x4e0 Drivers/STM32F4xx_HAL_Driver/Src/stm32f4xx_hal_rcc.o
                0x0000000008006f98                HAL_RCC_OscConfig
 .text.HAL_RCC_ClockConfig
                0x0000000008007478      0x1cc Drivers/STM32F4xx_HAL_Driver/Src/stm32f4xx_hal_rcc.o
                0x0000000008007478                HAL_RCC_ClockConfig
 .text.HAL_RCC_GetSysClockFreq
                0x0000000008007644      0x1b0 Drivers/STM32F4xx_HAL_Driver/Src/stm32f4xx_hal_rcc.o
                0x0000000008007644                HAL_RCC_GetSysClockFreq
 .text.HAL_RCC_GetHCLKFreq
                0x00000000080077f4       0x18 Drivers/STM32F4xx_HAL_Driver/Src/stm32f4xx_hal_rcc.o
                0x00000000080077f4                HAL_RCC_GetHCLKFreq
 .text.HAL_RCC_GetPCLK1Freq
                0x000000000800780c       0x28 Drivers/STM32F4xx_HAL_Driver/Src/stm32f4xx_hal_rcc.o
                0x000000000800780c                HAL_RCC_GetPCLK1Freq
 .text.HAL_RCC_GetClockConfig
                0x0000000008007834       0x64 Drivers/STM32F4xx_HAL_Driver/Src/stm32f4xx_hal_rcc.o
                0x0000000008007834                HAL_RCC_GetClockConfig
 .text.HAL_SPI_Init
                0x0000000008007898       0xc8 Drivers/STM32F4xx_HAL_Driver/Src/stm32f4xx_hal_spi.o
                0x0000000008007898                HAL_SPI_Init
 .text.HAL_SPI_Transmit
                0x0000000008007960      0x268 Drivers/STM32F4xx_HAL_Driver/Src/stm32f4xx_hal_spi.o
                0x0000000008007960                HAL_SPI_Transmit
 .text.HAL_SPI_TransmitReceive
                0x0000000008007bc8      0x344 Drivers/STM32F4xx_HAL_Driver/Src/stm32f4xx_hal_spi.o
                0x0000000008007bc8                HAL_SPI_TransmitReceive
 .text.HAL_SPI_GetState
                0x0000000008007f0c       0x1c Drivers/STM32F4xx_HAL_Driver/Src/stm32f4xx_hal_spi.o
                0x0000000008007f0c                HAL_SPI_GetState
 .text.SPI_WaitFlagStateUntilTimeout
                0x0000000008007f28       0xd4 Drivers/STM32F4xx_HAL_Driver/Src/stm32f4xx_hal_spi.o
 .text.SPI_EndRxTxTransaction
                0x0000000008007ffc       0x84 Drivers/STM32F4xx_HAL_Driver/Src/stm32f4xx_hal_spi.o
 .text.HAL_TIM_Base_Init
                0x0000000008008080       0x56 Drivers/STM32F4xx_HAL_Driver/Src/stm32f4xx_hal_tim.o
                0x0000000008008080                HAL_TIM_Base_Init
 .text.HAL_TIM_Base_Start_IT
                0x00000000080080d6       0x48 Drivers/STM32F4xx_HAL_Driver/Src/stm32f4xx_hal_tim.o
                0x00000000080080d6                HAL_TIM_Base_Start_IT
 .text.HAL_TIM_PWM_Init
                0x000000000800811e       0x56 Drivers/STM32F4xx_HAL_Driver/Src/stm32f4xx_hal_tim.o
                0x000000000800811e                HAL_TIM_PWM_Init
 .text.HAL_TIM_PWM_Start
                0x0000000008008174       0x7c Drivers/STM32F4xx_HAL_Driver/Src/stm32f4xx_hal_tim.o
                0x0000000008008174                HAL_TIM_PWM_Start
 .text.HAL_TIM_IRQHandler
                0x00000000080081f0      0x210 Drivers/STM32F4xx_HAL_Driver/Src/stm32f4xx_hal_tim.o
                0x00000000080081f0                HAL_TIM_IRQHandler
 .text.HAL_TIM_PWM_ConfigChannel
                0x0000000008008400      0x18c Drivers/STM32F4xx_HAL_Driver/Src/stm32f4xx_hal_tim.o
                0x0000000008008400                HAL_TIM_PWM_ConfigChannel
 .text.HAL_TIM_ConfigClockSource
                0x000000000800858c      0x16e Drivers/STM32F4xx_HAL_Driver/Src/stm32f4xx_hal_tim.o
                0x000000000800858c                HAL_TIM_ConfigClockSource
 .text.HAL_TIM_OC_DelayElapsedCallback
                0x00000000080086fa       0x14 Drivers/STM32F4xx_HAL_Driver/Src/stm32f4xx_hal_tim.o
                0x00000000080086fa                HAL_TIM_OC_DelayElapsedCallback
 .text.HAL_TIM_IC_CaptureCallback
                0x000000000800870e       0x14 Drivers/STM32F4xx_HAL_Driver/Src/stm32f4xx_hal_tim.o
                0x000000000800870e                HAL_TIM_IC_CaptureCallback
 .text.HAL_TIM_PWM_PulseFinishedCallback
                0x0000000008008722       0x14 Drivers/STM32F4xx_HAL_Driver/Src/stm32f4xx_hal_tim.o
                0x0000000008008722                HAL_TIM_PWM_PulseFinishedCallback
 .text.HAL_TIM_TriggerCallback
                0x0000000008008736       0x14 Drivers/STM32F4xx_HAL_Driver/Src/stm32f4xx_hal_tim.o
                0x0000000008008736                HAL_TIM_TriggerCallback
 *fill*         0x000000000800874a        0x2 
 .text.TIM_Base_SetConfig
                0x000000000800874c      0x140 Drivers/STM32F4xx_HAL_Driver/Src/stm32f4xx_hal_tim.o
                0x000000000800874c                TIM_Base_SetConfig
 .text.TIM_OC1_SetConfig
                0x000000000800888c       0xe0 Drivers/STM32F4xx_HAL_Driver/Src/stm32f4xx_hal_tim.o
 .text.TIM_OC2_SetConfig
                0x000000000800896c       0xec Drivers/STM32F4xx_HAL_Driver/Src/stm32f4xx_hal_tim.o
                0x000000000800896c                TIM_OC2_SetConfig
 .text.TIM_OC3_SetConfig
                0x0000000008008a58       0xe8 Drivers/STM32F4xx_HAL_Driver/Src/stm32f4xx_hal_tim.o
 .text.TIM_OC4_SetConfig
                0x0000000008008b40       0xac Drivers/STM32F4xx_HAL_Driver/Src/stm32f4xx_hal_tim.o
 .text.TIM_TI1_ConfigInputStage
                0x0000000008008bec       0x5e Drivers/STM32F4xx_HAL_Driver/Src/stm32f4xx_hal_tim.o
 .text.TIM_TI2_ConfigInputStage
                0x0000000008008c4a       0x60 Drivers/STM32F4xx_HAL_Driver/Src/stm32f4xx_hal_tim.o
 .text.TIM_ITRx_SetConfig
                0x0000000008008caa       0x36 Drivers/STM32F4xx_HAL_Driver/Src/stm32f4xx_hal_tim.o
 .text.TIM_ETR_SetConfig
                0x0000000008008ce0       0x40 Drivers/STM32F4xx_HAL_Driver/Src/stm32f4xx_hal_tim.o
                0x0000000008008ce0                TIM_ETR_SetConfig
 .text.TIM_CCxChannelCmd
                0x0000000008008d20       0x4a Drivers/STM32F4xx_HAL_Driver/Src/stm32f4xx_hal_tim.o
                0x0000000008008d20                TIM_CCxChannelCmd
 *fill*         0x0000000008008d6a        0x2 
 .text.HAL_TIMEx_MasterConfigSynchronization
                0x0000000008008d6c       0xf8 Drivers/STM32F4xx_HAL_Driver/Src/stm32f4xx_hal_tim_ex.o
                0x0000000008008d6c                HAL_TIMEx_MasterConfigSynchronization
 .text.HAL_TIMEx_CommutCallback
                0x0000000008008e64       0x14 Drivers/STM32F4xx_HAL_Driver/Src/stm32f4xx_hal_tim_ex.o
                0x0000000008008e64                HAL_TIMEx_CommutCallback
 .text.HAL_TIMEx_BreakCallback
                0x0000000008008e78       0x14 Drivers/STM32F4xx_HAL_Driver/Src/stm32f4xx_hal_tim_ex.o
                0x0000000008008e78                HAL_TIMEx_BreakCallback
 .text.atoi     0x0000000008008e8c        0x8 c:/st/stm32cubeide_1.1.0/stm32cubeide/plugins/com.st.stm32cube.ide.mcu.externaltools.gnu-tools-for-stm32.7-2018-q2-update.win32_1.0.0.201904181610/tools/bin/../lib/gcc/arm-none-eabi/7.3.1/../../../../arm-none-eabi/lib/thumb/v7e-m/fpv4-sp/hard\libc_nano.a(lib_a-atoi.o)
                0x0000000008008e8c                atoi
 .text.__errno  0x0000000008008e94        0xc c:/st/stm32cubeide_1.1.0/stm32cubeide/plugins/com.st.stm32cube.ide.mcu.externaltools.gnu-tools-for-stm32.7-2018-q2-update.win32_1.0.0.201904181610/tools/bin/../lib/gcc/arm-none-eabi/7.3.1/../../../../arm-none-eabi/lib/thumb/v7e-m/fpv4-sp/hard\libc_nano.a(lib_a-errno.o)
                0x0000000008008e94                __errno
 .text.__libc_init_array
                0x0000000008008ea0       0x48 c:/st/stm32cubeide_1.1.0/stm32cubeide/plugins/com.st.stm32cube.ide.mcu.externaltools.gnu-tools-for-stm32.7-2018-q2-update.win32_1.0.0.201904181610/tools/bin/../lib/gcc/arm-none-eabi/7.3.1/../../../../arm-none-eabi/lib/thumb/v7e-m/fpv4-sp/hard\libc_nano.a(lib_a-init.o)
                0x0000000008008ea0                __libc_init_array
 .text.malloc   0x0000000008008ee8       0x10 c:/st/stm32cubeide_1.1.0/stm32cubeide/plugins/com.st.stm32cube.ide.mcu.externaltools.gnu-tools-for-stm32.7-2018-q2-update.win32_1.0.0.201904181610/tools/bin/../lib/gcc/arm-none-eabi/7.3.1/../../../../arm-none-eabi/lib/thumb/v7e-m/fpv4-sp/hard\libc_nano.a(lib_a-malloc.o)
                0x0000000008008ee8                malloc
 .text.memset   0x0000000008008ef8       0x10 c:/st/stm32cubeide_1.1.0/stm32cubeide/plugins/com.st.stm32cube.ide.mcu.externaltools.gnu-tools-for-stm32.7-2018-q2-update.win32_1.0.0.201904181610/tools/bin/../lib/gcc/arm-none-eabi/7.3.1/../../../../arm-none-eabi/lib/thumb/v7e-m/fpv4-sp/hard\libc_nano.a(lib_a-memset.o)
                0x0000000008008ef8                memset
 .text._free_r  0x0000000008008f08       0x9c c:/st/stm32cubeide_1.1.0/stm32cubeide/plugins/com.st.stm32cube.ide.mcu.externaltools.gnu-tools-for-stm32.7-2018-q2-update.win32_1.0.0.201904181610/tools/bin/../lib/gcc/arm-none-eabi/7.3.1/../../../../arm-none-eabi/lib/thumb/v7e-m/fpv4-sp/hard\libc_nano.a(lib_a-nano-freer.o)
                0x0000000008008f08                _free_r
 .text._malloc_r
                0x0000000008008fa4       0xb4 c:/st/stm32cubeide_1.1.0/stm32cubeide/plugins/com.st.stm32cube.ide.mcu.externaltools.gnu-tools-for-stm32.7-2018-q2-update.win32_1.0.0.201904181610/tools/bin/../lib/gcc/arm-none-eabi/7.3.1/../../../../arm-none-eabi/lib/thumb/v7e-m/fpv4-sp/hard\libc_nano.a(lib_a-nano-mallocr.o)
                0x0000000008008fa4                _malloc_r
 .text._sbrk_r  0x0000000008009058       0x20 c:/st/stm32cubeide_1.1.0/stm32cubeide/plugins/com.st.stm32cube.ide.mcu.externaltools.gnu-tools-for-stm32.7-2018-q2-update.win32_1.0.0.201904181610/tools/bin/../lib/gcc/arm-none-eabi/7.3.1/../../../../arm-none-eabi/lib/thumb/v7e-m/fpv4-sp/hard\libc_nano.a(lib_a-sbrkr.o)
                0x0000000008009058                _sbrk_r
 .text.sprintf  0x0000000008009078       0x40 c:/st/stm32cubeide_1.1.0/stm32cubeide/plugins/com.st.stm32cube.ide.mcu.externaltools.gnu-tools-for-stm32.7-2018-q2-update.win32_1.0.0.201904181610/tools/bin/../lib/gcc/arm-none-eabi/7.3.1/../../../../arm-none-eabi/lib/thumb/v7e-m/fpv4-sp/hard\libc_nano.a(lib_a-sprintf.o)
                0x0000000008009078                siprintf
                0x0000000008009078                sprintf
 .text.strcpy   0x00000000080090b8       0x10 c:/st/stm32cubeide_1.1.0/stm32cubeide/plugins/com.st.stm32cube.ide.mcu.externaltools.gnu-tools-for-stm32.7-2018-q2-update.win32_1.0.0.201904181610/tools/bin/../lib/gcc/arm-none-eabi/7.3.1/../../../../arm-none-eabi/lib/thumb/v7e-m/fpv4-sp/hard\libc_nano.a(lib_a-strcpy.o)
                0x00000000080090b8                strcpy
 .text._strtol_l.isra.0
                0x00000000080090c8       0xf6 c:/st/stm32cubeide_1.1.0/stm32cubeide/plugins/com.st.stm32cube.ide.mcu.externaltools.gnu-tools-for-stm32.7-2018-q2-update.win32_1.0.0.201904181610/tools/bin/../lib/gcc/arm-none-eabi/7.3.1/../../../../arm-none-eabi/lib/thumb/v7e-m/fpv4-sp/hard\libc_nano.a(lib_a-strtol.o)
 *fill*         0x00000000080091be        0x2 
 .text.strtol   0x00000000080091c0       0x2c c:/st/stm32cubeide_1.1.0/stm32cubeide/plugins/com.st.stm32cube.ide.mcu.externaltools.gnu-tools-for-stm32.7-2018-q2-update.win32_1.0.0.201904181610/tools/bin/../lib/gcc/arm-none-eabi/7.3.1/../../../../arm-none-eabi/lib/thumb/v7e-m/fpv4-sp/hard\libc_nano.a(lib_a-strtol.o)
                0x00000000080091c0                strtol
 .text.__locale_ctype_ptr_l
                0x00000000080091ec        0x6 c:/st/stm32cubeide_1.1.0/stm32cubeide/plugins/com.st.stm32cube.ide.mcu.externaltools.gnu-tools-for-stm32.7-2018-q2-update.win32_1.0.0.201904181610/tools/bin/../lib/gcc/arm-none-eabi/7.3.1/../../../../arm-none-eabi/lib/thumb/v7e-m/fpv4-sp/hard\libc_nano.a(lib_a-locale.o)
                0x00000000080091ec                __locale_ctype_ptr_l
 .text.__ascii_mbtowc
                0x00000000080091f2       0x24 c:/st/stm32cubeide_1.1.0/stm32cubeide/plugins/com.st.stm32cube.ide.mcu.externaltools.gnu-tools-for-stm32.7-2018-q2-update.win32_1.0.0.201904181610/tools/bin/../lib/gcc/arm-none-eabi/7.3.1/../../../../arm-none-eabi/lib/thumb/v7e-m/fpv4-sp/hard\libc_nano.a(lib_a-mbtowc_r.o)
                0x00000000080091f2                __ascii_mbtowc
 .text.__malloc_lock
                0x0000000008009216        0x2 c:/st/stm32cubeide_1.1.0/stm32cubeide/plugins/com.st.stm32cube.ide.mcu.externaltools.gnu-tools-for-stm32.7-2018-q2-update.win32_1.0.0.201904181610/tools/bin/../lib/gcc/arm-none-eabi/7.3.1/../../../../arm-none-eabi/lib/thumb/v7e-m/fpv4-sp/hard\libc_nano.a(lib_a-mlock.o)
                0x0000000008009216                __malloc_lock
 .text.__malloc_unlock
                0x0000000008009218        0x2 c:/st/stm32cubeide_1.1.0/stm32cubeide/plugins/com.st.stm32cube.ide.mcu.externaltools.gnu-tools-for-stm32.7-2018-q2-update.win32_1.0.0.201904181610/tools/bin/../lib/gcc/arm-none-eabi/7.3.1/../../../../arm-none-eabi/lib/thumb/v7e-m/fpv4-sp/hard\libc_nano.a(lib_a-mlock.o)
                0x0000000008009218                __malloc_unlock
 .text.__ssputs_r
                0x000000000800921a       0xb4 c:/st/stm32cubeide_1.1.0/stm32cubeide/plugins/com.st.stm32cube.ide.mcu.externaltools.gnu-tools-for-stm32.7-2018-q2-update.win32_1.0.0.201904181610/tools/bin/../lib/gcc/arm-none-eabi/7.3.1/../../../../arm-none-eabi/lib/thumb/v7e-m/fpv4-sp/hard\libc_nano.a(lib_a-nano-svfprintf.o)
                0x000000000800921a                __ssputs_r
 *fill*         0x00000000080092ce        0x2 
 .text._svfprintf_r
                0x00000000080092d0      0x1f0 c:/st/stm32cubeide_1.1.0/stm32cubeide/plugins/com.st.stm32cube.ide.mcu.externaltools.gnu-tools-for-stm32.7-2018-q2-update.win32_1.0.0.201904181610/tools/bin/../lib/gcc/arm-none-eabi/7.3.1/../../../../arm-none-eabi/lib/thumb/v7e-m/fpv4-sp/hard\libc_nano.a(lib_a-nano-svfprintf.o)
                0x00000000080092d0                _svfiprintf_r
                0x00000000080092d0                _svfprintf_r
 .text._printf_common
                0x00000000080094c0       0xea c:/st/stm32cubeide_1.1.0/stm32cubeide/plugins/com.st.stm32cube.ide.mcu.externaltools.gnu-tools-for-stm32.7-2018-q2-update.win32_1.0.0.201904181610/tools/bin/../lib/gcc/arm-none-eabi/7.3.1/../../../../arm-none-eabi/lib/thumb/v7e-m/fpv4-sp/hard\libc_nano.a(lib_a-nano-vfprintf_i.o)
                0x00000000080094c0                _printf_common
 *fill*         0x00000000080095aa        0x2 
 .text._printf_i
                0x00000000080095ac      0x224 c:/st/stm32cubeide_1.1.0/stm32cubeide/plugins/com.st.stm32cube.ide.mcu.externaltools.gnu-tools-for-stm32.7-2018-q2-update.win32_1.0.0.201904181610/tools/bin/../lib/gcc/arm-none-eabi/7.3.1/../../../../arm-none-eabi/lib/thumb/v7e-m/fpv4-sp/hard\libc_nano.a(lib_a-nano-vfprintf_i.o)
                0x00000000080095ac                _printf_i
 .text.__ascii_wctomb
                0x00000000080097d0       0x1a c:/st/stm32cubeide_1.1.0/stm32cubeide/plugins/com.st.stm32cube.ide.mcu.externaltools.gnu-tools-for-stm32.7-2018-q2-update.win32_1.0.0.201904181610/tools/bin/../lib/gcc/arm-none-eabi/7.3.1/../../../../arm-none-eabi/lib/thumb/v7e-m/fpv4-sp/hard\libc_nano.a(lib_a-wctomb_r.o)
                0x00000000080097d0                __ascii_wctomb
 .text.memcpy   0x00000000080097ea       0x16 c:/st/stm32cubeide_1.1.0/stm32cubeide/plugins/com.st.stm32cube.ide.mcu.externaltools.gnu-tools-for-stm32.7-2018-q2-update.win32_1.0.0.201904181610/tools/bin/../lib/gcc/arm-none-eabi/7.3.1/../../../../arm-none-eabi/lib/thumb/v7e-m/fpv4-sp/hard\libc_nano.a(lib_a-memcpy-stub.o)
                0x00000000080097ea                memcpy
 .text.memmove  0x0000000008009800       0x32 c:/st/stm32cubeide_1.1.0/stm32cubeide/plugins/com.st.stm32cube.ide.mcu.externaltools.gnu-tools-for-stm32.7-2018-q2-update.win32_1.0.0.201904181610/tools/bin/../lib/gcc/arm-none-eabi/7.3.1/../../../../arm-none-eabi/lib/thumb/v7e-m/fpv4-sp/hard\libc_nano.a(lib_a-memmove.o)
                0x0000000008009800                memmove
 .text._realloc_r
                0x0000000008009832       0x4c c:/st/stm32cubeide_1.1.0/stm32cubeide/plugins/com.st.stm32cube.ide.mcu.externaltools.gnu-tools-for-stm32.7-2018-q2-update.win32_1.0.0.201904181610/tools/bin/../lib/gcc/arm-none-eabi/7.3.1/../../../../arm-none-eabi/lib/thumb/v7e-m/fpv4-sp/hard\libc_nano.a(lib_a-nano-reallocr.o)
                0x0000000008009832                _realloc_r
 .text._malloc_usable_size_r
                0x000000000800987e       0x10 c:/st/stm32cubeide_1.1.0/stm32cubeide/plugins/com.st.stm32cube.ide.mcu.externaltools.gnu-tools-for-stm32.7-2018-q2-update.win32_1.0.0.201904181610/tools/bin/../lib/gcc/arm-none-eabi/7.3.1/../../../../arm-none-eabi/lib/thumb/v7e-m/fpv4-sp/hard\libc_nano.a(lib_a-nano-msizer.o)
                0x000000000800987e                _malloc_usable_size_r
 *(.glue_7)
 .glue_7        0x000000000800988e        0x0 linker stubs
 *(.glue_7t)
 .glue_7t       0x000000000800988e        0x0 linker stubs
 *(.eh_frame)
 *fill*         0x000000000800988e        0x2 
 .eh_frame      0x0000000008009890        0x0 c:/st/stm32cubeide_1.1.0/stm32cubeide/plugins/com.st.stm32cube.ide.mcu.externaltools.gnu-tools-for-stm32.7-2018-q2-update.win32_1.0.0.201904181610/tools/bin/../lib/gcc/arm-none-eabi/7.3.1/thumb/v7e-m/fpv4-sp/hard/crtbegin.o
 *(.init)
 .init          0x0000000008009890        0x4 c:/st/stm32cubeide_1.1.0/stm32cubeide/plugins/com.st.stm32cube.ide.mcu.externaltools.gnu-tools-for-stm32.7-2018-q2-update.win32_1.0.0.201904181610/tools/bin/../lib/gcc/arm-none-eabi/7.3.1/thumb/v7e-m/fpv4-sp/hard/crti.o
                0x0000000008009890                _init
 .init          0x0000000008009894        0x8 c:/st/stm32cubeide_1.1.0/stm32cubeide/plugins/com.st.stm32cube.ide.mcu.externaltools.gnu-tools-for-stm32.7-2018-q2-update.win32_1.0.0.201904181610/tools/bin/../lib/gcc/arm-none-eabi/7.3.1/thumb/v7e-m/fpv4-sp/hard/crtn.o
 *(.fini)
 .fini          0x000000000800989c        0x4 c:/st/stm32cubeide_1.1.0/stm32cubeide/plugins/com.st.stm32cube.ide.mcu.externaltools.gnu-tools-for-stm32.7-2018-q2-update.win32_1.0.0.201904181610/tools/bin/../lib/gcc/arm-none-eabi/7.3.1/thumb/v7e-m/fpv4-sp/hard/crti.o
                0x000000000800989c                _fini
 .fini          0x00000000080098a0        0x8 c:/st/stm32cubeide_1.1.0/stm32cubeide/plugins/com.st.stm32cube.ide.mcu.externaltools.gnu-tools-for-stm32.7-2018-q2-update.win32_1.0.0.201904181610/tools/bin/../lib/gcc/arm-none-eabi/7.3.1/thumb/v7e-m/fpv4-sp/hard/crtn.o
                0x00000000080098a8                . = ALIGN (0x4)
                0x00000000080098a8                _etext = .

.vfp11_veneer   0x00000000080098a8        0x0
 .vfp11_veneer  0x00000000080098a8        0x0 linker stubs

.v4_bx          0x00000000080098a8        0x0
 .v4_bx         0x00000000080098a8        0x0 linker stubs

.iplt           0x00000000080098a8        0x0
 .iplt          0x00000000080098a8        0x0 c:/st/stm32cubeide_1.1.0/stm32cubeide/plugins/com.st.stm32cube.ide.mcu.externaltools.gnu-tools-for-stm32.7-2018-q2-update.win32_1.0.0.201904181610/tools/bin/../lib/gcc/arm-none-eabi/7.3.1/thumb/v7e-m/fpv4-sp/hard/crtbegin.o

.rodata         0x00000000080098a8      0x210
                0x00000000080098a8                . = ALIGN (0x4)
 *(.rodata)
 .rodata        0x00000000080098a8       0x1a Core/Src/ff.o
 *fill*         0x00000000080098c2        0x2 
 .rodata        0x00000000080098c4        0xd Core/Src/file_manager.o
 *fill*         0x00000000080098d1        0x3 
 .rodata        0x00000000080098d4       0x85 Core/Src/main.o
 *(.rodata*)
 *fill*         0x0000000008009959        0x3 
 .rodata.SAMPLE_RATE
                0x000000000800995c        0x4 Core/Src/recorder.o
                0x000000000800995c                SAMPLE_RATE
 .rodata.AHBPrescTable
                0x0000000008009960       0x10 Core/Src/system_stm32f4xx.o
                0x0000000008009960                AHBPrescTable
 .rodata.APBPrescTable
                0x0000000008009970        0x8 Core/Src/system_stm32f4xx.o
                0x0000000008009970                APBPrescTable
 .rodata._setlocale_r.str1.1
                0x0000000008009978        0x8 c:/st/stm32cubeide_1.1.0/stm32cubeide/plugins/com.st.stm32cube.ide.mcu.externaltools.gnu-tools-for-stm32.7-2018-q2-update.win32_1.0.0.201904181610/tools/bin/../lib/gcc/arm-none-eabi/7.3.1/../../../../arm-none-eabi/lib/thumb/v7e-m/fpv4-sp/hard\libc_nano.a(lib_a-locale.o)
                                          0x9 (size before relaxing)
 .rodata.str1.1
                0x0000000008009980        0x2 c:/st/stm32cubeide_1.1.0/stm32cubeide/plugins/com.st.stm32cube.ide.mcu.externaltools.gnu-tools-for-stm32.7-2018-q2-update.win32_1.0.0.201904181610/tools/bin/../lib/gcc/arm-none-eabi/7.3.1/../../../../arm-none-eabi/lib/thumb/v7e-m/fpv4-sp/hard\libc_nano.a(lib_a-locale.o)
 .rodata._svfprintf_r.str1.1
                0x0000000008009982       0x11 c:/st/stm32cubeide_1.1.0/stm32cubeide/plugins/com.st.stm32cube.ide.mcu.externaltools.gnu-tools-for-stm32.7-2018-q2-update.win32_1.0.0.201904181610/tools/bin/../lib/gcc/arm-none-eabi/7.3.1/../../../../arm-none-eabi/lib/thumb/v7e-m/fpv4-sp/hard\libc_nano.a(lib_a-nano-svfprintf.o)
 .rodata._printf_i.str1.1
                0x0000000008009993       0x22 c:/st/stm32cubeide_1.1.0/stm32cubeide/plugins/com.st.stm32cube.ide.mcu.externaltools.gnu-tools-for-stm32.7-2018-q2-update.win32_1.0.0.201904181610/tools/bin/../lib/gcc/arm-none-eabi/7.3.1/../../../../arm-none-eabi/lib/thumb/v7e-m/fpv4-sp/hard\libc_nano.a(lib_a-nano-vfprintf_i.o)
 .rodata._ctype_
                0x00000000080099b5      0x101 c:/st/stm32cubeide_1.1.0/stm32cubeide/plugins/com.st.stm32cube.ide.mcu.externaltools.gnu-tools-for-stm32.7-2018-q2-update.win32_1.0.0.201904181610/tools/bin/../lib/gcc/arm-none-eabi/7.3.1/../../../../arm-none-eabi/lib/thumb/v7e-m/fpv4-sp/hard\libc_nano.a(lib_a-ctype_.o)
                0x00000000080099b5                _ctype_
                0x0000000008009ab8                . = ALIGN (0x4)
 *fill*         0x0000000008009ab6        0x2 

.ARM.extab      0x0000000008009ab8        0x0
                0x0000000008009ab8                . = ALIGN (0x4)
 *(.ARM.extab* .gnu.linkonce.armextab.*)
                0x0000000008009ab8                . = ALIGN (0x4)

.ARM            0x0000000008009ab8        0x8
                0x0000000008009ab8                . = ALIGN (0x4)
                0x0000000008009ab8                __exidx_start = .
 *(.ARM.exidx*)
 .ARM.exidx     0x0000000008009ab8        0x8 c:/st/stm32cubeide_1.1.0/stm32cubeide/plugins/com.st.stm32cube.ide.mcu.externaltools.gnu-tools-for-stm32.7-2018-q2-update.win32_1.0.0.201904181610/tools/bin/../lib/gcc/arm-none-eabi/7.3.1/thumb/v7e-m/fpv4-sp/hard\libgcc.a(_udivmoddi4.o)
                0x0000000008009ac0                __exidx_end = .
                0x0000000008009ac0                . = ALIGN (0x4)

.rel.dyn        0x0000000008009ac0        0x0
 .rel.iplt      0x0000000008009ac0        0x0 c:/st/stm32cubeide_1.1.0/stm32cubeide/plugins/com.st.stm32cube.ide.mcu.externaltools.gnu-tools-for-stm32.7-2018-q2-update.win32_1.0.0.201904181610/tools/bin/../lib/gcc/arm-none-eabi/7.3.1/thumb/v7e-m/fpv4-sp/hard/crtbegin.o

.preinit_array  0x0000000008009ac0        0x0
                0x0000000008009ac0                . = ALIGN (0x4)
                0x0000000008009ac0                PROVIDE (__preinit_array_start = .)
 *(.preinit_array*)
                0x0000000008009ac0                PROVIDE (__preinit_array_end = .)
                0x0000000008009ac0                . = ALIGN (0x4)

.init_array     0x0000000008009ac0        0x4
                0x0000000008009ac0                . = ALIGN (0x4)
                0x0000000008009ac0                PROVIDE (__init_array_start = .)
 *(SORT_BY_NAME(.init_array.*))
 *(.init_array*)
 .init_array    0x0000000008009ac0        0x4 c:/st/stm32cubeide_1.1.0/stm32cubeide/plugins/com.st.stm32cube.ide.mcu.externaltools.gnu-tools-for-stm32.7-2018-q2-update.win32_1.0.0.201904181610/tools/bin/../lib/gcc/arm-none-eabi/7.3.1/thumb/v7e-m/fpv4-sp/hard/crtbegin.o
                0x0000000008009ac4                PROVIDE (__init_array_end = .)
                0x0000000008009ac4                . = ALIGN (0x4)

.fini_array     0x0000000008009ac4        0x4
                0x0000000008009ac4                . = ALIGN (0x4)
                [!provide]                        PROVIDE (__fini_array_start = .)
 *(SORT_BY_NAME(.fini_array.*))
 *(.fini_array*)
 .fini_array    0x0000000008009ac4        0x4 c:/st/stm32cubeide_1.1.0/stm32cubeide/plugins/com.st.stm32cube.ide.mcu.externaltools.gnu-tools-for-stm32.7-2018-q2-update.win32_1.0.0.201904181610/tools/bin/../lib/gcc/arm-none-eabi/7.3.1/thumb/v7e-m/fpv4-sp/hard/crtbegin.o
                [!provide]                        PROVIDE (__fini_array_end = .)
                0x0000000008009ac8                . = ALIGN (0x4)
                0x0000000008009ac8                _sidata = LOADADDR (.data)

.data           0x0000000020000000      0x1fc load address 0x0000000008009ac8
                0x0000000020000000                . = ALIGN (0x4)
                0x0000000020000000                _sdata = .
 *(.data)
 *(.data*)
 .data.mode_8_4_I2C
                0x0000000020000000        0x1 Core/Src/STM_MY_LCD16X2.o
 .data.FunctionSet
                0x0000000020000001        0x1 Core/Src/STM_MY_LCD16X2.o
 .data.Stat     0x0000000020000002        0x1 Core/Src/diskio.o
 *fill*         0x0000000020000003        0x5 
 .data.V        0x0000000020000008        0x8 Core/Src/main.o
                0x0000000020000008                V
 .data.selection
                0x0000000020000010        0x4 Core/Src/main.o
                0x0000000020000010                selection
 .data.last_selection
                0x0000000020000014        0x4 Core/Src/main.o
                0x0000000020000014                last_selection
 .data.file_name
                0x0000000020000018        0x4 Core/Src/main.o
                0x0000000020000018                file_name
 .data.CHUNK_SIZE
                0x000000002000001c        0x4 Core/Src/recorder.o
                0x000000002000001c                CHUNK_SIZE
 .data.SystemCoreClock
                0x0000000020000020        0x4 Core/Src/system_stm32f4xx.o
                0x0000000020000020                SystemCoreClock
 .data.uwTickPrio
                0x0000000020000024        0x4 Drivers/STM32F4xx_HAL_Driver/Src/stm32f4xx_hal.o
                0x0000000020000024                uwTickPrio
 .data.uwTickFreq
                0x0000000020000028        0x1 Drivers/STM32F4xx_HAL_Driver/Src/stm32f4xx_hal.o
                0x0000000020000028                uwTickFreq
 *fill*         0x0000000020000029        0x3 
 .data._impure_ptr
                0x000000002000002c        0x4 c:/st/stm32cubeide_1.1.0/stm32cubeide/plugins/com.st.stm32cube.ide.mcu.externaltools.gnu-tools-for-stm32.7-2018-q2-update.win32_1.0.0.201904181610/tools/bin/../lib/gcc/arm-none-eabi/7.3.1/../../../../arm-none-eabi/lib/thumb/v7e-m/fpv4-sp/hard\libc_nano.a(lib_a-impure.o)
                0x000000002000002c                _impure_ptr
 .data.impure_data
                0x0000000020000030       0x60 c:/st/stm32cubeide_1.1.0/stm32cubeide/plugins/com.st.stm32cube.ide.mcu.externaltools.gnu-tools-for-stm32.7-2018-q2-update.win32_1.0.0.201904181610/tools/bin/../lib/gcc/arm-none-eabi/7.3.1/../../../../arm-none-eabi/lib/thumb/v7e-m/fpv4-sp/hard\libc_nano.a(lib_a-impure.o)
 .data.__global_locale
                0x0000000020000090      0x16c c:/st/stm32cubeide_1.1.0/stm32cubeide/plugins/com.st.stm32cube.ide.mcu.externaltools.gnu-tools-for-stm32.7-2018-q2-update.win32_1.0.0.201904181610/tools/bin/../lib/gcc/arm-none-eabi/7.3.1/../../../../arm-none-eabi/lib/thumb/v7e-m/fpv4-sp/hard\libc_nano.a(lib_a-locale.o)
                0x0000000020000090                __global_locale
                0x00000000200001fc                . = ALIGN (0x4)
                0x00000000200001fc                _edata = .

.igot.plt       0x00000000200001fc        0x0 load address 0x0000000008009cc4
 .igot.plt      0x00000000200001fc        0x0 c:/st/stm32cubeide_1.1.0/stm32cubeide/plugins/com.st.stm32cube.ide.mcu.externaltools.gnu-tools-for-stm32.7-2018-q2-update.win32_1.0.0.201904181610/tools/bin/../lib/gcc/arm-none-eabi/7.3.1/thumb/v7e-m/fpv4-sp/hard/crtbegin.o
                0x00000000200001fc                . = ALIGN (0x4)

.bss            0x0000000020000200      0xc60 load address 0x0000000008009cc4
                0x0000000020000200                _sbss = .
                0x0000000020000200                __bss_start__ = _sbss
 *(.bss)
 .bss           0x0000000020000200       0x1c c:/st/stm32cubeide_1.1.0/stm32cubeide/plugins/com.st.stm32cube.ide.mcu.externaltools.gnu-tools-for-stm32.7-2018-q2-update.win32_1.0.0.201904181610/tools/bin/../lib/gcc/arm-none-eabi/7.3.1/thumb/v7e-m/fpv4-sp/hard/crtbegin.o
 *(.bss*)
 .bss.PORT_RS_and_E
                0x000000002000021c        0x4 Core/Src/STM_MY_LCD16X2.o
 .bss.PIN_RS    0x0000000020000220        0x2 Core/Src/STM_MY_LCD16X2.o
 .bss.PIN_E     0x0000000020000222        0x2 Core/Src/STM_MY_LCD16X2.o
 .bss.PORT_LSB  0x0000000020000224        0x4 Core/Src/STM_MY_LCD16X2.o
 .bss.D0_PIN    0x0000000020000228        0x2 Core/Src/STM_MY_LCD16X2.o
 .bss.D1_PIN    0x000000002000022a        0x2 Core/Src/STM_MY_LCD16X2.o
 .bss.D2_PIN    0x000000002000022c        0x2 Core/Src/STM_MY_LCD16X2.o
 .bss.D3_PIN    0x000000002000022e        0x2 Core/Src/STM_MY_LCD16X2.o
 .bss.PORT_MSB  0x0000000020000230        0x4 Core/Src/STM_MY_LCD16X2.o
 .bss.D4_PIN    0x0000000020000234        0x2 Core/Src/STM_MY_LCD16X2.o
 .bss.D5_PIN    0x0000000020000236        0x2 Core/Src/STM_MY_LCD16X2.o
 .bss.D6_PIN    0x0000000020000238        0x2 Core/Src/STM_MY_LCD16X2.o
 .bss.D7_PIN    0x000000002000023a        0x2 Core/Src/STM_MY_LCD16X2.o
 .bss.Timer1    0x000000002000023c        0x1 Core/Src/diskio.o
 .bss.Timer2    0x000000002000023d        0x1 Core/Src/diskio.o
 .bss.CardType  0x000000002000023e        0x1 Core/Src/diskio.o
 .bss.PowerFlag
                0x000000002000023f        0x1 Core/Src/diskio.o
 .bss.FatFs     0x0000000020000240        0x4 Core/Src/ff.o
 .bss.Fsid      0x0000000020000244        0x2 Core/Src/ff.o
 *fill*         0x0000000020000246        0x2 
 .bss.fno.7249  0x0000000020000248       0x18 Core/Src/file_manager.o
 .bss.fno.7260  0x0000000020000260       0x18 Core/Src/file_manager.o
 .bss.fno.7270  0x0000000020000278       0x18 Core/Src/file_manager.o
 .bss.sample    0x0000000020000290        0x4 Core/Src/main.o
                0x0000000020000290                sample
 *fill*         0x0000000020000294        0x4 
 .bss.volume    0x0000000020000298        0x8 Core/Src/main.o
                0x0000000020000298                volume
 .bss.diode_state
                0x00000000200002a0        0x1 Core/Src/main.o
                0x00000000200002a0                diode_state
 *fill*         0x00000000200002a1        0x3 
 .bss.playing   0x00000000200002a4        0x4 Core/Src/main.o
                0x00000000200002a4                playing
 .bss.file_size
                0x00000000200002a8        0x4 Core/Src/main.o
                0x00000000200002a8                file_size
 .bss.recording
                0x00000000200002ac        0x4 Core/Src/main.o
                0x00000000200002ac                recording
 .bss.save_error
                0x00000000200002b0        0x4 Core/Src/main.o
                0x00000000200002b0                save_error
 .bss.x         0x00000000200002b4        0x2 Core/Src/main.o
                0x00000000200002b4                x
 *fill*         0x00000000200002b6        0x2 
 .bss.FatFs     0x00000000200002b8      0x230 Core/Src/main.o
 .bss.file      0x00000000200004e8      0x228 Core/Src/main.o
 .bss.data_iterator
                0x0000000020000710        0x4 Core/Src/recorder.o
                0x0000000020000710                data_iterator
 .bss.heap_end.6424
                0x0000000020000714        0x4 Core/Src/sysmem.o
 .bss.__malloc_free_list
                0x0000000020000718        0x4 c:/st/stm32cubeide_1.1.0/stm32cubeide/plugins/com.st.stm32cube.ide.mcu.externaltools.gnu-tools-for-stm32.7-2018-q2-update.win32_1.0.0.201904181610/tools/bin/../lib/gcc/arm-none-eabi/7.3.1/../../../../arm-none-eabi/lib/thumb/v7e-m/fpv4-sp/hard\libc_nano.a(lib_a-nano-mallocr.o)
                0x0000000020000718                __malloc_free_list
 .bss.__malloc_sbrk_start
                0x000000002000071c        0x4 c:/st/stm32cubeide_1.1.0/stm32cubeide/plugins/com.st.stm32cube.ide.mcu.externaltools.gnu-tools-for-stm32.7-2018-q2-update.win32_1.0.0.201904181610/tools/bin/../lib/gcc/arm-none-eabi/7.3.1/../../../../arm-none-eabi/lib/thumb/v7e-m/fpv4-sp/hard\libc_nano.a(lib_a-nano-mallocr.o)
                0x000000002000071c                __malloc_sbrk_start
 *(COMMON)
 COMMON         0x0000000020000720        0x2 Core/Src/diskio.o
                0x0000000020000720                sdcard_timer
 *fill*         0x0000000020000722        0x2 
 COMMON         0x0000000020000724      0x50c Core/Src/main.o
                0x0000000020000724                htim4
                0x0000000020000764                hadc2
                0x00000000200007ac                htim5
                0x00000000200007ec                htim3
                0x000000002000082c                adc_value
                0x0000000020000830                hadc1
                0x0000000020000878                bytes_read
                0x000000002000087c                hdac
                0x0000000020000890                buffer
                0x0000000020000990                data_chunk
                0x0000000020000b90                fresult
                0x0000000020000b94                hspi1
                0x0000000020000bec                htim2
                0x0000000020000c2c                bytes_written
                0x0000000020000c2e                value
 COMMON         0x0000000020000c30      0x228 Core/Src/recorder.o
                0x0000000020000c30                file
 COMMON         0x0000000020000e58        0x4 Drivers/STM32F4xx_HAL_Driver/Src/stm32f4xx_hal.o
                0x0000000020000e58                uwTick
 COMMON         0x0000000020000e5c        0x4 c:/st/stm32cubeide_1.1.0/stm32cubeide/plugins/com.st.stm32cube.ide.mcu.externaltools.gnu-tools-for-stm32.7-2018-q2-update.win32_1.0.0.201904181610/tools/bin/../lib/gcc/arm-none-eabi/7.3.1/../../../../arm-none-eabi/lib/thumb/v7e-m/fpv4-sp/hard\libc_nano.a(lib_a-reent.o)
                0x0000000020000e5c                errno
                0x0000000020000e60                . = ALIGN (0x4)
                0x0000000020000e60                _ebss = .
                0x0000000020000e60                __bss_end__ = _ebss

._user_heap_stack
                0x0000000020000e60      0x600 load address 0x0000000008009cc4
                0x0000000020000e60                . = ALIGN (0x8)
                0x0000000020000e60                PROVIDE (end = .)
                [!provide]                        PROVIDE (_end = .)
                0x0000000020001060                . = (. + _Min_Heap_Size)
 *fill*         0x0000000020000e60      0x200 
                0x0000000020001460                . = (. + _Min_Stack_Size)
 *fill*         0x0000000020001060      0x400 
                0x0000000020001460                . = ALIGN (0x8)

/DISCARD/
 libc.a(*)
 libm.a(*)
 libgcc.a(*)

.ARM.attributes
                0x0000000000000000       0x30
 *(.ARM.attributes)
 .ARM.attributes
                0x0000000000000000       0x22 c:/st/stm32cubeide_1.1.0/stm32cubeide/plugins/com.st.stm32cube.ide.mcu.externaltools.gnu-tools-for-stm32.7-2018-q2-update.win32_1.0.0.201904181610/tools/bin/../lib/gcc/arm-none-eabi/7.3.1/thumb/v7e-m/fpv4-sp/hard/crti.o
 .ARM.attributes
                0x0000000000000022       0x34 c:/st/stm32cubeide_1.1.0/stm32cubeide/plugins/com.st.stm32cube.ide.mcu.externaltools.gnu-tools-for-stm32.7-2018-q2-update.win32_1.0.0.201904181610/tools/bin/../lib/gcc/arm-none-eabi/7.3.1/thumb/v7e-m/fpv4-sp/hard/crtbegin.o
 .ARM.attributes
                0x0000000000000056       0x39 Core/Src/STM_MY_LCD16X2.o
 .ARM.attributes
                0x000000000000008f       0x39 Core/Src/diskio.o
 .ARM.attributes
                0x00000000000000c8       0x39 Core/Src/ff.o
 .ARM.attributes
                0x0000000000000101       0x39 Core/Src/file_manager.o
 .ARM.attributes
                0x000000000000013a       0x39 Core/Src/main.o
 .ARM.attributes
                0x0000000000000173       0x39 Core/Src/recorder.o
 .ARM.attributes
                0x00000000000001ac       0x39 Core/Src/stm32f4xx_hal_msp.o
 .ARM.attributes
                0x00000000000001e5       0x39 Core/Src/stm32f4xx_it.o
 .ARM.attributes
                0x000000000000021e       0x39 Core/Src/sysmem.o
 .ARM.attributes
                0x0000000000000257       0x39 Core/Src/system_stm32f4xx.o
 .ARM.attributes
                0x0000000000000290       0x21 Core/Startup/startup_stm32f407vgtx.o
 .ARM.attributes
                0x00000000000002b1       0x39 Drivers/STM32F4xx_HAL_Driver/Src/stm32f4xx_hal.o
 .ARM.attributes
                0x00000000000002ea       0x39 Drivers/STM32F4xx_HAL_Driver/Src/stm32f4xx_hal_adc.o
 .ARM.attributes
                0x0000000000000323       0x39 Drivers/STM32F4xx_HAL_Driver/Src/stm32f4xx_hal_cortex.o
 .ARM.attributes
                0x000000000000035c       0x39 Drivers/STM32F4xx_HAL_Driver/Src/stm32f4xx_hal_dac.o
 .ARM.attributes
                0x0000000000000395       0x39 Drivers/STM32F4xx_HAL_Driver/Src/stm32f4xx_hal_gpio.o
 .ARM.attributes
                0x00000000000003ce       0x39 Drivers/STM32F4xx_HAL_Driver/Src/stm32f4xx_hal_rcc.o
 .ARM.attributes
                0x0000000000000407       0x39 Drivers/STM32F4xx_HAL_Driver/Src/stm32f4xx_hal_spi.o
 .ARM.attributes
                0x0000000000000440       0x39 Drivers/STM32F4xx_HAL_Driver/Src/stm32f4xx_hal_tim.o
 .ARM.attributes
                0x0000000000000479       0x39 Drivers/STM32F4xx_HAL_Driver/Src/stm32f4xx_hal_tim_ex.o
 .ARM.attributes
                0x00000000000004b2       0x34 c:/st/stm32cubeide_1.1.0/stm32cubeide/plugins/com.st.stm32cube.ide.mcu.externaltools.gnu-tools-for-stm32.7-2018-q2-update.win32_1.0.0.201904181610/tools/bin/../lib/gcc/arm-none-eabi/7.3.1/../../../../arm-none-eabi/lib/thumb/v7e-m/fpv4-sp/hard\libc_nano.a(lib_a-atoi.o)
 .ARM.attributes
                0x00000000000004e6       0x34 c:/st/stm32cubeide_1.1.0/stm32cubeide/plugins/com.st.stm32cube.ide.mcu.externaltools.gnu-tools-for-stm32.7-2018-q2-update.win32_1.0.0.201904181610/tools/bin/../lib/gcc/arm-none-eabi/7.3.1/../../../../arm-none-eabi/lib/thumb/v7e-m/fpv4-sp/hard\libc_nano.a(lib_a-errno.o)
 .ARM.attributes
                0x000000000000051a       0x34 c:/st/stm32cubeide_1.1.0/stm32cubeide/plugins/com.st.stm32cube.ide.mcu.externaltools.gnu-tools-for-stm32.7-2018-q2-update.win32_1.0.0.201904181610/tools/bin/../lib/gcc/arm-none-eabi/7.3.1/../../../../arm-none-eabi/lib/thumb/v7e-m/fpv4-sp/hard\libc_nano.a(lib_a-impure.o)
 .ARM.attributes
                0x000000000000054e       0x34 c:/st/stm32cubeide_1.1.0/stm32cubeide/plugins/com.st.stm32cube.ide.mcu.externaltools.gnu-tools-for-stm32.7-2018-q2-update.win32_1.0.0.201904181610/tools/bin/../lib/gcc/arm-none-eabi/7.3.1/../../../../arm-none-eabi/lib/thumb/v7e-m/fpv4-sp/hard\libc_nano.a(lib_a-init.o)
 .ARM.attributes
                0x0000000000000582       0x34 c:/st/stm32cubeide_1.1.0/stm32cubeide/plugins/com.st.stm32cube.ide.mcu.externaltools.gnu-tools-for-stm32.7-2018-q2-update.win32_1.0.0.201904181610/tools/bin/../lib/gcc/arm-none-eabi/7.3.1/../../../../arm-none-eabi/lib/thumb/v7e-m/fpv4-sp/hard\libc_nano.a(lib_a-malloc.o)
 .ARM.attributes
                0x00000000000005b6       0x34 c:/st/stm32cubeide_1.1.0/stm32cubeide/plugins/com.st.stm32cube.ide.mcu.externaltools.gnu-tools-for-stm32.7-2018-q2-update.win32_1.0.0.201904181610/tools/bin/../lib/gcc/arm-none-eabi/7.3.1/../../../../arm-none-eabi/lib/thumb/v7e-m/fpv4-sp/hard\libc_nano.a(lib_a-memset.o)
 .ARM.attributes
                0x00000000000005ea       0x34 c:/st/stm32cubeide_1.1.0/stm32cubeide/plugins/com.st.stm32cube.ide.mcu.externaltools.gnu-tools-for-stm32.7-2018-q2-update.win32_1.0.0.201904181610/tools/bin/../lib/gcc/arm-none-eabi/7.3.1/../../../../arm-none-eabi/lib/thumb/v7e-m/fpv4-sp/hard\libc_nano.a(lib_a-nano-freer.o)
 .ARM.attributes
                0x000000000000061e       0x34 c:/st/stm32cubeide_1.1.0/stm32cubeide/plugins/com.st.stm32cube.ide.mcu.externaltools.gnu-tools-for-stm32.7-2018-q2-update.win32_1.0.0.201904181610/tools/bin/../lib/gcc/arm-none-eabi/7.3.1/../../../../arm-none-eabi/lib/thumb/v7e-m/fpv4-sp/hard\libc_nano.a(lib_a-nano-mallocr.o)
 .ARM.attributes
                0x0000000000000652       0x34 c:/st/stm32cubeide_1.1.0/stm32cubeide/plugins/com.st.stm32cube.ide.mcu.externaltools.gnu-tools-for-stm32.7-2018-q2-update.win32_1.0.0.201904181610/tools/bin/../lib/gcc/arm-none-eabi/7.3.1/../../../../arm-none-eabi/lib/thumb/v7e-m/fpv4-sp/hard\libc_nano.a(lib_a-sbrkr.o)
 .ARM.attributes
                0x0000000000000686       0x34 c:/st/stm32cubeide_1.1.0/stm32cubeide/plugins/com.st.stm32cube.ide.mcu.externaltools.gnu-tools-for-stm32.7-2018-q2-update.win32_1.0.0.201904181610/tools/bin/../lib/gcc/arm-none-eabi/7.3.1/../../../../arm-none-eabi/lib/thumb/v7e-m/fpv4-sp/hard\libc_nano.a(lib_a-sprintf.o)
 .ARM.attributes
                0x00000000000006ba       0x20 c:/st/stm32cubeide_1.1.0/stm32cubeide/plugins/com.st.stm32cube.ide.mcu.externaltools.gnu-tools-for-stm32.7-2018-q2-update.win32_1.0.0.201904181610/tools/bin/../lib/gcc/arm-none-eabi/7.3.1/../../../../arm-none-eabi/lib/thumb/v7e-m/fpv4-sp/hard\libc_nano.a(lib_a-strcmp.o)
 .ARM.attributes
                0x00000000000006da       0x34 c:/st/stm32cubeide_1.1.0/stm32cubeide/plugins/com.st.stm32cube.ide.mcu.externaltools.gnu-tools-for-stm32.7-2018-q2-update.win32_1.0.0.201904181610/tools/bin/../lib/gcc/arm-none-eabi/7.3.1/../../../../arm-none-eabi/lib/thumb/v7e-m/fpv4-sp/hard\libc_nano.a(lib_a-strcpy.o)
 .ARM.attributes
                0x000000000000070e       0x1b c:/st/stm32cubeide_1.1.0/stm32cubeide/plugins/com.st.stm32cube.ide.mcu.externaltools.gnu-tools-for-stm32.7-2018-q2-update.win32_1.0.0.201904181610/tools/bin/../lib/gcc/arm-none-eabi/7.3.1/../../../../arm-none-eabi/lib/thumb/v7e-m/fpv4-sp/hard\libc_nano.a(lib_a-strlen.o)
 .ARM.attributes
                0x0000000000000729       0x34 c:/st/stm32cubeide_1.1.0/stm32cubeide/plugins/com.st.stm32cube.ide.mcu.externaltools.gnu-tools-for-stm32.7-2018-q2-update.win32_1.0.0.201904181610/tools/bin/../lib/gcc/arm-none-eabi/7.3.1/../../../../arm-none-eabi/lib/thumb/v7e-m/fpv4-sp/hard\libc_nano.a(lib_a-strtol.o)
 .ARM.attributes
                0x000000000000075d       0x34 c:/st/stm32cubeide_1.1.0/stm32cubeide/plugins/com.st.stm32cube.ide.mcu.externaltools.gnu-tools-for-stm32.7-2018-q2-update.win32_1.0.0.201904181610/tools/bin/../lib/gcc/arm-none-eabi/7.3.1/../../../../arm-none-eabi/lib/thumb/v7e-m/fpv4-sp/hard\libc_nano.a(lib_a-locale.o)
 .ARM.attributes
                0x0000000000000791       0x34 c:/st/stm32cubeide_1.1.0/stm32cubeide/plugins/com.st.stm32cube.ide.mcu.externaltools.gnu-tools-for-stm32.7-2018-q2-update.win32_1.0.0.201904181610/tools/bin/../lib/gcc/arm-none-eabi/7.3.1/../../../../arm-none-eabi/lib/thumb/v7e-m/fpv4-sp/hard\libc_nano.a(lib_a-mbtowc_r.o)
 .ARM.attributes
                0x00000000000007c5       0x34 c:/st/stm32cubeide_1.1.0/stm32cubeide/plugins/com.st.stm32cube.ide.mcu.externaltools.gnu-tools-for-stm32.7-2018-q2-update.win32_1.0.0.201904181610/tools/bin/../lib/gcc/arm-none-eabi/7.3.1/../../../../arm-none-eabi/lib/thumb/v7e-m/fpv4-sp/hard\libc_nano.a(lib_a-mlock.o)
 .ARM.attributes
                0x00000000000007f9       0x34 c:/st/stm32cubeide_1.1.0/stm32cubeide/plugins/com.st.stm32cube.ide.mcu.externaltools.gnu-tools-for-stm32.7-2018-q2-update.win32_1.0.0.201904181610/tools/bin/../lib/gcc/arm-none-eabi/7.3.1/../../../../arm-none-eabi/lib/thumb/v7e-m/fpv4-sp/hard\libc_nano.a(lib_a-nano-svfprintf.o)
 .ARM.attributes
                0x000000000000082d       0x34 c:/st/stm32cubeide_1.1.0/stm32cubeide/plugins/com.st.stm32cube.ide.mcu.externaltools.gnu-tools-for-stm32.7-2018-q2-update.win32_1.0.0.201904181610/tools/bin/../lib/gcc/arm-none-eabi/7.3.1/../../../../arm-none-eabi/lib/thumb/v7e-m/fpv4-sp/hard\libc_nano.a(lib_a-nano-vfprintf_i.o)
 .ARM.attributes
                0x0000000000000861       0x34 c:/st/stm32cubeide_1.1.0/stm32cubeide/plugins/com.st.stm32cube.ide.mcu.externaltools.gnu-tools-for-stm32.7-2018-q2-update.win32_1.0.0.201904181610/tools/bin/../lib/gcc/arm-none-eabi/7.3.1/../../../../arm-none-eabi/lib/thumb/v7e-m/fpv4-sp/hard\libc_nano.a(lib_a-reent.o)
 .ARM.attributes
                0x0000000000000895       0x34 c:/st/stm32cubeide_1.1.0/stm32cubeide/plugins/com.st.stm32cube.ide.mcu.externaltools.gnu-tools-for-stm32.7-2018-q2-update.win32_1.0.0.201904181610/tools/bin/../lib/gcc/arm-none-eabi/7.3.1/../../../../arm-none-eabi/lib/thumb/v7e-m/fpv4-sp/hard\libc_nano.a(lib_a-wctomb_r.o)
 .ARM.attributes
                0x00000000000008c9       0x34 c:/st/stm32cubeide_1.1.0/stm32cubeide/plugins/com.st.stm32cube.ide.mcu.externaltools.gnu-tools-for-stm32.7-2018-q2-update.win32_1.0.0.201904181610/tools/bin/../lib/gcc/arm-none-eabi/7.3.1/../../../../arm-none-eabi/lib/thumb/v7e-m/fpv4-sp/hard\libc_nano.a(lib_a-ctype_.o)
 .ARM.attributes
                0x00000000000008fd       0x20 c:/st/stm32cubeide_1.1.0/stm32cubeide/plugins/com.st.stm32cube.ide.mcu.externaltools.gnu-tools-for-stm32.7-2018-q2-update.win32_1.0.0.201904181610/tools/bin/../lib/gcc/arm-none-eabi/7.3.1/../../../../arm-none-eabi/lib/thumb/v7e-m/fpv4-sp/hard\libc_nano.a(lib_a-memchr.o)
 .ARM.attributes
                0x000000000000091d       0x34 c:/st/stm32cubeide_1.1.0/stm32cubeide/plugins/com.st.stm32cube.ide.mcu.externaltools.gnu-tools-for-stm32.7-2018-q2-update.win32_1.0.0.201904181610/tools/bin/../lib/gcc/arm-none-eabi/7.3.1/../../../../arm-none-eabi/lib/thumb/v7e-m/fpv4-sp/hard\libc_nano.a(lib_a-memcpy-stub.o)
 .ARM.attributes
                0x0000000000000951       0x34 c:/st/stm32cubeide_1.1.0/stm32cubeide/plugins/com.st.stm32cube.ide.mcu.externaltools.gnu-tools-for-stm32.7-2018-q2-update.win32_1.0.0.201904181610/tools/bin/../lib/gcc/arm-none-eabi/7.3.1/../../../../arm-none-eabi/lib/thumb/v7e-m/fpv4-sp/hard\libc_nano.a(lib_a-memmove.o)
 .ARM.attributes
                0x0000000000000985       0x34 c:/st/stm32cubeide_1.1.0/stm32cubeide/plugins/com.st.stm32cube.ide.mcu.externaltools.gnu-tools-for-stm32.7-2018-q2-update.win32_1.0.0.201904181610/tools/bin/../lib/gcc/arm-none-eabi/7.3.1/../../../../arm-none-eabi/lib/thumb/v7e-m/fpv4-sp/hard\libc_nano.a(lib_a-nano-reallocr.o)
 .ARM.attributes
                0x00000000000009b9       0x34 c:/st/stm32cubeide_1.1.0/stm32cubeide/plugins/com.st.stm32cube.ide.mcu.externaltools.gnu-tools-for-stm32.7-2018-q2-update.win32_1.0.0.201904181610/tools/bin/../lib/gcc/arm-none-eabi/7.3.1/../../../../arm-none-eabi/lib/thumb/v7e-m/fpv4-sp/hard\libc_nano.a(lib_a-nano-msizer.o)
 .ARM.attributes
                0x00000000000009ed       0x22 c:/st/stm32cubeide_1.1.0/stm32cubeide/plugins/com.st.stm32cube.ide.mcu.externaltools.gnu-tools-for-stm32.7-2018-q2-update.win32_1.0.0.201904181610/tools/bin/../lib/gcc/arm-none-eabi/7.3.1/thumb/v7e-m/fpv4-sp/hard\libgcc.a(_arm_addsubdf3.o)
 .ARM.attributes
                0x0000000000000a0f       0x22 c:/st/stm32cubeide_1.1.0/stm32cubeide/plugins/com.st.stm32cube.ide.mcu.externaltools.gnu-tools-for-stm32.7-2018-q2-update.win32_1.0.0.201904181610/tools/bin/../lib/gcc/arm-none-eabi/7.3.1/thumb/v7e-m/fpv4-sp/hard\libgcc.a(_arm_muldivdf3.o)
 .ARM.attributes
                0x0000000000000a31       0x22 c:/st/stm32cubeide_1.1.0/stm32cubeide/plugins/com.st.stm32cube.ide.mcu.externaltools.gnu-tools-for-stm32.7-2018-q2-update.win32_1.0.0.201904181610/tools/bin/../lib/gcc/arm-none-eabi/7.3.1/thumb/v7e-m/fpv4-sp/hard\libgcc.a(_arm_fixunsdfsi.o)
 .ARM.attributes
                0x0000000000000a53       0x22 c:/st/stm32cubeide_1.1.0/stm32cubeide/plugins/com.st.stm32cube.ide.mcu.externaltools.gnu-tools-for-stm32.7-2018-q2-update.win32_1.0.0.201904181610/tools/bin/../lib/gcc/arm-none-eabi/7.3.1/thumb/v7e-m/fpv4-sp/hard\libgcc.a(_aeabi_uldivmod.o)
 .ARM.attributes
                0x0000000000000a75       0x34 c:/st/stm32cubeide_1.1.0/stm32cubeide/plugins/com.st.stm32cube.ide.mcu.externaltools.gnu-tools-for-stm32.7-2018-q2-update.win32_1.0.0.201904181610/tools/bin/../lib/gcc/arm-none-eabi/7.3.1/thumb/v7e-m/fpv4-sp/hard\libgcc.a(_udivmoddi4.o)
 .ARM.attributes
                0x0000000000000aa9       0x22 c:/st/stm32cubeide_1.1.0/stm32cubeide/plugins/com.st.stm32cube.ide.mcu.externaltools.gnu-tools-for-stm32.7-2018-q2-update.win32_1.0.0.201904181610/tools/bin/../lib/gcc/arm-none-eabi/7.3.1/thumb/v7e-m/fpv4-sp/hard\libgcc.a(_dvmd_tls.o)
 .ARM.attributes
                0x0000000000000acb       0x22 c:/st/stm32cubeide_1.1.0/stm32cubeide/plugins/com.st.stm32cube.ide.mcu.externaltools.gnu-tools-for-stm32.7-2018-q2-update.win32_1.0.0.201904181610/tools/bin/../lib/gcc/arm-none-eabi/7.3.1/thumb/v7e-m/fpv4-sp/hard/crtn.o
OUTPUT(ptm_dyktafon.elf elf32-littlearm)

.debug_info     0x0000000000000000    0x12dbc
 .debug_info    0x0000000000000000     0x1369 Core/Src/STM_MY_LCD16X2.o
 .debug_info    0x0000000000001369      0xb9a Core/Src/diskio.o
 .debug_info    0x0000000000001f03     0x1983 Core/Src/ff.o
 .debug_info    0x0000000000003886      0xd07 Core/Src/file_manager.o
 .debug_info    0x000000000000458d     0x23cf Core/Src/main.o
 .debug_info    0x000000000000695c      0xe0e Core/Src/recorder.o
 .debug_info    0x000000000000776a     0x14f2 Core/Src/stm32f4xx_hal_msp.o
 .debug_info    0x0000000000008c5c      0x746 Core/Src/stm32f4xx_it.o
 .debug_info    0x00000000000093a2      0x91c Core/Src/sysmem.o
 .debug_info    0x0000000000009cbe      0x554 Core/Src/system_stm32f4xx.o
 .debug_info    0x000000000000a212       0x22 Core/Startup/startup_stm32f407vgtx.o
 .debug_info    0x000000000000a234      0x945 Drivers/STM32F4xx_HAL_Driver/Src/stm32f4xx_hal.o
 .debug_info    0x000000000000ab79      0xcee Drivers/STM32F4xx_HAL_Driver/Src/stm32f4xx_hal_adc.o
 .debug_info    0x000000000000b867      0xe28 Drivers/STM32F4xx_HAL_Driver/Src/stm32f4xx_hal_cortex.o
 .debug_info    0x000000000000c68f      0xa3a Drivers/STM32F4xx_HAL_Driver/Src/stm32f4xx_hal_dac.o
 .debug_info    0x000000000000d0c9      0x7b5 Drivers/STM32F4xx_HAL_Driver/Src/stm32f4xx_hal_gpio.o
 .debug_info    0x000000000000d87e      0x904 Drivers/STM32F4xx_HAL_Driver/Src/stm32f4xx_hal_rcc.o
 .debug_info    0x000000000000e182     0x163a Drivers/STM32F4xx_HAL_Driver/Src/stm32f4xx_hal_spi.o
 .debug_info    0x000000000000f7bc     0x24a9 Drivers/STM32F4xx_HAL_Driver/Src/stm32f4xx_hal_tim.o
 .debug_info    0x0000000000011c65     0x1157 Drivers/STM32F4xx_HAL_Driver/Src/stm32f4xx_hal_tim_ex.o

.debug_abbrev   0x0000000000000000     0x2831
 .debug_abbrev  0x0000000000000000      0x2b5 Core/Src/STM_MY_LCD16X2.o
 .debug_abbrev  0x00000000000002b5      0x295 Core/Src/diskio.o
 .debug_abbrev  0x000000000000054a      0x1b1 Core/Src/ff.o
 .debug_abbrev  0x00000000000006fb      0x1fa Core/Src/file_manager.o
 .debug_abbrev  0x00000000000008f5      0x3ab Core/Src/main.o
 .debug_abbrev  0x0000000000000ca0      0x21b Core/Src/recorder.o
 .debug_abbrev  0x0000000000000ebb      0x1de Core/Src/stm32f4xx_hal_msp.o
 .debug_abbrev  0x0000000000001099      0x15a Core/Src/stm32f4xx_it.o
 .debug_abbrev  0x00000000000011f3      0x1bb Core/Src/sysmem.o
 .debug_abbrev  0x00000000000013ae      0x12b Core/Src/system_stm32f4xx.o
 .debug_abbrev  0x00000000000014d9       0x12 Core/Startup/startup_stm32f407vgtx.o
 .debug_abbrev  0x00000000000014eb      0x1c7 Drivers/STM32F4xx_HAL_Driver/Src/stm32f4xx_hal.o
 .debug_abbrev  0x00000000000016b2      0x205 Drivers/STM32F4xx_HAL_Driver/Src/stm32f4xx_hal_adc.o
 .debug_abbrev  0x00000000000018b7      0x2fa Drivers/STM32F4xx_HAL_Driver/Src/stm32f4xx_hal_cortex.o
 .debug_abbrev  0x0000000000001bb1      0x1e4 Drivers/STM32F4xx_HAL_Driver/Src/stm32f4xx_hal_dac.o
 .debug_abbrev  0x0000000000001d95      0x1c9 Drivers/STM32F4xx_HAL_Driver/Src/stm32f4xx_hal_gpio.o
 .debug_abbrev  0x0000000000001f5e      0x245 Drivers/STM32F4xx_HAL_Driver/Src/stm32f4xx_hal_rcc.o
 .debug_abbrev  0x00000000000021a3      0x240 Drivers/STM32F4xx_HAL_Driver/Src/stm32f4xx_hal_spi.o
 .debug_abbrev  0x00000000000023e3      0x230 Drivers/STM32F4xx_HAL_Driver/Src/stm32f4xx_hal_tim.o
 .debug_abbrev  0x0000000000002613      0x21e Drivers/STM32F4xx_HAL_Driver/Src/stm32f4xx_hal_tim_ex.o

.debug_aranges  0x0000000000000000     0x1158
 .debug_aranges
                0x0000000000000000       0xe8 Core/Src/STM_MY_LCD16X2.o
 .debug_aranges
                0x00000000000000e8       0xb8 Core/Src/diskio.o
 .debug_aranges
                0x00000000000001a0      0x1b0 Core/Src/ff.o
 .debug_aranges
                0x0000000000000350       0x30 Core/Src/file_manager.o
 .debug_aranges
                0x0000000000000380       0xe0 Core/Src/main.o
 .debug_aranges
                0x0000000000000460       0x38 Core/Src/recorder.o
 .debug_aranges
                0x0000000000000498       0x78 Core/Src/stm32f4xx_hal_msp.o
 .debug_aranges
                0x0000000000000510       0x80 Core/Src/stm32f4xx_it.o
 .debug_aranges
                0x0000000000000590       0x20 Core/Src/sysmem.o
 .debug_aranges
                0x00000000000005b0       0x28 Core/Src/system_stm32f4xx.o
 .debug_aranges
                0x00000000000005d8       0x28 Core/Startup/startup_stm32f407vgtx.o
 .debug_aranges
                0x0000000000000600       0xf0 Drivers/STM32F4xx_HAL_Driver/Src/stm32f4xx_hal.o
 .debug_aranges
                0x00000000000006f0       0xe8 Drivers/STM32F4xx_HAL_Driver/Src/stm32f4xx_hal_adc.o
 .debug_aranges
                0x00000000000007d8      0x118 Drivers/STM32F4xx_HAL_Driver/Src/stm32f4xx_hal_cortex.o
 .debug_aranges
                0x00000000000008f0       0xc0 Drivers/STM32F4xx_HAL_Driver/Src/stm32f4xx_hal_dac.o
 .debug_aranges
                0x00000000000009b0       0x58 Drivers/STM32F4xx_HAL_Driver/Src/stm32f4xx_hal_gpio.o
 .debug_aranges
                0x0000000000000a08       0x88 Drivers/STM32F4xx_HAL_Driver/Src/stm32f4xx_hal_rcc.o
 .debug_aranges
                0x0000000000000a90      0x1d0 Drivers/STM32F4xx_HAL_Driver/Src/stm32f4xx_hal_spi.o
 .debug_aranges
                0x0000000000000c60      0x3a8 Drivers/STM32F4xx_HAL_Driver/Src/stm32f4xx_hal_tim.o
 .debug_aranges
                0x0000000000001008      0x150 Drivers/STM32F4xx_HAL_Driver/Src/stm32f4xx_hal_tim_ex.o

.debug_ranges   0x0000000000000000     0x1038
 .debug_ranges  0x0000000000000000       0xd8 Core/Src/STM_MY_LCD16X2.o
 .debug_ranges  0x00000000000000d8       0xa8 Core/Src/diskio.o
 .debug_ranges  0x0000000000000180      0x1a0 Core/Src/ff.o
 .debug_ranges  0x0000000000000320       0x20 Core/Src/file_manager.o
 .debug_ranges  0x0000000000000340       0xe8 Core/Src/main.o
 .debug_ranges  0x0000000000000428       0x28 Core/Src/recorder.o
 .debug_ranges  0x0000000000000450       0x68 Core/Src/stm32f4xx_hal_msp.o
 .debug_ranges  0x00000000000004b8       0x70 Core/Src/stm32f4xx_it.o
 .debug_ranges  0x0000000000000528       0x10 Core/Src/sysmem.o
 .debug_ranges  0x0000000000000538       0x18 Core/Src/system_stm32f4xx.o
 .debug_ranges  0x0000000000000550       0x20 Core/Startup/startup_stm32f407vgtx.o
 .debug_ranges  0x0000000000000570       0xe0 Drivers/STM32F4xx_HAL_Driver/Src/stm32f4xx_hal.o
 .debug_ranges  0x0000000000000650       0xd8 Drivers/STM32F4xx_HAL_Driver/Src/stm32f4xx_hal_adc.o
 .debug_ranges  0x0000000000000728      0x108 Drivers/STM32F4xx_HAL_Driver/Src/stm32f4xx_hal_cortex.o
 .debug_ranges  0x0000000000000830       0xb0 Drivers/STM32F4xx_HAL_Driver/Src/stm32f4xx_hal_dac.o
 .debug_ranges  0x00000000000008e0       0x48 Drivers/STM32F4xx_HAL_Driver/Src/stm32f4xx_hal_gpio.o
 .debug_ranges  0x0000000000000928       0x78 Drivers/STM32F4xx_HAL_Driver/Src/stm32f4xx_hal_rcc.o
 .debug_ranges  0x00000000000009a0      0x1c0 Drivers/STM32F4xx_HAL_Driver/Src/stm32f4xx_hal_spi.o
 .debug_ranges  0x0000000000000b60      0x398 Drivers/STM32F4xx_HAL_Driver/Src/stm32f4xx_hal_tim.o
 .debug_ranges  0x0000000000000ef8      0x140 Drivers/STM32F4xx_HAL_Driver/Src/stm32f4xx_hal_tim_ex.o

.debug_macro    0x0000000000000000    0x23916
 .debug_macro   0x0000000000000000      0x2d1 Core/Src/STM_MY_LCD16X2.o
 .debug_macro   0x00000000000002d1      0xa5a Core/Src/STM_MY_LCD16X2.o
 .debug_macro   0x0000000000000d2b       0x22 Core/Src/STM_MY_LCD16X2.o
 .debug_macro   0x0000000000000d4d      0x196 Core/Src/STM_MY_LCD16X2.o
 .debug_macro   0x0000000000000ee3       0x2e Core/Src/STM_MY_LCD16X2.o
 .debug_macro   0x0000000000000f11       0x2f Core/Src/STM_MY_LCD16X2.o
 .debug_macro   0x0000000000000f40       0x22 Core/Src/STM_MY_LCD16X2.o
 .debug_macro   0x0000000000000f62       0x8e Core/Src/STM_MY_LCD16X2.o
 .debug_macro   0x0000000000000ff0       0x51 Core/Src/STM_MY_LCD16X2.o
 .debug_macro   0x0000000000001041       0xef Core/Src/STM_MY_LCD16X2.o
 .debug_macro   0x0000000000001130       0x6a Core/Src/STM_MY_LCD16X2.o
 .debug_macro   0x000000000000119a      0x1df Core/Src/STM_MY_LCD16X2.o
 .debug_macro   0x0000000000001379       0x1c Core/Src/STM_MY_LCD16X2.o
 .debug_macro   0x0000000000001395       0x22 Core/Src/STM_MY_LCD16X2.o
 .debug_macro   0x00000000000013b7       0xdf Core/Src/STM_MY_LCD16X2.o
 .debug_macro   0x0000000000001496     0x102d Core/Src/STM_MY_LCD16X2.o
 .debug_macro   0x00000000000024c3      0x11f Core/Src/STM_MY_LCD16X2.o
 .debug_macro   0x00000000000025e2    0x15e3c Core/Src/STM_MY_LCD16X2.o
 .debug_macro   0x000000000001841e       0x43 Core/Src/STM_MY_LCD16X2.o
 .debug_macro   0x0000000000018461     0x3659 Core/Src/STM_MY_LCD16X2.o
 .debug_macro   0x000000000001baba      0x174 Core/Src/STM_MY_LCD16X2.o
 .debug_macro   0x000000000001bc2e       0x5a Core/Src/STM_MY_LCD16X2.o
 .debug_macro   0x000000000001bc88      0x96b Core/Src/STM_MY_LCD16X2.o
 .debug_macro   0x000000000001c5f3      0x9fe Core/Src/STM_MY_LCD16X2.o
 .debug_macro   0x000000000001cff1      0x174 Core/Src/STM_MY_LCD16X2.o
 .debug_macro   0x000000000001d165      0x117 Core/Src/STM_MY_LCD16X2.o